[rl_monet_v1] 从参赛包 rl_VG_v0.2 起步:D:\WorkFile\Sentry_Dual\rl_monet_v1\rl_VG_v0.2
[rl_monet_v1] run=vg10 输出=runs\vg10
  网络 428->512x3->8  联盟 ['official_baseline', 'official_hunter', 'official_stalker', 'official_patrol', 'rl_v5', 'rl_VG_v0.2']  目标步数 200000
  采样占比 official_baseline=9.4% official_hunter=9.4% official_stalker=9.4% official_patrol=9.4% rl_v5=31.2% rl_VG_v0.2=31.2%
      · 采样  1024/4096  517 步/秒  已完局 19  回报 +7.53
      · 采样  2048/4096  675 步/秒  已完局 38  回报 +7.42
      · 采样  3072/4096  602 步/秒  已完局 58  回报 +7.86
  upd    1 step    4096  回报 +8.63  胜率 0.58  π损失 -0.0041  V损失 2.2646  熵 0.539  KL +0.02170  规则 9.6%  366 步/秒
      · 采样  1024/4096  574 步/秒  已完局 20  回报 +7.60
      · 采样  2048/4096  605 步/秒  已完局 40  回报 +8.85
      · 采样  3072/4096  606 步/秒  已完局 59  回报 +9.34
  upd    2 step    8192  回报 +8.75  胜率 0.51  π损失 -0.0050  V损失 2.3025  熵 0.535  KL +0.02738  规则 9.7%  360 步/秒
      · 采样  1024/4096  569 步/秒  已完局 20  回报 +12.55
      · 采样  2048/4096  598 步/秒  已完局 40  回报 +11.43
      · 采样  3072/4096  552 步/秒  已完局 60  回报 +9.70
  upd    3 step   12288  回报 +9.85  胜率 0.66  π损失 -0.0013  V损失 2.2926  熵 0.509  KL +0.02537  规则 9.5%  358 步/秒
      · 采样  1024/4096  577 步/秒  已完局 19  回报 +10.05
      · 采样  2048/4096  587 步/秒  已完局 39  回报 +10.41
      · 采样  3072/4096  496 步/秒  已完局 58  回报 +10.12
  upd    4 step   16384  回报 +9.99  胜率 0.59  π损失 -0.0044  V损失 2.5365  熵 0.496  KL +0.02037  规则 9.7%  353 步/秒
      · 采样  1024/4096  533 步/秒  已完局 20  回报 +8.95
      · 采样  2048/4096  525 步/秒  已完局 39  回报 +9.77
      · 采样  3072/4096  499 步/秒  已完局 59  回报 +9.41
  upd    5 step   20480  回报 +9.42  胜率 0.62  π损失 -0.0053  V损失 2.3121  熵 0.480  KL +0.01677  规则 9.8%  347 步/秒
      · 采样  1024/4096  538 步/秒  已完局 20  回报 +8.10
      · 采样  2048/4096  505 步/秒  已完局 40  回报 +8.85
      · 采样  3072/4096  555 步/秒  已完局 60  回报 +9.20
  upd    6 step   24576  回报 +9.49  胜率 0.59  π损失 -0.0042  V损失 2.8631  熵 0.500  KL +0.02661  规则 10.2%  346 步/秒
      · 采样  1024/4096  513 步/秒  已完局 20  回报 +9.95
      · 采样  2048/4096  572 步/秒  已完局 40  回报 +11.03
      · 采样  3072/4096  576 步/秒  已完局 60  回报 +10.38
  upd    7 step   28672  回报 +10.75  胜率 0.70  π损失 -0.0047  V损失 3.2513  熵 0.475  KL +0.01827  规则 10.0%  346 步/秒
      · 采样  1024/4096  549 步/秒  已完局 19  回报 +8.84
      · 采样  2048/4096  663 步/秒  已完局 40  回报 +9.82
      · 采样  3072/4096  587 步/秒  已完局 60  回报 +9.47
  upd    8 step   32768  回报 +9.72  胜率 0.61  π损失 -0.0043  V损失 3.2952  熵 0.487  KL +0.01746  规则 9.5%  349 步/秒
  ── 评测(update 8)──
     official_baseline 得分率 1.000  (60胜/0平/0负)  净胜分 +11.37  回报 +18.57
     official_hunter 得分率 0.933  (56胜/0平/4负)  净胜分 +5.07  回报 +13.52
     official_stalker 得分率 1.000  (60胜/0平/0负)  净胜分 +18.40  回报 +19.40
     official_patrol 得分率 0.983  (59胜/0平/1负)  净胜分 +15.30  回报 +16.27
     rl_v5      得分率 0.283  (17胜/0平/43负)  净胜分 -2.00  回报 +4.43
     m3_v1      得分率 0.467  (28胜/0平/32负)  净胜分 -0.10  回报 +8.70
     m3_v2      得分率 0.800  (48胜/0平/12负)  净胜分 +4.15  回报 +12.33
     rl_VG_v0.2 得分率 0.667  (40胜/0平/20负)  净胜分 +2.05  回报 +9.90
     快照闸门关(还没评测过,需 >0.50)
     ★ 新最优(综合得分率 0.7667)→ best.npz
      · 采样  1024/4096  622 步/秒  已完局 20  回报 +10.05
      · 采样  2048/4096  558 步/秒  已完局 40  回报 +9.95
      · 采样  3072/4096  573 步/秒  已完局 60  回报 +10.03
  upd    9 step   36864  回报 +10.17  胜率 0.64  π损失 -0.0041  V损失 3.2353  熵 0.464  KL +0.01212  规则 10.3%  255 步/秒
      · 采样  1024/4096  593 步/秒  已完局 21  回报 +12.10
      · 采样  2048/4096  605 步/秒  已完局 40  回报 +10.85
      · 采样  3072/4096  598 步/秒  已完局 60  回报 +10.87
  upd   10 step   40960  回报 +10.59  胜率 0.68  π损失 -0.0042  V损失 2.7726  熵 0.433  KL +0.01523  规则 9.8%  264 步/秒
    -> 加入快照对手,联盟 = ['official_baseline', 'official_hunter', 'official_stalker', 'official_patrol', 'rl_v5', 'rl_VG_v0.2', 'snap0']
       采样占比 official_baseline=7.1% official_hunter=7.1% official_stalker=7.1% official_patrol=7.1% rl_v5=23.8% rl_VG_v0.2=23.8% snap0=23.8%
      · 采样  1024/4096  577 步/秒  已完局 20  回报 +9.00
      · 采样  2048/4096  597 步/秒  已完局 40  回报 +10.07
      · 采样  3072/4096  545 步/秒  已完局 60  回报 +10.18
  upd   11 step   45056  回报 +10.15  胜率 0.60  π损失 -0.0001  V损失 2.6504  熵 0.435  KL +0.01867  规则 9.9%  271 步/秒
      · 采样  1024/4096  597 步/秒  已完局 20  回报 +10.85
      · 采样  2048/4096  546 步/秒  已完局 40  回报 +8.95
      · 采样  3072/4096  521 步/秒  已完局 59  回报 +8.32
  upd   12 step   49152  回报 +9.05  胜率 0.62  π损失 +0.0001  V损失 2.4966  熵 0.406  KL +0.01894  规则 9.3%  276 步/秒
      · 采样  1024/4096  587 步/秒  已完局 20  回报 +8.00
      · 采样  2048/4096  587 步/秒  已完局 40  回报 +10.40
      · 采样  3072/4096  536 步/秒  已完局 60  回报 +9.88
  upd   13 step   53248  回报 +9.43  胜率 0.68  π损失 -0.0026  V损失 2.2918  熵 0.408  KL +0.02438  规则 8.9%  282 步/秒
      · 采样  1024/4096  557 步/秒  已完局 19  回报 +8.42
      · 采样  2048/4096  654 步/秒  已完局 39  回报 +11.10
      · 采样  3072/4096  535 步/秒  已完局 59  回报 +11.29
  upd   14 step   57344  回报 +11.30  胜率 0.71  π损失 -0.0046  V损失 2.7494  熵 0.371  KL +0.01426  规则 9.3%  286 步/秒
      · 采样  1024/4096  580 步/秒  已完局 21  回报 +11.14
      · 采样  2048/4096  601 步/秒  已完局 41  回报 +10.80
      · 采样  3072/4096  555 步/秒  已完局 61  回报 +11.11
  upd   15 step   61440  回报 +11.20  胜率 0.77  π损失 -0.0053  V损失 2.6910  熵 0.415  KL +0.01884  规则 9.9%  291 步/秒
      · 采样  1024/4096  579 步/秒  已完局 20  回报 +10.50
      · 采样  2048/4096  545 步/秒  已完局 40  回报 +10.35
      · 采样  3072/4096  560 步/秒  已完局 61  回报 +10.72
  upd   16 step   65536  回报 +10.36  胜率 0.75  π损失 -0.0048  V损失 2.4548  熵 0.362  KL +0.01090  规则 10.3%  294 步/秒
  ── 评测(update 16)──
     official_baseline 得分率 0.950  (57胜/0平/3负)  净胜分 +10.80  回报 +17.90
     official_hunter 得分率 0.800  (48胜/0平/12负)  净胜分 +5.52  回报 +13.18
     official_stalker 得分率 1.000  (60胜/0平/0负)  净胜分 +18.17  回报 +19.17
     official_patrol 得分率 1.000  (60胜/0平/0负)  净胜分 +16.25  回报 +17.25
     rl_v5      得分率 0.500  (30胜/0平/30负)  净胜分 -0.27  回报 +5.60
     m3_v1      得分率 0.633  (38胜/0平/22负)  净胜分 +1.45  回报 +10.08
     m3_v2      得分率 0.683  (41胜/0平/19负)  净胜分 +2.00  回报 +10.95
     rl_VG_v0.2 得分率 0.833  (50胜/0平/10负)  净胜分 +3.18  回报 +10.92
     快照闸门开(官方胜率 0.739,需 >0.50)
     ★ 新最优(综合得分率 0.8000)→ best.npz
      · 采样  1024/4096  637 步/秒  已完局 21  回报 +12.33
      · 采样  2048/4096  540 步/秒  已完局 41  回报 +11.41
      · 采样  3072/4096  574 步/秒  已完局 61  回报 +11.23
  upd   17 step   69632  回报 +10.77  胜率 0.74  π损失 -0.0040  V损失 2.5085  熵 0.353  KL +0.01248  规则 10.2%  255 步/秒
      · 采样  1024/4096  608 步/秒  已完局 21  回报 +15.38
      · 采样  2048/4096  535 步/秒  已完局 41  回报 +11.88
      · 采样  3072/4096  534 步/秒  已完局 61  回报 +10.79
  upd   18 step   73728  回报 +10.68  胜率 0.72  π损失 -0.0022  V损失 2.3657  熵 0.338  KL +0.01298  规则 9.6%  260 步/秒
      · 采样  1024/4096  527 步/秒  已完局 19  回报 +10.63
      · 采样  2048/4096  600 步/秒  已完局 39  回报 +12.13
      · 采样  3072/4096  575 步/秒  已完局 60  回报 +12.33
  upd   19 step   77824  回报 +12.31  胜率 0.74  π损失 -0.0027  V损失 2.4943  熵 0.347  KL +0.02517  规则 10.2%  264 步/秒
      · 采样  1024/4096  555 步/秒  已完局 20  回报 +10.15
      · 采样  2048/4096  518 步/秒  已完局 40  回报 +9.93
      · 采样  3072/4096  550 步/秒  已完局 60  回报 +10.97
  upd   20 step   81920  回报 +11.18  胜率 0.75  π损失 +0.0024  V损失 2.4829  熵 0.327  KL +0.02135  规则 10.2%  267 步/秒
    -> 加入快照对手,联盟 = ['official_baseline', 'official_hunter', 'official_stalker', 'official_patrol', 'rl_v5', 'rl_VG_v0.2', 'snap0', 'snap1']
       采样占比 official_baseline=5.8% official_hunter=5.8% official_stalker=5.8% official_patrol=5.8% rl_v5=19.2% rl_VG_v0.2=19.2% snap0=19.2% snap1=19.2%
      · 采样  1024/4096  537 步/秒  已完局 20  回报 +8.85
      · 采样  2048/4096  520 步/秒  已完局 40  回报 +10.60
      · 采样  3072/4096  525 步/秒  已完局 60  回报 +10.92
  upd   21 step   86016  回报 +11.07  胜率 0.79  π损失 -0.0029  V损失 2.7840  熵 0.333  KL +0.01425  规则 9.3%  270 步/秒
      · 采样  1024/4096  571 步/秒  已完局 20  回报 +11.45
      · 采样  2048/4096  512 步/秒  已完局 39  回报 +10.62
      · 采样  3072/4096  563 步/秒  已完局 59  回报 +11.05
  upd   22 step   90112  回报 +10.95  胜率 0.81  π损失 -0.0049  V损失 1.9680  熵 0.328  KL +0.02116  规则 9.4%  273 步/秒
      · 采样  1024/4096  576 步/秒  已完局 19  回报 +11.89
      · 采样  2048/4096  587 步/秒  已完局 39  回报 +12.13
      · 采样  3072/4096  555 步/秒  已完局 60  回报 +12.22
  upd   23 step   94208  回报 +11.68  胜率 0.71  π损失 -0.0027  V损失 2.6737  熵 0.322  KL +0.00839  规则 9.8%  276 步/秒
      · 采样  1024/4096  563 步/秒  已完局 20  回报 +11.00
      · 采样  2048/4096  570 步/秒  已完局 40  回报 +11.60
      · 采样  3072/4096  512 步/秒  已完局 59  回报 +11.19
  upd   24 step   98304  回报 +12.19  胜率 0.77  π损失 +0.0000  V损失 2.9389  熵 0.318  KL +0.01283  规则 9.6%  278 步/秒
  ── 评测(update 24)──
     official_baseline 得分率 0.950  (57胜/0平/3负)  净胜分 +11.53  回报 +18.50
     official_hunter 得分率 0.800  (48胜/0平/12负)  净胜分 +4.18  回报 +12.13
     official_stalker 得分率 1.000  (60胜/0平/0负)  净胜分 +17.20  回报 +18.20
     official_patrol 得分率 1.000  (60胜/0平/0负)  净胜分 +24.57  回报 +25.57
     rl_v5      得分率 0.517  (31胜/0平/29负)  净胜分 -0.03  回报 +5.90
     m3_v1      得分率 0.350  (21胜/0平/39负)  净胜分 -1.37  回报 +7.68
     m3_v2      得分率 0.650  (39胜/0平/21负)  净胜分 +2.53  回报 +11.33
     rl_VG_v0.2 得分率 0.833  (50胜/0平/10负)  净胜分 +3.15  回报 +10.80
     快照闸门开(官方胜率 0.750,需 >0.50)
      · 采样  1024/4096  516 步/秒  已完局 20  回报 +9.20
      · 采样  2048/4096  505 步/秒  已完局 40  回报 +9.50
      · 采样  3072/4096  582 步/秒  已完局 60  回报 +10.43
  upd   25 step  102400  回报 +9.93  胜率 0.70  π损失 -0.0034  V损失 2.4881  熵 0.328  KL +0.01840  规则 9.7%  254 步/秒
      · 采样  1024/4096  547 步/秒  已完局 21  回报 +14.14
      · 采样  2048/4096  569 步/秒  已完局 42  回报 +12.67
      · 采样  3072/4096  575 步/秒  已完局 61  回报 +12.43
  upd   26 step  106496  回报 +12.12  胜率 0.82  π损失 -0.0032  V损失 2.2810  熵 0.296  KL +0.01496  规则 10.4%  257 步/秒
      · 采样  1024/4096  556 步/秒  已完局 21  回报 +12.24
      · 采样  2048/4096  573 步/秒  已完局 42  回报 +12.60
      · 采样  3072/4096  605 步/秒  已完局 62  回报 +12.77
  upd   27 step  110592  回报 +12.72  胜率 0.88  π损失 -0.0000  V损失 2.6248  熵 0.307  KL +0.01070  规则 11.4%  259 步/秒
      · 采样  1024/4096  552 步/秒  已完局 20  回报 +9.85
      · 采样  2048/4096  555 步/秒  已完局 41  回报 +11.44
      · 采样  3072/4096  501 步/秒  已完局 61  回报 +11.77
  upd   28 step  114688  回报 +11.20  胜率 0.76  π损失 -0.0029  V损失 2.4844  熵 0.289  KL +0.01849  规则 10.4%  262 步/秒
      · 采样  1024/4096  511 步/秒  已完局 20  回报 +10.95
      · 采样  2048/4096  563 步/秒  已完局 40  回报 +11.12
      · 采样  3072/4096  515 步/秒  已完局 61  回报 +11.64
  upd   29 step  118784  回报 +12.16  胜率 0.84  π损失 -0.0001  V损失 2.2615  熵 0.260  KL +0.01436  规则 10.7%  264 步/秒
      · 采样  1024/4096  580 步/秒  已完局 21  回报 +13.48
      · 采样  2048/4096  553 步/秒  已完局 42  回报 +13.10
      · 采样  3072/4096  499 步/秒  已完局 63  回报 +12.95
  upd   30 step  122880  回报 +13.52  胜率 0.87  π损失 -0.0009  V损失 2.8297  熵 0.250  KL +0.02392  规则 11.3%  266 步/秒
    -> 加入快照对手,联盟 = ['official_baseline', 'official_hunter', 'official_stalker', 'official_patrol', 'rl_v5', 'rl_VG_v0.2', 'snap0', 'snap1', 'snap2']
       采样占比 official_baseline=4.8% official_hunter=4.8% official_stalker=4.8% official_patrol=4.8% rl_v5=16.1% rl_VG_v0.2=16.1% snap0=16.1% snap1=16.1% snap2=16.1%
      · 采样  1024/4096  507 步/秒  已完局 21  回报 +10.71
      · 采样  2048/4096  492 步/秒  已完局 42  回报 +11.71
      · 采样  3072/4096  488 步/秒  已完局 62  回报 +11.15
  upd   31 step  126976  回报 +10.99  胜率 0.81  π损失 -0.0013  V损失 2.4173  熵 0.253  KL +0.01057  规则 10.1%  268 步/秒
      · 采样  1024/4096  487 步/秒  已完局 20  回报 +11.10
      · 采样  2048/4096  522 步/秒  已完局 40  回报 +10.65
      · 采样  3072/4096  502 步/秒  已完局 60  回报 +10.40
  upd   32 step  131072  回报 +10.70  胜率 0.72  π损失 -0.0036  V损失 2.4690  熵 0.274  KL +0.01713  规则 10.5%  269 步/秒
  ── 评测(update 32)──
     official_baseline 得分率 1.000  (60胜/0平/0负)  净胜分 +11.45  回报 +18.88
     official_hunter 得分率 0.883  (53胜/0平/7负)  净胜分 +5.40  回报 +13.63
     official_stalker 得分率 1.000  (60胜/0平/0负)  净胜分 +17.33  回报 +18.33
     official_patrol 得分率 0.983  (59胜/0平/1负)  净胜分 +25.27  回报 +26.23
     rl_v5      得分率 0.600  (36胜/0平/24负)  净胜分 +1.18  回报 +6.75
     m3_v1      得分率 0.500  (30胜/0平/30负)  净胜分 +0.12  回报 +8.85
     m3_v2      得分率 0.583  (35胜/0平/25负)  净胜分 +0.98  回报 +9.93
     rl_VG_v0.2 得分率 0.983  (59胜/0平/1负)  净胜分 +5.88  回报 +11.95
     快照闸门开(官方胜率 0.756,需 >0.50)
     ★ 新最优(综合得分率 0.8167)→ best.npz
      · 采样  1024/4096  524 步/秒  已完局 20  回报 +10.75
      · 采样  2048/4096  510 步/秒  已完局 40  回报 +11.05
      · 采样  3072/4096  520 步/秒  已完局 61  回报 +11.67
  upd   33 step  135168  回报 +11.85  胜率 0.83  π损失 +0.0003  V损失 1.9299  熵 0.253  KL +0.02060  规则 9.7%  251 步/秒
      · 采样  1024/4096  517 步/秒  已完局 21  回报 +13.90
      · 采样  2048/4096  503 步/秒  已完局 42  回报 +12.00
      · 采样  3072/4096  494 步/秒  已完局 63  回报 +11.97
  upd   34 step  139264  回报 +12.52  胜率 0.83  π损失 +0.0006  V损失 2.5654  熵 0.229  KL +0.01586  规则 10.9%  253 步/秒
      · 采样  1024/4096  486 步/秒  已完局 20  回报 +12.75
      · 采样  2048/4096  580 步/秒  已完局 41  回报 +12.20
      · 采样  3072/4096  499 步/秒  已完局 62  回报 +11.97
  upd   35 step  143360  回报 +12.05  胜率 0.86  π损失 +0.0008  V损失 2.1033  熵 0.229  KL +0.01463  规则 11.1%  255 步/秒
      · 采样  1024/4096  532 步/秒  已完局 20  回报 +12.55
      · 采样  2048/4096  497 步/秒  已完局 41  回报 +12.10
      · 采样  3072/4096  531 步/秒  已完局 61  回报 +12.44
  upd   36 step  147456  回报 +12.67  胜率 0.90  π损失 -0.0013  V损失 1.9237  熵 0.210  KL +0.01440  规则 10.6%  256 步/秒
      · 采样  1024/4096  511 步/秒  已完局 21  回报 +12.43
      · 采样  2048/4096  474 步/秒  已完局 43  回报 +12.44
      · 采样  3072/4096  494 步/秒  已完局 64  回报 +12.11
  upd   37 step  151552  回报 +12.32  胜率 0.88  π损失 -0.0039  V损失 1.6684  熵 0.185  KL +0.00859  规则 10.7%  258 步/秒
      · 采样  1024/4096  505 步/秒  已完局 22  回报 +11.09
      · 采样  2048/4096  493 步/秒  已完局 43  回报 +12.63
      · 采样  3072/4096  482 步/秒  已完局 64  回报 +12.59
  upd   38 step  155648  回报 +13.35  胜率 0.87  π损失 -0.0016  V损失 2.7625  熵 0.200  KL +0.01419  规则 11.7%  259 步/秒
      · 采样  1024/4096  502 步/秒  已完局 21  回报 +11.43
      · 采样  2048/4096  546 步/秒  已完局 42  回报 +13.26
      · 采样  3072/4096  522 步/秒  已完局 63  回报 +13.06
  upd   39 step  159744  回报 +13.52  胜率 0.88  π损失 -0.0017  V损失 2.7842  熵 0.231  KL +0.01043  规则 11.5%  261 步/秒
      · 采样  1024/4096  523 步/秒  已完局 21  回报 +13.95
      · 采样  2048/4096  505 步/秒  已完局 42  回报 +11.76
      · 采样  3072/4096  518 步/秒  已完局 64  回报 +12.47
  upd   40 step  163840  回报 +12.64  胜率 0.89  π损失 -0.0001  V损失 2.1249  熵 0.229  KL +0.01831  规则 10.8%  263 步/秒
  ── 评测(update 40)──
     official_baseline 得分率 1.000  (60胜/0平/0负)  净胜分 +11.05  回报 +18.58
     official_hunter 得分率 0.850  (51胜/0平/9负)  净胜分 +5.53  回报 +13.83
     official_stalker 得分率 1.000  (60胜/0平/0负)  净胜分 +19.83  回报 +20.83
     official_patrol 得分率 1.000  (60胜/0平/0负)  净胜分 +25.27  回报 +26.27
     rl_v5      得分率 0.600  (36胜/0平/24负)  净胜分 +2.12  回报 +7.42
     m3_v1      得分率 0.483  (29胜/0平/31负)  净胜分 +0.43  回报 +8.73
     m3_v2      得分率 0.492  (29胜/1平/30负)  净胜分 +0.07  回报 +9.53
     rl_VG_v0.2 得分率 0.933  (56胜/0平/4负)  净胜分 +5.23  回报 +11.50
     快照闸门开(官方胜率 0.828,需 >0.50)
    -> 加入快照对手,联盟 = ['official_baseline', 'official_hunter', 'official_stalker', 'official_patrol', 'rl_v5', 'rl_VG_v0.2', 'snap0', 'snap1', 'snap2', 'snap3']
       采样占比 official_baseline=4.2% official_hunter=4.2% official_stalker=4.2% official_patrol=4.2% rl_v5=13.9% rl_VG_v0.2=13.9% snap0=13.9% snap1=13.9% snap2=13.9% snap3=13.9%
      · 采样  1024/4096  525 步/秒  已完局 22  回报 +12.64
      · 采样  2048/4096  494 步/秒  已完局 43  回报 +11.91
      · 采样  3072/4096  491 步/秒  已完局 64  回报 +12.27
  upd   41 step  167936  回报 +12.24  胜率 0.83  π损失 -0.0027  V损失 2.2266  熵 0.219  KL +0.02214  规则 11.0%  249 步/秒
      · 采样  1024/4096  547 步/秒  已完局 21  回报 +12.67
      · 采样  2048/4096  535 步/秒  已完局 41  回报 +12.17
      · 采样  3072/4096  459 步/秒  已完局 62  回报 +12.15
  upd   42 step  172032  回报 +12.20  胜率 0.84  π损失 -0.0018  V损失 1.9385  熵 0.235  KL +0.01318  规则 11.2%  250 步/秒
      · 采样  1024/4096  523 步/秒  已完局 21  回报 +10.19
      · 采样  2048/4096  478 步/秒  已完局 41  回报 +10.78
      · 采样  3072/4096  475 步/秒  已完局 62  回报 +10.66
  upd   43 step  176128  回报 +10.96  胜率 0.80  π损失 -0.0019  V损失 1.9661  熵 0.213  KL +0.01244  规则 10.4%  252 步/秒
      · 采样  1024/4096  499 步/秒  已完局 20  回报 +11.50
      · 采样  2048/4096  514 步/秒  已完局 41  回报 +12.32
      · 采样  3072/4096  504 步/秒  已完局 61  回报 +11.84
  upd   44 step  180224  回报 +11.65  胜率 0.84  π损失 -0.0011  V损失 1.9813  熵 0.271  KL +0.01951  规则 11.0%  253 步/秒
      · 采样  1024/4096  512 步/秒  已完局 20  回报 +11.70
      · 采样  2048/4096  503 步/秒  已完局 41  回报 +12.93
      · 采样  3072/4096  475 步/秒  已完局 62  回报 +12.73
  upd   45 step  184320  回报 +12.99  胜率 0.87  π损失 +0.0006  V损失 2.2780  熵 0.263  KL +0.03137  规则 11.1%  254 步/秒
      · 采样  1024/4096  507 步/秒  已完局 20  回报 +10.50
      · 采样  2048/4096  519 步/秒  已完局 40  回报 +10.72
      · 采样  3072/4096  516 步/秒  已完局 61  回报 +10.64
  upd   46 step  188416  回报 +10.65  胜率 0.78  π损失 +0.0001  V损失 1.7949  熵 0.281  KL +0.01695  规则 11.3%  256 步/秒
      · 采样  1024/4096  500 步/秒  已完局 21  回报 +12.14
      · 采样  2048/4096  494 步/秒  已完局 41  回报 +12.49
      · 采样  3072/4096  527 步/秒  已完局 62  回报 +12.74
  upd   47 step  192512  回报 +12.33  胜率 0.84  π损失 -0.0018  V损失 2.2607  熵 0.268  KL +0.01600  规则 11.6%  257 步/秒
      · 采样  1024/4096  518 步/秒  已完局 21  回报 +11.10
      · 采样  2048/4096  498 步/秒  已完局 42  回报 +11.00
      · 采样  3072/4096  492 步/秒  已完局 63  回报 +10.57
  upd   48 step  196608  回报 +11.10  胜率 0.85  π损失 -0.0015  V损失 1.6469  熵 0.223  KL +0.01017  规则 11.4%  258 步/秒
  ── 评测(update 48)──
     official_baseline 得分率 0.967  (58胜/0平/2负)  净胜分 +10.77  回报 +18.42
     official_hunter 得分率 0.800  (48胜/0平/12负)  净胜分 +4.00  回报 +12.83
     official_stalker 得分率 1.000  (60胜/0平/0负)  净胜分 +20.80  回报 +21.80
     official_patrol 得分率 1.000  (60胜/0平/0负)  净胜分 +25.33  回报 +26.33
     rl_v5      得分率 0.467  (28胜/0平/32负)  净胜分 -0.18  回报 +5.33
     m3_v1      得分率 0.417  (25胜/0平/35负)  净胜分 -0.63  回报 +7.88
     m3_v2      得分率 0.475  (28胜/1平/31负)  净胜分 -0.40  回报 +8.97
     rl_VG_v0.2 得分率 0.983  (59胜/0平/1负)  净胜分 +5.33  回报 +11.42
     快照闸门开(官方胜率 0.817,需 >0.50)
      · 采样  1024/4096  499 步/秒  已完局 21  回报 +15.33
      · 采样  2048/4096  495 步/秒  已完局 41  回报 +13.27
      · 采样  3072/4096  515 步/秒  已完局 62  回报 +13.58
  upd   49 step  200704  回报 +12.93  胜率 0.92  π损失 -0.0020  V损失 2.3361  熵 0.236  KL +0.01201  规则 11.7%  247 步/秒
  ── 评测(update 49)──
     official_baseline 得分率 0.950  (57胜/0平/3负)  净胜分 +9.78  回报 +17.40
     official_hunter 得分率 0.833  (50胜/0平/10负)  净胜分 +4.73  回报 +13.13
     official_stalker 得分率 1.000  (60胜/0平/0负)  净胜分 +18.53  回报 +19.53
     official_patrol 得分率 1.000  (60胜/0平/0负)  净胜分 +25.28  回报 +26.28
     rl_v5      得分率 0.583  (35胜/0平/25负)  净胜分 +1.75  回报 +7.12
     m3_v1      得分率 0.367  (22胜/0平/38负)  净胜分 +0.05  回报 +8.40
     m3_v2      得分率 0.467  (28胜/0平/32负)  净胜分 +0.93  回报 +9.58
     rl_VG_v0.2 得分率 0.983  (59胜/0平/1负)  净胜分 +5.48  回报 +11.42
     快照闸门开(官方胜率 0.744,需 >0.50)
[rl_monet_v1] 完成:200704 步,权重在 runs\vg10\final.npz
[rl_monet_v1] 曲线已写入 runs\vg10\curves.png
