[monet] 续训自 runs/vg10/final.npz(step=200704)
[rl_monet_v1] run=vg10 输出=runs\vg10
  网络 428->512x3->8  联盟 ['official_baseline', 'official_hunter', 'official_stalker', 'official_patrol', 'rl_v5', 'rl_VG_v0.2']  目标步数 6000000
  采样占比 official_baseline=9.4% official_hunter=9.4% official_stalker=9.4% official_patrol=9.4% rl_v5=31.2% rl_VG_v0.2=31.2%
      · 采样  1024/4096  438 步/秒  已完局 20  回报 +12.85
      · 采样  2048/4096  504 步/秒  已完局 42  回报 +13.12
      · 采样  3072/4096  516 步/秒  已完局 62  回报 +13.06
  upd   50 step  204800  回报 +13.46  胜率 0.87  π损失 +0.0008  V损失 3.2064  熵 0.288  KL +0.01872  规则 12.0%  17128 步/秒
    -> 跳过快照(闸门关(还没评测过,需 >0.50))
      · 采样  1024/4096  531 步/秒  已完局 21  回报 +13.62
      · 采样  2048/4096  547 步/秒  已完局 42  回报 +12.88
      · 采样  3072/4096  603 步/秒  已完局 63  回报 +13.83
  upd   51 step  208896  回报 +13.55  胜率 0.89  π损失 -0.0019  V损失 3.1558  熵 0.277  KL +0.01390  规则 12.4%  8956 步/秒
      · 采样  1024/4096  527 步/秒  已完局 21  回报 +12.90
      · 采样  2048/4096  545 步/秒  已完局 41  回报 +12.44
      · 采样  3072/4096  560 步/秒  已完局 62  回报 +12.21
  upd   52 step  212992  回报 +12.33  胜率 0.84  π损失 +0.0007  V损失 3.1576  熵 0.305  KL +0.02400  规则 11.8%  6161 步/秒
      · 采样  1024/4096  554 步/秒  已完局 21  回报 +13.81
      · 采样  2048/4096  581 步/秒  已完局 41  回报 +13.59
      · 采样  3072/4096  538 步/秒  已完局 63  回报 +13.33
  upd   53 step  217088  回报 +13.58  胜率 0.84  π损失 -0.0016  V损失 4.1963  熵 0.310  KL +0.02041  规则 12.4%  4791 步/秒
      · 采样  1024/4096  540 步/秒  已完局 21  回报 +12.14
      · 采样  2048/4096  535 步/秒  已完局 41  回报 +11.66
      · 采样  3072/4096  529 步/秒  已完局 62  回报 +11.37
  upd   54 step  221184  回报 +11.40  胜率 0.76  π损失 -0.0012  V损失 3.8643  熵 0.287  KL +0.00965  规则 12.3%  3920 步/秒
      · 采样  1024/4096  525 步/秒  已完局 22  回报 +15.05
      · 采样  2048/4096  598 步/秒  已完局 42  回报 +13.52
      · 采样  3072/4096  621 步/秒  已完局 63  回报 +13.62
  upd   55 step  225280  回报 +13.96  胜率 0.85  π损失 -0.0022  V损失 4.4463  熵 0.296  KL +0.01695  规则 13.3%  3359 步/秒
      · 采样  1024/4096  607 步/秒  已完局 19  回报 +12.53
      · 采样  2048/4096  628 步/秒  已完局 40  回报 +13.40
      · 采样  3072/4096  591 步/秒  已完局 61  回报 +13.33
  upd   56 step  229376  回报 +13.38  胜率 0.85  π损失 -0.0020  V损失 3.9752  熵 0.336  KL +0.01935  规则 12.0%  2966 步/秒
      · 采样  1024/4096  680 步/秒  已完局 20  回报 +14.35
      · 采样  2048/4096  572 步/秒  已完局 41  回报 +13.24
      · 采样  3072/4096  535 步/秒  已完局 62  回报 +13.71
  upd   57 step  233472  回报 +12.84  胜率 0.82  π损失 +0.0001  V损失 3.9231  熵 0.306  KL +0.01201  规则 11.4%  2658 步/秒
      · 采样  1024/4096  545 步/秒  已完局 21  回报 +12.76
      · 采样  2048/4096  585 步/秒  已完局 42  回报 +14.00
      · 采样  3072/4096  631 步/秒  已完局 62  回报 +14.58
  upd   58 step  237568  回报 +13.50  胜率 0.87  π损失 -0.0009  V损失 4.3378  熵 0.311  KL +0.02052  规则 12.0%  2418 步/秒
      · 采样  1024/4096  528 步/秒  已完局 20  回报 +11.65
      · 采样  2048/4096  557 步/秒  已完局 41  回报 +12.22
      · 采样  3072/4096  494 步/秒  已完局 61  回报 +11.23
  upd   59 step  241664  回报 +11.51  胜率 0.83  π损失 +0.0001  V损失 3.3504  熵 0.293  KL +0.01661  规则 11.5%  2209 步/秒
      · 采样  1024/4096  540 步/秒  已完局 21  回报 +11.76
      · 采样  2048/4096  617 步/秒  已完局 42  回报 +14.79
      · 采样  3072/4096  622 步/秒  已完局 62  回报 +14.23
  upd   60 step  245760  回报 +14.24  胜率 0.81  π损失 -0.0008  V损失 5.2187  熵 0.309  KL +0.02547  规则 13.7%  2049 步/秒
    -> 跳过快照(闸门关(还没评测过,需 >0.50))
      · 采样  1024/4096  522 步/秒  已完局 20  回报 +9.65
      · 采样  2048/4096  520 步/秒  已完局 41  回报 +10.56
      · 采样  3072/4096  558 步/秒  已完局 62  回报 +11.74
  upd   61 step  249856  回报 +12.27  胜率 0.81  π损失 +0.0005  V损失 4.3383  熵 0.316  KL +0.01664  规则 12.6%  1901 步/秒
      · 采样  1024/4096  511 步/秒  已完局 20  回报 +14.90
      · 采样  2048/4096  568 步/秒  已完局 40  回报 +14.20
      · 采样  3072/4096  543 步/秒  已完局 60  回报 +12.73
  upd   62 step  253952  回报 +13.52  胜率 0.88  π损失 -0.0015  V损失 3.9046  熵 0.341  KL +0.01489  规则 12.7%  1781 步/秒
      · 采样  1024/4096  554 步/秒  已完局 21  回报 +13.95
      · 采样  2048/4096  575 步/秒  已完局 42  回报 +13.10
      · 采样  3072/4096  604 步/秒  已完局 62  回报 +13.37
  upd   63 step  258048  回报 +12.71  胜率 0.82  π损失 +0.0020  V损失 3.2971  熵 0.334  KL +0.01686  规则 12.2%  1681 步/秒
      · 采样  1024/4096  602 步/秒  已完局 21  回报 +15.00
      · 采样  2048/4096  596 步/秒  已完局 43  回报 +16.40
      · 采样  3072/4096  576 步/秒  已完局 63  回报 +14.60
  upd   64 step  262144  回报 +13.73  胜率 0.88  π损失 -0.0020  V损失 4.2495  熵 0.331  KL +0.01842  规则 13.0%  1596 步/秒
      · 采样  1024/4096  591 步/秒  已完局 20  回报 +11.25
      · 采样  2048/4096  570 步/秒  已完局 40  回报 +12.03
      · 采样  3072/4096  632 步/秒  已完局 60  回报 +12.15
  upd   65 step  266240  回报 +11.76  胜率 0.82  π损失 -0.0018  V损失 3.6666  熵 0.342  KL +0.01957  规则 11.6%  1519 步/秒
      · 采样  1024/4096  562 步/秒  已完局 21  回报 +14.10
      · 采样  2048/4096  533 步/秒  已完局 42  回报 +12.31
      · 采样  3072/4096  593 步/秒  已完局 63  回报 +13.25
  upd   66 step  270336  回报 +14.02  胜率 0.86  π损失 -0.0001  V损失 4.8893  熵 0.287  KL +0.01309  规则 13.4%  1451 步/秒
      · 采样  1024/4096  577 步/秒  已完局 22  回报 +16.91
      · 采样  2048/4096  598 步/秒  已完局 42  回报 +14.52
      · 采样  3072/4096  509 步/秒  已完局 64  回报 +14.59
  upd   67 step  274432  回报 +15.42  胜率 0.91  π损失 -0.0014  V损失 5.2059  熵 0.300  KL +0.02213  规则 13.8%  1393 步/秒
      · 采样  1024/4096  605 步/秒  已完局 20  回报 +13.55
      · 采样  2048/4096  539 步/秒  已完局 41  回报 +13.24
      · 采样  3072/4096  515 步/秒  已完局 61  回报 +13.77
  upd   68 step  278528  回报 +13.30  胜率 0.82  π损失 +0.0010  V损失 4.0400  熵 0.322  KL +0.01443  规则 12.8%  1336 步/秒
      · 采样  1024/4096  595 步/秒  已完局 21  回报 +16.00
      · 采样  2048/4096  538 步/秒  已完局 41  回报 +15.07
      · 采样  3072/4096  516 步/秒  已完局 62  回报 +14.27
  upd   69 step  282624  回报 +14.05  胜率 0.89  π损失 -0.0029  V损失 3.5246  熵 0.339  KL +0.00948  规则 12.3%  1285 步/秒
      · 采样  1024/4096  556 步/秒  已完局 22  回报 +14.68
      · 采样  2048/4096  546 步/秒  已完局 42  回报 +12.79
      · 采样  3072/4096  537 步/秒  已完局 62  回报 +12.98
  upd   70 step  286720  回报 +13.31  胜率 0.82  π损失 -0.0027  V损失 4.2618  熵 0.311  KL +0.01092  规则 12.6%  1240 步/秒
    -> 跳过快照(闸门关(还没评测过,需 >0.50))
      · 采样  1024/4096  631 步/秒  已完局 22  回报 +18.32
      · 采样  2048/4096  542 步/秒  已完局 42  回报 +15.10
      · 采样  3072/4096  635 步/秒  已完局 62  回报 +14.95
  upd   71 step  290816  回报 +14.22  胜率 0.84  π损失 -0.0033  V损失 5.0226  熵 0.330  KL +0.01687  规则 12.9%  1202 步/秒
      · 采样  1024/4096  579 步/秒  已完局 20  回报 +13.05
      · 采样  2048/4096  583 步/秒  已完局 41  回报 +13.39
      · 采样  3072/4096  581 步/秒  已完局 61  回报 +12.72
  upd   72 step  294912  回报 +13.88  胜率 0.81  π损失 +0.0021  V损失 5.0129  熵 0.311  KL +0.01466  规则 13.3%  1166 步/秒
  ── 评测(update 72)──
     official_baseline 得分率 1.000  (60胜/0平/0负)  净胜分 +10.67  回报 +18.48
     official_hunter 得分率 0.867  (52胜/0平/8负)  净胜分 +5.78  回报 +13.82
     official_stalker 得分率 1.000  (60胜/0平/0负)  净胜分 +21.62  回报 +22.62
     official_patrol 得分率 0.992  (59胜/1平/0负)  净胜分 +31.47  回报 +32.45
     rl_v5      得分率 0.700  (42胜/0平/18负)  净胜分 +2.38  回报 +7.48
     m3_v1      得分率 0.692  (41胜/1平/18负)  净胜分 +1.90  回报 +10.23
     m3_v2      得分率 0.600  (36胜/0平/24负)  净胜分 +1.02  回报 +10.13
     rl_VG_v0.2 得分率 1.000  (60胜/0平/0负)  净胜分 +7.07  回报 +12.85
     快照闸门关(还没评测过,需 >0.50)
     ★ 新最优(综合得分率 0.8562)→ best.npz
      · 采样  1024/4096  589 步/秒  已完局 22  回报 +16.68
      · 采样  2048/4096  524 步/秒  已完局 43  回报 +16.35
      · 采样  3072/4096  563 步/秒  已完局 63  回报 +15.84
  upd   73 step  299008  回报 +15.80  胜率 0.93  π损失 +0.0016  V损失 5.3485  熵 0.282  KL +0.01239  规则 14.0%  979 步/秒
      · 采样  1024/4096  594 步/秒  已完局 20  回报 +14.50
      · 采样  2048/4096  533 步/秒  已完局 40  回报 +13.35
      · 采样  3072/4096  633 步/秒  已完局 62  回报 +14.94
  upd   74 step  303104  回报 +15.43  胜率 0.88  π损失 -0.0022  V损失 4.7021  熵 0.314  KL +0.01108  规则 13.9%  959 步/秒
      · 采样  1024/4096  522 步/秒  已完局 21  回报 +14.14
      · 采样  2048/4096  515 步/秒  已完局 41  回报 +13.39
      · 采样  3072/4096  601 步/秒  已完局 62  回报 +14.06
  upd   75 step  307200  回报 +14.10  胜率 0.89  π损失 +0.0007  V损失 4.0661  熵 0.343  KL +0.02129  规则 13.1%  938 步/秒
      · 采样  1024/4096  549 步/秒  已完局 20  回报 +12.40
      · 采样  2048/4096  615 步/秒  已完局 40  回报 +14.43
      · 采样  3072/4096  605 步/秒  已完局 60  回报 +13.68
  upd   76 step  311296  回报 +13.96  胜率 0.88  π损失 -0.0011  V损失 4.6216  熵 0.317  KL +0.02491  规则 12.8%  921 步/秒
      · 采样  1024/4096  578 步/秒  已完局 20  回报 +13.65
      · 采样  2048/4096  553 步/秒  已完局 41  回报 +13.59
      · 采样  3072/4096  566 步/秒  已完局 61  回报 +13.41
  upd   77 step  315392  回报 +13.78  胜率 0.84  π损失 -0.0022  V损失 4.1231  熵 0.298  KL +0.02053  规则 12.9%  903 步/秒
      · 采样  1024/4096  579 步/秒  已完局 20  回报 +14.90
      · 采样  2048/4096  598 步/秒  已完局 40  回报 +14.43
      · 采样  3072/4096  573 步/秒  已完局 61  回报 +14.25
  upd   78 step  319488  回报 +14.30  胜率 0.88  π损失 -0.0033  V损失 4.2490  熵 0.278  KL +0.00837  规则 12.8%  886 步/秒
      · 采样  1024/4096  566 步/秒  已完局 20  回报 +14.70
      · 采样  2048/4096  539 步/秒  已完局 40  回报 +13.40
      · 采样  3072/4096  528 步/秒  已完局 60  回报 +12.78
  upd   79 step  323584  回报 +12.74  胜率 0.84  π损失 +0.0008  V损失 3.5427  熵 0.299  KL +0.01513  规则 12.7%  870 步/秒
      · 采样  1024/4096  541 步/秒  已完局 20  回报 +14.80
      · 采样  2048/4096  530 步/秒  已完局 41  回报 +15.05
      · 采样  3072/4096  565 步/秒  已完局 61  回报 +14.74
  upd   80 step  327680  回报 +14.19  胜率 0.88  π损失 +0.0075  V损失 5.0529  熵 0.301  KL +0.02598  规则 13.2%  854 步/秒
    -> 加入快照对手,联盟 = ['official_baseline', 'official_hunter', 'official_stalker', 'official_patrol', 'rl_v5', 'rl_VG_v0.2', 'snap0']
       采样占比 official_baseline=7.1% official_hunter=7.1% official_stalker=7.1% official_patrol=7.1% rl_v5=23.8% rl_VG_v0.2=23.8% snap0=23.8%
      · 采样  1024/4096  522 步/秒  已完局 21  回报 +14.57
      · 采样  2048/4096  552 步/秒  已完局 42  回报 +15.21
      · 采样  3072/4096  510 步/秒  已完局 62  回报 +13.89
  upd   81 step  331776  回报 +13.84  胜率 0.84  π损失 +0.0017  V损失 4.2706  熵 0.299  KL +0.01620  规则 12.5%  837 步/秒
      · 采样  1024/4096  548 步/秒  已完局 20  回报 +12.95
      · 采样  2048/4096  526 步/秒  已完局 40  回报 +12.45
      · 采样  3072/4096  529 步/秒  已完局 61  回报 +13.08
  upd   82 step  335872  回报 +13.12  胜率 0.79  π损失 -0.0023  V损失 4.5693  熵 0.278  KL +0.00532  规则 12.9%  822 步/秒
      · 采样  1024/4096  545 步/秒  已完局 21  回报 +16.33
      · 采样  2048/4096  517 步/秒  已完局 42  回报 +14.60
      · 采样  3072/4096  558 步/秒  已完局 61  回报 +13.72
  upd   83 step  339968  回报 +13.45  胜率 0.89  π损失 +0.0009  V损失 4.0306  熵 0.317  KL +0.01693  规则 12.3%  809 步/秒
      · 采样  1024/4096  597 步/秒  已完局 20  回报 +14.00
      · 采样  2048/4096  544 步/秒  已完局 40  回报 +11.60
      · 采样  3072/4096  552 步/秒  已完局 61  回报 +12.59
  upd   84 step  344064  回报 +12.31  胜率 0.76  π损失 -0.0023  V损失 4.0659  熵 0.324  KL +0.01902  规则 11.8%  797 步/秒
      · 采样  1024/4096  576 步/秒  已完局 20  回报 +12.95
      · 采样  2048/4096  561 步/秒  已完局 40  回报 +12.50
      · 采样  3072/4096  488 步/秒  已完局 60  回报 +11.63
  upd   85 step  348160  回报 +11.99  胜率 0.88  π损失 -0.0050  V损失 2.1696  熵 0.360  KL +0.02331  规则 11.4%  785 步/秒
      · 采样  1024/4096  500 步/秒  已完局 19  回报 +9.16
      · 采样  2048/4096  544 步/秒  已完局 40  回报 +12.93
      · 采样  3072/4096  542 步/秒  已完局 59  回报 +12.85
  upd   86 step  352256  回报 +12.54  胜率 0.81  π损失 +0.0015  V损失 2.9836  熵 0.363  KL +0.02382  规则 11.3%  773 步/秒
      · 采样  1024/4096  555 步/秒  已完局 20  回报 +11.55
      · 采样  2048/4096  548 步/秒  已完局 40  回报 +13.55
      · 采样  3072/4096  485 步/秒  已完局 61  回报 +13.02
  upd   87 step  356352  回报 +12.77  胜率 0.78  π损失 -0.0013  V损失 3.3427  熵 0.316  KL +0.02155  规则 12.0%  762 步/秒
      · 采样  1024/4096  568 步/秒  已完局 20  回报 +12.05
      · 采样  2048/4096  597 步/秒  已完局 40  回报 +12.97
      · 采样  3072/4096  530 步/秒  已完局 61  回报 +12.97
  upd   88 step  360448  回报 +13.35  胜率 0.84  π损失 -0.0021  V损失 3.9159  熵 0.336  KL +0.01750  规则 12.1%  753 步/秒
      · 采样  1024/4096  550 步/秒  已完局 20  回报 +14.90
      · 采样  2048/4096  541 步/秒  已完局 40  回报 +13.75
      · 采样  3072/4096  577 步/秒  已完局 60  回报 +13.00
  upd   89 step  364544  回报 +12.43  胜率 0.80  π损失 -0.0018  V损失 3.9751  熵 0.344  KL +0.01324  规则 11.9%  743 步/秒
      · 采样  1024/4096  549 步/秒  已完局 20  回报 +12.85
      · 采样  2048/4096  566 步/秒  已完局 40  回报 +12.50
      · 采样  3072/4096  550 步/秒  已完局 59  回报 +12.22
  upd   90 step  368640  回报 +11.99  胜率 0.82  π损失 -0.0005  V损失 2.7094  熵 0.358  KL +0.02479  规则 11.5%  734 步/秒
    -> 加入快照对手,联盟 = ['official_baseline', 'official_hunter', 'official_stalker', 'official_patrol', 'rl_v5', 'rl_VG_v0.2', 'snap0', 'snap1']
       采样占比 official_baseline=5.8% official_hunter=5.8% official_stalker=5.8% official_patrol=5.8% rl_v5=19.2% rl_VG_v0.2=19.2% snap0=19.2% snap1=19.2%
      · 采样  1024/4096  552 步/秒  已完局 19  回报 +10.84
      · 采样  2048/4096  533 步/秒  已完局 39  回报 +11.69
      · 采样  3072/4096  576 步/秒  已完局 59  回报 +11.81
  upd   91 step  372736  回报 +11.32  胜率 0.75  π损失 -0.0022  V损失 3.0717  熵 0.343  KL +0.02193  规则 10.8%  725 步/秒
      · 采样  1024/4096  494 步/秒  已完局 19  回报 +10.68
      · 采样  2048/4096  513 步/秒  已完局 39  回报 +11.41
      · 采样  3072/4096  496 步/秒  已完局 58  回报 +11.52
  upd   92 step  376832  回报 +11.78  胜率 0.82  π损失 -0.0023  V损失 2.7398  熵 0.321  KL +0.01050  规则 11.1%  717 步/秒
      · 采样  1024/4096  545 步/秒  已完局 20  回报 +11.20
      · 采样  2048/4096  539 步/秒  已完局 41  回报 +13.54
      · 采样  3072/4096  532 步/秒  已完局 60  回报 +13.02
  upd   93 step  380928  回报 +12.86  胜率 0.76  π损失 -0.0004  V损失 3.7831  熵 0.341  KL +0.01748  规则 11.2%  708 步/秒
      · 采样  1024/4096  547 步/秒  已完局 20  回报 +11.25
      · 采样  2048/4096  483 步/秒  已完局 39  回报 +11.00
      · 采样  3072/4096  558 步/秒  已完局 58  回报 +10.79
  upd   94 step  385024  回报 +10.82  胜率 0.77  π损失 +0.0037  V损失 2.7513  熵 0.352  KL +0.02356  规则 11.2%  701 步/秒
      · 采样  1024/4096  544 步/秒  已完局 20  回报 +13.45
      · 采样  2048/4096  516 步/秒  已完局 39  回报 +11.44
      · 采样  3072/4096  550 步/秒  已完局 59  回报 +10.81
  upd   95 step  389120  回报 +11.62  胜率 0.82  π损失 -0.0005  V损失 2.3423  熵 0.325  KL +0.01802  规则 11.4%  693 步/秒
      · 采样  1024/4096  547 步/秒  已完局 20  回报 +14.25
      · 采样  2048/4096  571 步/秒  已完局 40  回报 +14.18
      · 采样  3072/4096  556 步/秒  已完局 60  回报 +14.17
  upd   96 step  393216  回报 +13.70  胜率 0.82  π损失 -0.0010  V损失 4.1981  熵 0.345  KL +0.02126  规则 13.0%  687 步/秒
  ── 评测(update 96)──
     official_baseline 得分率 0.933  (56胜/0平/4负)  净胜分 +9.02  回报 +16.88
     official_hunter 得分率 0.750  (45胜/0平/15负)  净胜分 +4.15  回报 +12.65
     official_stalker 得分率 1.000  (60胜/0平/0负)  净胜分 +21.92  回报 +22.92
     official_patrol 得分率 1.000  (60胜/0平/0负)  净胜分 +32.57  回报 +33.57
     rl_v5      得分率 0.583  (35胜/0平/25负)  净胜分 +1.13  回报 +6.43
     m3_v1      得分率 0.583  (35胜/0平/25负)  净胜分 +0.87  回报 +9.30
     m3_v2      得分率 0.633  (38胜/0平/22负)  净胜分 +0.95  回报 +10.32
     rl_VG_v0.2 得分率 0.933  (56胜/0平/4负)  净胜分 +6.45  回报 +12.47
     快照闸门开(官方胜率 0.856,需 >0.50)
      · 采样  1024/4096  563 步/秒  已完局 20  回报 +13.25
      · 采样  2048/4096  481 步/秒  已完局 39  回报 +13.23
      · 采样  3072/4096  519 步/秒  已完局 59  回报 +13.25
  upd   97 step  397312  回报 +13.33  胜率 0.77  π损失 -0.0017  V损失 3.2472  熵 0.359  KL +0.01887  规则 11.3%  638 步/秒
      · 采样  1024/4096  521 步/秒  已完局 20  回报 +10.95
      · 采样  2048/4096  544 步/秒  已完局 39  回报 +11.36
      · 采样  3072/4096  548 步/秒  已完局 58  回报 +10.88
  upd   98 step  401408  回报 +11.55  胜率 0.76  π损失 +0.0005  V损失 3.6364  熵 0.351  KL +0.02039  规则 11.0%  633 步/秒
      · 采样  1024/4096  560 步/秒  已完局 19  回报 +13.89
      · 采样  2048/4096  526 步/秒  已完局 38  回报 +13.50
      · 采样  3072/4096  515 步/秒  已完局 58  回报 +11.93
  upd   99 step  405504  回报 +12.09  胜率 0.81  π损失 -0.0024  V损失 3.1519  熵 0.343  KL +0.00848  规则 11.3%  628 步/秒
      · 采样  1024/4096  571 步/秒  已完局 20  回报 +11.80
      · 采样  2048/4096  516 步/秒  已完局 40  回报 +13.10
      · 采样  3072/4096  554 步/秒  已完局 59  回报 +12.63
  upd  100 step  409600  回报 +13.39  胜率 0.81  π损失 -0.0027  V损失 4.3473  熵 0.355  KL +0.01472  规则 11.7%  623 步/秒
    -> 加入快照对手,联盟 = ['official_baseline', 'official_hunter', 'official_stalker', 'official_patrol', 'rl_v5', 'rl_VG_v0.2', 'snap0', 'snap1', 'snap2']
       采样占比 official_baseline=4.8% official_hunter=4.8% official_stalker=4.8% official_patrol=4.8% rl_v5=16.1% rl_VG_v0.2=16.1% snap0=16.1% snap1=16.1% snap2=16.1%
      · 采样  1024/4096  528 步/秒  已完局 19  回报 +11.89
      · 采样  2048/4096  512 步/秒  已完局 39  回报 +10.97
      · 采样  3072/4096  588 步/秒  已完局 59  回报 +12.54
  upd  101 step  413696  回报 +11.74  胜率 0.76  π损失 -0.0038  V损失 2.7206  熵 0.334  KL +0.01695  规则 10.8%  618 步/秒
      · 采样  1024/4096  530 步/秒  已完局 20  回报 +13.60
      · 采样  2048/4096  556 步/秒  已完局 40  回报 +13.72
      · 采样  3072/4096  518 步/秒  已完局 59  回报 +12.93
  upd  102 step  417792  回报 +12.82  胜率 0.90  π损失 +0.0015  V损失 2.6058  熵 0.339  KL +0.01434  规则 11.2%  614 步/秒
      · 采样  1024/4096  514 步/秒  已完局 20  回报 +9.50
      · 采样  2048/4096  552 步/秒  已完局 39  回报 +11.28
      · 采样  3072/4096  551 步/秒  已完局 58  回报 +11.90
  upd  103 step  421888  回报 +12.06  胜率 0.78  π损失 -0.0031  V损失 2.5717  熵 0.322  KL +0.01755  规则 11.5%  609 步/秒
      · 采样  1024/4096  533 步/秒  已完局 20  回报 +11.10
      · 采样  2048/4096  531 步/秒  已完局 40  回报 +12.00
      · 采样  3072/4096  533 步/秒  已完局 60  回报 +12.23
  upd  104 step  425984  回报 +12.33  胜率 0.82  π损失 -0.0021  V损失 3.3022  熵 0.296  KL +0.01383  规则 11.9%  605 步/秒
      · 采样  1024/4096  543 步/秒  已完局 20  回报 +12.65
      · 采样  2048/4096  527 步/秒  已完局 40  回报 +13.70
      · 采样  3072/4096  516 步/秒  已完局 60  回报 +12.63
  upd  105 step  430080  回报 +12.70  胜率 0.78  π损失 -0.0003  V损失 3.8291  熵 0.300  KL +0.01929  规则 12.2%  601 步/秒
      · 采样  1024/4096  525 步/秒  已完局 20  回报 +14.20
      · 采样  2048/4096  507 步/秒  已完局 40  回报 +13.38
      · 采样  3072/4096  559 步/秒  已完局 60  回报 +13.53
  upd  106 step  434176  回报 +12.96  胜率 0.88  π损失 -0.0002  V损失 3.5048  熵 0.305  KL +0.01616  规则 12.4%  597 步/秒
      · 采样  1024/4096  547 步/秒  已完局 20  回报 +13.15
      · 采样  2048/4096  506 步/秒  已完局 40  回报 +11.60
      · 采样  3072/4096  495 步/秒  已完局 60  回报 +11.88
  upd  107 step  438272  回报 +12.24  胜率 0.80  π损失 -0.0024  V损失 2.9623  熵 0.286  KL +0.00907  规则 11.8%  592 步/秒
      · 采样  1024/4096  543 步/秒  已完局 20  回报 +11.70
      · 采样  2048/4096  522 步/秒  已完局 39  回报 +11.46
      · 采样  3072/4096  524 步/秒  已完局 60  回报 +11.92
  upd  108 step  442368  回报 +12.25  胜率 0.88  π损失 -0.0009  V损失 2.8447  熵 0.282  KL +0.01373  规则 11.5%  589 步/秒
      · 采样  1024/4096  562 步/秒  已完局 21  回报 +13.33
      · 采样  2048/4096  511 步/秒  已完局 41  回报 +13.51
      · 采样  3072/4096  540 步/秒  已完局 62  回报 +14.37
  upd  109 step  446464  回报 +14.55  胜率 0.89  π损失 +0.0008  V损失 4.4751  熵 0.288  KL +0.01410  规则 13.1%  585 步/秒
      · 采样  1024/4096  551 步/秒  已完局 20  回报 +13.50
      · 采样  2048/4096  496 步/秒  已完局 40  回报 +11.53
      · 采样  3072/4096  525 步/秒  已完局 60  回报 +11.40
  upd  110 step  450560  回报 +11.22  胜率 0.80  π损失 +0.0010  V损失 2.9462  熵 0.294  KL +0.01669  规则 11.9%  581 步/秒
    -> 加入快照对手,联盟 = ['official_baseline', 'official_hunter', 'official_stalker', 'official_patrol', 'rl_v5', 'rl_VG_v0.2', 'snap0', 'snap1', 'snap2', 'snap3']
       采样占比 official_baseline=4.2% official_hunter=4.2% official_stalker=4.2% official_patrol=4.2% rl_v5=13.9% rl_VG_v0.2=13.9% snap0=13.9% snap1=13.9% snap2=13.9% snap3=13.9%
      · 采样  1024/4096  522 步/秒  已完局 20  回报 +10.45
      · 采样  2048/4096  487 步/秒  已完局 40  回报 +11.47
      · 采样  3072/4096  536 步/秒  已完局 59  回报 +10.98
  upd  111 step  454656  回报 +10.71  胜率 0.76  π损失 +0.0002  V损失 2.9810  熵 0.309  KL +0.02252  规则 11.5%  578 步/秒
      · 采样  1024/4096  513 步/秒  已完局 20  回报 +11.30
      · 采样  2048/4096  538 步/秒  已完局 40  回报 +12.28
      · 采样  3072/4096  538 步/秒  已完局 60  回报 +12.10
  upd  112 step  458752  回报 +11.96  胜率 0.78  π损失 +0.0038  V损失 3.0762  熵 0.325  KL +0.02215  规则 11.6%  574 步/秒
      · 采样  1024/4096  541 步/秒  已完局 21  回报 +12.95
      · 采样  2048/4096  524 步/秒  已完局 41  回报 +12.07
      · 采样  3072/4096  565 步/秒  已完局 62  回报 +12.08
  upd  113 step  462848  回报 +12.90  胜率 0.82  π损失 +0.0001  V损失 3.8523  熵 0.288  KL +0.02375  规则 12.7%  571 步/秒
      · 采样  1024/4096  546 步/秒  已完局 22  回报 +14.41
      · 采样  2048/4096  521 步/秒  已完局 42  回报 +14.07
      · 采样  3072/4096  533 步/秒  已完局 63  回报 +13.38
  upd  114 step  466944  回报 +13.65  胜率 0.88  π损失 +0.0002  V损失 4.2826  熵 0.282  KL +0.01663  规则 13.6%  568 步/秒
      · 采样  1024/4096  473 步/秒  已完局 20  回报 +10.50
      · 采样  2048/4096  492 步/秒  已完局 41  回报 +9.78
      · 采样  3072/4096  537 步/秒  已完局 62  回报 +10.11
  upd  115 step  471040  回报 +11.32  胜率 0.74  π损失 -0.0010  V损失 4.2961  熵 0.287  KL +0.01423  规则 12.9%  565 步/秒
      · 采样  1024/4096  489 步/秒  已完局 20  回报 +10.25
      · 采样  2048/4096  562 步/秒  已完局 41  回报 +10.34
      · 采样  3072/4096  534 步/秒  已完局 63  回报 +12.02
  upd  116 step  475136  回报 +11.89  胜率 0.74  π损失 -0.0014  V损失 3.8183  熵 0.302  KL +0.01735  规则 12.7%  562 步/秒
      · 采样  1024/4096  510 步/秒  已完局 21  回报 +11.95
      · 采样  2048/4096  526 步/秒  已完局 42  回报 +11.93
      · 采样  3072/4096  483 步/秒  已完局 62  回报 +11.45
  upd  117 step  479232  回报 +11.99  胜率 0.82  π损失 +0.0021  V损失 3.3910  熵 0.289  KL +0.02362  规则 12.4%  559 步/秒
      · 采样  1024/4096  541 步/秒  已完局 21  回报 +16.29
      · 采样  2048/4096  500 步/秒  已完局 42  回报 +13.07
      · 采样  3072/4096  581 步/秒  已完局 63  回报 +12.63
  upd  118 step  483328  回报 +12.24  胜率 0.80  π损失 +0.0001  V损失 3.3726  熵 0.287  KL +0.02654  规则 13.5%  557 步/秒
      · 采样  1024/4096  487 步/秒  已完局 21  回报 +12.62
      · 采样  2048/4096  511 步/秒  已完局 42  回报 +12.79
      · 采样  3072/4096  485 步/秒  已完局 62  回报 +12.27
  upd  119 step  487424  回报 +12.57  胜率 0.84  π损失 +0.0027  V损失 3.2290  熵 0.273  KL +0.02102  规则 12.4%  554 步/秒
      · 采样  1024/4096  508 步/秒  已完局 21  回报 +14.19
      · 采样  2048/4096  526 步/秒  已完局 41  回报 +13.80
      · 采样  3072/4096  545 步/秒  已完局 63  回报 +14.87
  upd  120 step  491520  回报 +14.18  胜率 0.92  π损失 -0.0015  V损失 3.4051  熵 0.263  KL +0.01824  规则 12.8%  551 步/秒
  ── 评测(update 120)──
     official_baseline 得分率 0.917  (55胜/0平/5负)  净胜分 +7.23  回报 +15.23
     official_hunter 得分率 0.583  (35胜/0平/25负)  净胜分 +1.12  回报 +10.22
     official_stalker 得分率 1.000  (60胜/0平/0负)  净胜分 +18.72  回报 +19.72
     official_patrol 得分率 1.000  (60胜/0平/0负)  净胜分 +29.57  回报 +30.57
     rl_v5      得分率 0.567  (34胜/0平/26负)  净胜分 +1.35  回报 +6.40
     m3_v1      得分率 0.383  (23胜/0平/37负)  净胜分 -0.67  回报 +7.68
     m3_v2      得分率 0.250  (15胜/0平/45负)  净胜分 -2.80  回报 +6.33
     rl_VG_v0.2 得分率 0.967  (58胜/0平/2负)  净胜分 +5.98  回报 +11.78
     快照闸门开(官方胜率 0.756,需 >0.50)
    -> 加入快照对手,联盟 = ['official_baseline', 'official_hunter', 'official_stalker', 'official_patrol', 'rl_v5', 'rl_VG_v0.2', 'snap0', 'snap1', 'snap2', 'snap3', 'snap4']
       采样占比 official_baseline=3.7% official_hunter=3.7% official_stalker=3.7% official_patrol=3.7% rl_v5=12.2% rl_VG_v0.2=12.2% snap0=12.2% snap1=12.2% snap2=12.2% snap3=12.2% snap4=12.2%
      · 采样  1024/4096  471 步/秒  已完局 21  回报 +14.43
      · 采样  2048/4096  532 步/秒  已完局 42  回报 +15.00
      · 采样  3072/4096  496 步/秒  已完局 64  回报 +14.59
  upd  121 step  495616  回报 +13.79  胜率 0.88  π损失 +0.0006  V损失 3.8026  熵 0.248  KL +0.01480  规则 12.3%  526 步/秒
      · 采样  1024/4096  523 步/秒  已完局 21  回报 +9.43
      · 采样  2048/4096  506 步/秒  已完局 42  回报 +10.57
      · 采样  3072/4096  546 步/秒  已完局 62  回报 +11.66
  upd  122 step  499712  回报 +11.81  胜率 0.77  π损失 -0.0027  V损失 3.7903  熵 0.256  KL +0.01711  规则 12.1%  524 步/秒
      · 采样  1024/4096  471 步/秒  已完局 21  回报 +13.76
      · 采样  2048/4096  524 步/秒  已完局 41  回报 +12.51
      · 采样  3072/4096  509 步/秒  已完局 61  回报 +12.15
  upd  123 step  503808  回报 +11.96  胜率 0.78  π损失 -0.0030  V损失 2.7890  熵 0.273  KL +0.01623  规则 11.7%  521 步/秒
      · 采样  1024/4096  487 步/秒  已完局 20  回报 +13.75
      · 采样  2048/4096  506 步/秒  已完局 41  回报 +14.63
      · 采样  3072/4096  505 步/秒  已完局 61  回报 +13.13
  upd  124 step  507904  回报 +13.05  胜率 0.83  π损失 -0.0002  V损失 3.2864  熵 0.286  KL +0.01826  规则 11.0%  519 步/秒
      · 采样  1024/4096  495 步/秒  已完局 20  回报 +10.45
      · 采样  2048/4096  472 步/秒  已完局 40  回报 +12.25
      · 采样  3072/4096  475 步/秒  已完局 60  回报 +12.73
  upd  125 step  512000  回报 +12.86  胜率 0.78  π损失 -0.0020  V损失 3.4545  熵 0.316  KL +0.01761  规则 11.2%  517 步/秒
      · 采样  1024/4096  500 步/秒  已完局 19  回报 +14.00
      · 采样  2048/4096  490 步/秒  已完局 40  回报 +13.65
      · 采样  3072/4096  562 步/秒  已完局 60  回报 +14.07
  upd  126 step  516096  回报 +13.71  胜率 0.90  π损失 -0.0012  V损失 2.7493  熵 0.297  KL +0.01731  规则 11.4%  515 步/秒
      · 采样  1024/4096  503 步/秒  已完局 21  回报 +12.52
      · 采样  2048/4096  549 步/秒  已完局 41  回报 +13.10
      · 采样  3072/4096  569 步/秒  已完局 61  回报 +13.90
  upd  127 step  520192  回报 +13.36  胜率 0.82  π损失 -0.0016  V损失 3.0314  熵 0.294  KL +0.01959  规则 11.5%  514 步/秒
      · 采样  1024/4096  525 步/秒  已完局 21  回报 +14.52
      · 采样  2048/4096  498 步/秒  已完局 41  回报 +14.12
      · 采样  3072/4096  532 步/秒  已完局 62  回报 +14.52
  upd  128 step  524288  回报 +14.52  胜率 0.94  π损失 +0.0057  V损失 3.0583  熵 0.225  KL +0.02065  规则 11.8%  512 步/秒
      · 采样  1024/4096  522 步/秒  已完局 21  回报 +16.43
      · 采样  2048/4096  515 步/秒  已完局 41  回报 +14.73
      · 采样  3072/4096  506 步/秒  已完局 61  回报 +14.82
  upd  129 step  528384  回报 +14.55  胜率 0.88  π损失 +0.0014  V损失 3.7328  熵 0.269  KL +0.01163  规则 11.3%  510 步/秒
      · 采样  1024/4096  512 步/秒  已完局 20  回报 +15.45
      · 采样  2048/4096  529 步/秒  已完局 41  回报 +16.22
      · 采样  3072/4096  514 步/秒  已完局 61  回报 +15.85
  upd  130 step  532480  回报 +15.59  胜率 0.93  π损失 -0.0033  V损失 3.6042  熵 0.232  KL +0.01842  规则 11.7%  508 步/秒
    -> 加入快照对手,联盟 = ['official_baseline', 'official_hunter', 'official_stalker', 'official_patrol', 'rl_v5', 'rl_VG_v0.2', 'snap0', 'snap1', 'snap2', 'snap3', 'snap4', 'snap5']
       采样占比 official_baseline=3.3% official_hunter=3.3% official_stalker=3.3% official_patrol=3.3% rl_v5=10.9% rl_VG_v0.2=10.9% snap0=10.9% snap1=10.9% snap2=10.9% snap3=10.9% snap4=10.9% snap5=10.9%
      · 采样  1024/4096  530 步/秒  已完局 20  回报 +14.45
      · 采样  2048/4096  525 步/秒  已完局 40  回报 +14.20
      · 采样  3072/4096  513 步/秒  已完局 60  回报 +12.80
  upd  131 step  536576  回报 +12.56  胜率 0.79  π损失 -0.0019  V损失 3.4273  熵 0.254  KL +0.01925  规则 11.0%  507 步/秒
      · 采样  1024/4096  506 步/秒  已完局 20  回报 +11.30
      · 采样  2048/4096  555 步/秒  已完局 40  回报 +12.68
      · 采样  3072/4096  504 步/秒  已完局 60  回报 +12.18
  upd  132 step  540672  回报 +12.47  胜率 0.86  π损失 -0.0035  V损失 2.7437  熵 0.261  KL +0.02277  规则 10.7%  505 步/秒
      · 采样  1024/4096  520 步/秒  已完局 20  回报 +12.60
      · 采样  2048/4096  512 步/秒  已完局 40  回报 +12.75
      · 采样  3072/4096  508 步/秒  已完局 60  回报 +13.30
  upd  133 step  544768  回报 +13.43  胜率 0.89  π损失 -0.0028  V损失 2.9161  熵 0.294  KL +0.01573  规则 11.0%  503 步/秒
      · 采样  1024/4096  568 步/秒  已完局 21  回报 +16.95
      · 采样  2048/4096  512 步/秒  已完局 42  回报 +15.07
      · 采样  3072/4096  494 步/秒  已完局 62  回报 +14.39
  upd  134 step  548864  回报 +14.72  胜率 0.89  π损失 +0.0005  V损失 3.1389  熵 0.234  KL +0.01705  规则 11.6%  501 步/秒
      · 采样  1024/4096  509 步/秒  已完局 20  回报 +14.65
      · 采样  2048/4096  523 步/秒  已完局 41  回报 +14.07
      · 采样  3072/4096  556 步/秒  已完局 61  回报 +13.36
  upd  135 step  552960  回报 +12.50  胜率 0.74  π损失 -0.0008  V损失 3.2862  熵 0.278  KL +0.01918  规则 10.9%  500 步/秒
      · 采样  1024/4096  542 步/秒  已完局 21  回报 +14.86
      · 采样  2048/4096  535 步/秒  已完局 41  回报 +15.22
      · 采样  3072/4096  552 步/秒  已完局 62  回报 +15.23
  upd  136 step  557056  回报 +14.56  胜率 0.90  π损失 +0.0015  V损失 3.3100  熵 0.265  KL +0.02210  规则 11.6%  498 步/秒
      · 采样  1024/4096  505 步/秒  已完局 21  回报 +16.14
      · 采样  2048/4096  527 步/秒  已完局 41  回报 +15.44
      · 采样  3072/4096  505 步/秒  已完局 61  回报 +15.21
  upd  137 step  561152  回报 +15.99  胜率 0.88  π损失 +0.0017  V损失 4.4444  熵 0.269  KL +0.01926  规则 12.4%  497 步/秒
      · 采样  1024/4096  518 步/秒  已完局 20  回报 +13.90
      · 采样  2048/4096  512 步/秒  已完局 40  回报 +13.68
      · 采样  3072/4096  513 步/秒  已完局 59  回报 +12.76
  upd  138 step  565248  回报 +13.51  胜率 0.89  π损失 -0.0001  V损失 2.5364  熵 0.303  KL +0.01664  规则 10.7%  495 步/秒
      · 采样  1024/4096  517 步/秒  已完局 20  回报 +14.95
      · 采样  2048/4096  517 步/秒  已完局 40  回报 +14.95
      · 采样  3072/4096  510 步/秒  已完局 60  回报 +14.68
  upd  139 step  569344  回报 +14.04  胜率 0.91  π损失 +0.0026  V损失 2.6581  熵 0.287  KL +0.02318  规则 11.1%  493 步/秒
      · 采样  1024/4096  546 步/秒  已完局 20  回报 +14.55
      · 采样  2048/4096  507 步/秒  已完局 40  回报 +13.57
      · 采样  3072/4096  500 步/秒  已完局 59  回报 +14.24
  upd  140 step  573440  回报 +14.67  胜率 0.92  π损失 -0.0030  V损失 2.5925  熵 0.286  KL +0.01841  规则 11.0%  492 步/秒
    -> 加入快照对手,联盟 = ['official_baseline', 'official_hunter', 'official_stalker', 'official_patrol', 'rl_v5', 'rl_VG_v0.2', 'snap1', 'snap2', 'snap3', 'snap4', 'snap5', 'snap6']
       采样占比 official_baseline=3.3% official_hunter=3.3% official_stalker=3.3% official_patrol=3.3% rl_v5=10.9% rl_VG_v0.2=10.9% snap1=10.9% snap2=10.9% snap3=10.9% snap4=10.9% snap5=10.9% snap6=10.9%
      · 采样  1024/4096  562 步/秒  已完局 21  回报 +16.62
      · 采样  2048/4096  516 步/秒  已完局 41  回报 +14.76
      · 采样  3072/4096  489 步/秒  已完局 61  回报 +15.08
  upd  141 step  577536  回报 +14.86  胜率 0.88  π损失 -0.0001  V损失 3.7352  熵 0.257  KL +0.01065  规则 11.7%  490 步/秒
      · 采样  1024/4096  563 步/秒  已完局 21  回报 +15.52
      · 采样  2048/4096  495 步/秒  已完局 41  回报 +14.44
      · 采样  3072/4096  474 步/秒  已完局 60  回报 +14.00
  upd  142 step  581632  回报 +14.20  胜率 0.85  π损失 -0.0007  V损失 3.3361  熵 0.276  KL +0.01827  规则 11.5%  489 步/秒
      · 采样  1024/4096  503 步/秒  已完局 20  回报 +15.00
      · 采样  2048/4096  557 步/秒  已完局 40  回报 +14.65
      · 采样  3072/4096  503 步/秒  已完局 60  回报 +14.27
  upd  143 step  585728  回报 +14.29  胜率 0.93  π损失 +0.0049  V损失 2.7713  熵 0.266  KL +0.01446  规则 11.6%  487 步/秒
      · 采样  1024/4096  535 步/秒  已完局 20  回报 +12.50
      · 采样  2048/4096  516 步/秒  已完局 40  回报 +12.70
      · 采样  3072/4096  545 步/秒  已完局 60  回报 +13.18
  upd  144 step  589824  回报 +13.21  胜率 0.82  π损失 +0.0020  V损失 2.8506  熵 0.247  KL +0.01946  规则 11.4%  486 步/秒
  ── 评测(update 144)──
     official_baseline 得分率 1.000  (60胜/0平/0负)  净胜分 +11.57  回报 +19.12
     official_hunter 得分率 0.867  (52胜/0平/8负)  净胜分 +4.67  回报 +13.02
     official_stalker 得分率 1.000  (60胜/0平/0负)  净胜分 +20.67  回报 +21.67
     official_patrol 得分率 1.000  (60胜/0平/0负)  净胜分 +19.47  回报 +20.47
     rl_v5      得分率 0.500  (30胜/0平/30负)  净胜分 +0.98  回报 +5.77
     m3_v1      得分率 0.367  (22胜/0平/38负)  净胜分 -0.43  回报 +7.33
     m3_v2      得分率 0.367  (22胜/0平/38负)  净胜分 -0.68  回报 +8.17
     rl_VG_v0.2 得分率 0.967  (58胜/0平/2负)  净胜分 +5.52  回报 +10.85
     快照闸门开(官方胜率 0.689,需 >0.50)
      · 采样  1024/4096  261 步/秒  已完局 20  回报 +15.00
      · 采样  2048/4096  315 步/秒  已完局 40  回报 +14.40
      · 采样  3072/4096  317 步/秒  已完局 60  回报 +14.60
  upd  145 step  593920  回报 +15.07  胜率 0.90  π损失 +0.0007  V损失 3.6807  熵 0.250  KL +0.02301  规则 12.1%  466 步/秒
      · 采样  1024/4096  245 步/秒  已完局 19  回报 +13.63
      · 采样  2048/4096  265 步/秒  已完局 39  回报 +14.49
      · 采样  3072/4096  312 步/秒  已完局 59  回报 +14.97
  upd  146 step  598016  回报 +14.38  胜率 0.91  π损失 +0.0029  V损失 3.2368  熵 0.283  KL +0.02540  规则 11.9%  461 步/秒
      · 采样  1024/4096  233 步/秒  已完局 20  回报 +13.20
      · 采样  2048/4096  245 步/秒  已完局 41  回报 +14.05
      · 采样  3072/4096  305 步/秒  已完局 61  回报 +14.52
  upd  147 step  602112  回报 +15.31  胜率 0.88  π损失 +0.0036  V损失 3.7621  熵 0.259  KL +0.01768  规则 12.4%  456 步/秒
      · 采样  1024/4096  260 步/秒  已完局 20  回报 +16.40
      · 采样  2048/4096  283 步/秒  已完局 40  回报 +16.68
      · 采样  3072/4096  313 步/秒  已完局 60  回报 +15.67
  upd  148 step  606208  回报 +15.51  胜率 0.90  π损失 +0.0044  V损失 3.3329  熵 0.247  KL +0.02708  规则 12.0%  452 步/秒
      · 采样  1024/4096  281 步/秒  已完局 20  回报 +14.00
      · 采样  2048/4096  336 步/秒  已完局 40  回报 +15.90
      · 采样  3072/4096  265 步/秒  已完局 60  回报 +15.42
  upd  149 step  610304  回报 +15.91  胜率 0.91  π损失 +0.0036  V损失 3.8075  熵 0.271  KL +0.02619  规则 12.0%  448 步/秒
      · 采样  1024/4096  264 步/秒  已完局 20  回报 +16.05
      · 采样  2048/4096  364 步/秒  已完局 40  回报 +15.45
      · 采样  3072/4096  290 步/秒  已完局 60  回报 +14.75
  upd  150 step  614400  回报 +14.61  胜率 0.89  π损失 -0.0046  V损失 3.2823  熵 0.266  KL +0.02219  规则 11.6%  444 步/秒
    -> 加入快照对手,联盟 = ['official_baseline', 'official_hunter', 'official_stalker', 'official_patrol', 'rl_v5', 'rl_VG_v0.2', 'snap2', 'snap3', 'snap4', 'snap5', 'snap6', 'snap6']
       采样占比 official_baseline=3.3% official_hunter=3.3% official_stalker=3.3% official_patrol=3.3% rl_v5=10.9% rl_VG_v0.2=10.9% snap2=10.9% snap3=10.9% snap4=10.9% snap5=10.9% snap6=10.9% snap6=10.9%
      · 采样  1024/4096  338 步/秒  已完局 20  回报 +14.70
      · 采样  2048/4096  306 步/秒  已完局 40  回报 +14.30
      · 采样  3072/4096  277 步/秒  已完局 60  回报 +14.47
  upd  151 step  618496  回报 +15.36  胜率 0.89  π损失 +0.0010  V损失 4.0351  熵 0.273  KL +0.02399  规则 12.7%  441 步/秒
      · 采样  1024/4096  323 步/秒  已完局 20  回报 +13.20
      · 采样  2048/4096  305 步/秒  已完局 40  回报 +15.10
      · 采样  3072/4096  260 步/秒  已完局 60  回报 +14.95
  upd  152 step  622592  回报 +14.75  胜率 0.84  π损失 +0.0017  V损失 3.8593  熵 0.276  KL +0.01482  规则 12.3%  437 步/秒
      · 采样  1024/4096  304 步/秒  已完局 20  回报 +14.70
      · 采样  2048/4096  311 步/秒  已完局 40  回报 +16.10
      · 采样  3072/4096  243 步/秒  已完局 59  回报 +14.81
  upd  153 step  626688  回报 +14.56  胜率 0.87  π损失 +0.0006  V损失 4.1993  熵 0.272  KL +0.01375  规则 12.1%  433 步/秒
      · 采样  1024/4096  329 步/秒  已完局 21  回报 +16.14
      · 采样  2048/4096  337 步/秒  已完局 42  回报 +17.33
      · 采样  3072/4096  268 步/秒  已完局 61  回报 +16.64
  upd  154 step  630784  回报 +15.52  胜率 0.78  π损失 -0.0025  V损失 4.7214  熵 0.269  KL +0.01423  规则 12.2%  430 步/秒
      · 采样  1024/4096  303 步/秒  已完局 20  回报 +14.65
      · 采样  2048/4096  250 步/秒  已完局 40  回报 +14.45
      · 采样  3072/4096  259 步/秒  已完局 60  回报 +15.70
  upd  155 step  634880  回报 +15.91  胜率 0.85  π损失 +0.0012  V损失 5.7124  熵 0.268  KL +0.02172  规则 12.7%  427 步/秒
      · 采样  1024/4096  484 步/秒  已完局 20  回报 +15.75
      · 采样  2048/4096  570 步/秒  已完局 40  回报 +15.80
      · 采样  3072/4096  533 步/秒  已完局 60  回报 +15.48
  upd  156 step  638976  回报 +15.72  胜率 0.89  π损失 +0.0007  V损失 4.7078  熵 0.281  KL +0.01515  规则 12.5%  426 步/秒
      · 采样  1024/4096  490 步/秒  已完局 20  回报 +14.65
      · 采样  2048/4096  498 步/秒  已完局 40  回报 +16.10
      · 采样  3072/4096  470 步/秒  已完局 60  回报 +15.38
  upd  157 step  643072  回报 +16.32  胜率 0.91  π损失 -0.0017  V损失 4.0896  熵 0.251  KL +0.01097  规则 12.5%  425 步/秒
      · 采样  1024/4096  506 步/秒  已完局 19  回报 +12.84
      · 采样  2048/4096  454 步/秒  已完局 39  回报 +15.33
      · 采样  3072/4096  486 步/秒  已完局 60  回报 +16.00
  upd  158 step  647168  回报 +15.29  胜率 0.89  π损失 +0.0002  V损失 3.8180  熵 0.258  KL +0.01903  规则 11.9%  424 步/秒
      · 采样  1024/4096  497 步/秒  已完局 21  回报 +19.00
      · 采样  2048/4096  476 步/秒  已完局 41  回报 +18.34
      · 采样  3072/4096  483 步/秒  已完局 61  回报 +17.43
  upd  159 step  651264  回报 +16.89  胜率 0.86  π损失 +0.0018  V损失 4.6124  熵 0.232  KL +0.01610  规则 12.5%  423 步/秒
      · 采样  1024/4096  469 步/秒  已完局 20  回报 +13.70
      · 采样  2048/4096  504 步/秒  已完局 40  回报 +14.95
      · 采样  3072/4096  565 步/秒  已完局 60  回报 +15.72
  upd  160 step  655360  回报 +17.41  胜率 0.95  π损失 -0.0010  V损失 4.3631  熵 0.232  KL +0.00685  规则 12.5%  423 步/秒
    -> 加入快照对手,联盟 = ['official_baseline', 'official_hunter', 'official_stalker', 'official_patrol', 'rl_v5', 'rl_VG_v0.2', 'snap3', 'snap4', 'snap5', 'snap6', 'snap6', 'snap6']
       采样占比 official_baseline=3.3% official_hunter=3.3% official_stalker=3.3% official_patrol=3.3% rl_v5=10.9% rl_VG_v0.2=10.9% snap3=10.9% snap4=10.9% snap5=10.9% snap6=10.9% snap6=10.9% snap6=10.9%
      · 采样  1024/4096  478 步/秒  已完局 19  回报 +12.79
      · 采样  2048/4096  497 步/秒  已完局 39  回报 +13.74
      · 采样  3072/4096  478 步/秒  已完局 59  回报 +14.19
  upd  161 step  659456  回报 +13.91  胜率 0.82  π损失 +0.0027  V损失 4.0320  熵 0.242  KL +0.02063  规则 11.8%  422 步/秒
      · 采样  1024/4096  477 步/秒  已完局 20  回报 +16.70
      · 采样  2048/4096  372 步/秒  已完局 39  回报 +16.46
      · 采样  3072/4096  331 步/秒  已完局 59  回报 +16.46
  upd  162 step  663552  回报 +16.24  胜率 0.84  π损失 +0.0004  V损失 4.2459  熵 0.250  KL +0.01110  规则 12.4%  420 步/秒
      · 采样  1024/4096  370 步/秒  已完局 20  回报 +15.30
      · 采样  2048/4096  364 步/秒  已完局 39  回报 +14.56
      · 采样  3072/4096  325 步/秒  已完局 58  回报 +15.16
  upd  163 step  667648  回报 +15.14  胜率 0.85  π损失 +0.0014  V损失 4.0513  熵 0.255  KL +0.01152  规则 11.7%  418 步/秒
      · 采样  1024/4096  371 步/秒  已完局 20  回报 +17.30
      · 采样  2048/4096  391 步/秒  已完局 39  回报 +15.79
      · 采样  3072/4096  392 步/秒  已完局 59  回报 +15.39
  upd  164 step  671744  回报 +15.68  胜率 0.84  π损失 +0.0010  V损失 4.3357  熵 0.273  KL +0.01737  规则 12.4%  417 步/秒
      · 采样  1024/4096  451 步/秒  已完局 19  回报 +17.11
      · 采样  2048/4096  490 步/秒  已完局 39  回报 +17.31
      · 采样  3072/4096  524 步/秒  已完局 60  回报 +18.13
  upd  165 step  675840  回报 +17.61  胜率 0.85  π损失 -0.0001  V损失 4.8976  熵 0.280  KL +0.01757  规则 12.6%  417 步/秒
      · 采样  1024/4096  485 步/秒  已完局 20  回报 +17.95
      · 采样  2048/4096  545 步/秒  已完局 40  回报 +15.30
      · 采样  3072/4096  505 步/秒  已完局 59  回报 +14.83
  upd  166 step  679936  回报 +14.90  胜率 0.86  π损失 -0.0002  V损失 3.7975  熵 0.288  KL +0.01891  规则 12.2%  416 步/秒
      · 采样  1024/4096  509 步/秒  已完局 20  回报 +17.55
      · 采样  2048/4096  514 步/秒  已完局 39  回报 +16.92
      · 采样  3072/4096  496 步/秒  已完局 59  回报 +17.78
  upd  167 step  684032  回报 +17.35  胜率 0.89  π损失 +0.0010  V损失 4.1576  熵 0.257  KL +0.01482  规则 12.9%  415 步/秒
      · 采样  1024/4096  533 步/秒  已完局 21  回报 +16.57
      · 采样  2048/4096  507 步/秒  已完局 40  回报 +14.75
      · 采样  3072/4096  502 步/秒  已完局 61  回报 +15.93
  upd  168 step  688128  回报 +15.88  胜率 0.94  π损失 -0.0022  V损失 4.2556  熵 0.247  KL +0.00900  规则 12.6%  415 步/秒
  ── 评测(update 168)──
     official_baseline 得分率 0.967  (58胜/0平/2负)  净胜分 +10.38  回报 +17.68
     official_hunter 得分率 0.700  (42胜/0平/18负)  净胜分 +2.48  回报 +11.05
     official_stalker 得分率 1.000  (60胜/0平/0负)  净胜分 +22.05  回报 +23.05
     official_patrol 得分率 0.983  (59胜/0平/1负)  净胜分 +26.18  回报 +27.15
     rl_v5      得分率 0.383  (23胜/0平/37负)  净胜分 +0.00  回报 +5.27
     m3_v1      得分率 0.383  (23胜/0平/37负)  净胜分 -0.88  回报 +6.72
     m3_v2      得分率 0.333  (20胜/0平/40负)  净胜分 -1.33  回报 +7.68
     rl_VG_v0.2 得分率 0.950  (57胜/0平/3负)  净胜分 +5.90  回报 +11.28
     快照闸门开(官方胜率 0.789,需 >0.50)
      · 采样  1024/4096  564 步/秒  已完局 19  回报 +12.63
      · 采样  2048/4096  581 步/秒  已完局 39  回报 +13.97
      · 采样  3072/4096  556 步/秒  已完局 59  回报 +14.64
  upd  169 step  692224  回报 +15.54  胜率 0.91  π损失 -0.0015  V损失 3.3706  熵 0.283  KL +0.01103  规则 11.9%  405 步/秒
      · 采样  1024/4096  553 步/秒  已完局 19  回报 +13.05
      · 采样  2048/4096  561 步/秒  已完局 39  回报 +14.67
      · 采样  3072/4096  541 步/秒  已完局 60  回报 +15.45
  upd  170 step  696320  回报 +16.05  胜率 0.92  π损失 +0.0016  V损失 3.9324  熵 0.255  KL +0.01183  规则 12.4%  405 步/秒
    -> 加入快照对手,联盟 = ['official_baseline', 'official_hunter', 'official_stalker', 'official_patrol', 'rl_v5', 'rl_VG_v0.2', 'snap4', 'snap5', 'snap6', 'snap6', 'snap6', 'snap6']
       采样占比 official_baseline=3.3% official_hunter=3.3% official_stalker=3.3% official_patrol=3.3% rl_v5=10.9% rl_VG_v0.2=10.9% snap4=10.9% snap5=10.9% snap6=10.9% snap6=10.9% snap6=10.9% snap6=10.9%
      · 采样  1024/4096  530 步/秒  已完局 20  回报 +15.30
      · 采样  2048/4096  526 步/秒  已完局 41  回报 +15.41
      · 采样  3072/4096  552 步/秒  已完局 61  回报 +15.00
  upd  171 step  700416  回报 +15.10  胜率 0.83  π损失 +0.0004  V损失 3.8728  熵 0.248  KL +0.01673  规则 12.7%  405 步/秒
      · 采样  1024/4096  556 步/秒  已完局 20  回报 +14.60
      · 采样  2048/4096  552 步/秒  已完局 40  回报 +13.43
      · 采样  3072/4096  581 步/秒  已完局 60  回报 +13.70
  upd  172 step  704512  回报 +14.27  胜率 0.89  π损失 +0.0021  V损失 3.4228  熵 0.265  KL +0.01778  规则 12.2%  405 步/秒
      · 采样  1024/4096  535 步/秒  已完局 20  回报 +11.80
      · 采样  2048/4096  493 步/秒  已完局 41  回报 +12.61
      · 采样  3072/4096  547 步/秒  已完局 60  回报 +13.55
  upd  173 step  708608  回报 +13.31  胜率 0.78  π损失 -0.0002  V损失 3.3375  熵 0.272  KL +0.01047  规则 11.7%  405 步/秒
      · 采样  1024/4096  560 步/秒  已完局 20  回报 +15.60
      · 采样  2048/4096  598 步/秒  已完局 40  回报 +14.43
      · 采样  3072/4096  515 步/秒  已完局 60  回报 +14.87
  upd  174 step  712704  回报 +14.01  胜率 0.81  π损失 -0.0014  V损失 3.1166  熵 0.251  KL +0.01223  规则 12.6%  405 步/秒
      · 采样  1024/4096  611 步/秒  已完局 19  回报 +15.74
      · 采样  2048/4096  554 步/秒  已完局 39  回报 +16.49
      · 采样  3072/4096  570 步/秒  已完局 59  回报 +17.39
  upd  175 step  716800  回报 +16.73  胜率 0.86  π损失 +0.0013  V损失 3.4734  熵 0.255  KL +0.01257  规则 12.2%  405 步/秒
      · 采样  1024/4096  576 步/秒  已完局 20  回报 +16.25
      · 采样  2048/4096  555 步/秒  已完局 39  回报 +15.18
      · 采样  3072/4096  574 步/秒  已完局 58  回报 +14.69
