[monet] 续训自 .probe/vg10_norules/final.npz(step=200704)
[rl_monet_v1] run=vg10_norules 输出=.probe\vg10_norules
  网络 428->512x3->8  联盟 ['official_baseline', 'official_hunter', 'official_stalker', 'official_patrol', 'rl_v5', 'rl_VG_v0.2']  目标步数 6000000
  采样占比 official_baseline=9.4% official_hunter=9.4% official_stalker=9.4% official_patrol=9.4% rl_v5=31.2% rl_VG_v0.2=31.2%
      · 采样  1024/4096  410 步/秒  已完局 18  回报 +12.33
      · 采样  2048/4096  558 步/秒  已完局 37  回报 +10.70
      · 采样  3072/4096  524 步/秒  已完局 56  回报 +10.54
  upd   50 step  204800  回报 +11.61  胜率 0.77  π损失 -0.0040  V损失 2.8703  熵 0.393  KL +0.02841  规则 0.0%  17338 步/秒
    -> 跳过快照(闸门关(还没评测过,需 >0.50))
      · 采样  1024/4096  553 步/秒  已完局 19  回报 +13.53
      · 采样  2048/4096  606 步/秒  已完局 39  回报 +12.87
      · 采样  3072/4096  566 步/秒  已完局 58  回报 +12.41
  upd   51 step  208896  回报 +12.01  胜率 0.86  π损失 -0.0052  V损失 2.2701  熵 0.398  KL +0.02629  规则 0.0%  9167 步/秒
      · 采样  1024/4096  563 步/秒  已完局 20  回报 +14.50
      · 采样  2048/4096  547 步/秒  已完局 39  回报 +13.08
      · 采样  3072/4096  581 步/秒  已完局 58  回报 +11.69
  upd   52 step  212992  回报 +11.77  胜率 0.79  π损失 -0.0015  V损失 2.1830  熵 0.426  KL +0.03208  规则 0.0%  6313 步/秒
      · 采样  1024/4096  587 步/秒  已完局 19  回报 +11.95
      · 采样  2048/4096  609 步/秒  已完局 38  回报 +11.63
      · 采样  3072/4096  623 步/秒  已完局 57  回报 +11.93
  upd   53 step  217088  回报 +12.59  胜率 0.79  π损失 -0.0031  V损失 2.8183  熵 0.436  KL +0.02177  规则 0.0%  4910 步/秒
      · 采样  1024/4096  604 步/秒  已完局 20  回报 +11.00
      · 采样  2048/4096  571 步/秒  已完局 39  回报 +11.67
      · 采样  3072/4096  616 步/秒  已完局 58  回报 +13.50
  upd   54 step  221184  回报 +12.62  胜率 0.79  π损失 +0.0010  V损失 3.7088  熵 0.406  KL +0.02260  规则 0.0%  4029 步/秒
      · 采样  1024/4096  575 步/秒  已完局 19  回报 +8.63
      · 采样  2048/4096  612 步/秒  已完局 38  回报 +10.05
      · 采样  3072/4096  580 步/秒  已完局 57  回报 +10.58
  upd   55 step  225280  回报 +10.76  胜率 0.72  π损失 -0.0031  V损失 3.1541  熵 0.385  KL +0.01798  规则 0.0%  3439 步/秒
      · 采样  1024/4096  691 步/秒  已完局 20  回报 +12.15
      · 采样  2048/4096  602 步/秒  已完局 39  回报 +12.23
      · 采样  3072/4096  650 步/秒  已完局 58  回报 +12.95
  upd   56 step  229376  回报 +13.21  胜率 0.88  π损失 -0.0022  V损失 2.7650  熵 0.423  KL +0.02230  规则 0.0%  3040 步/秒
      · 采样  1024/4096  639 步/秒  已完局 19  回报 +10.84
      · 采样  2048/4096  600 步/秒  已完局 38  回报 +11.82
      · 采样  3072/4096  642 步/秒  已完局 57  回报 +12.54
  upd   57 step  233472  回报 +12.58  胜率 0.80  π损失 -0.0040  V损失 2.9286  熵 0.414  KL +0.01854  规则 0.0%  2731 步/秒
      · 采样  1024/4096  584 步/秒  已完局 19  回报 +13.47
      · 采样  2048/4096  576 步/秒  已完局 38  回报 +13.18
      · 采样  3072/4096  657 步/秒  已完局 57  回报 +13.11
  upd   58 step  237568  回报 +13.24  胜率 0.86  π损失 +0.0009  V损失 2.6283  熵 0.399  KL +0.01970  规则 0.0%  2481 步/秒
      · 采样  1024/4096  576 步/秒  已完局 19  回报 +11.26
      · 采样  2048/4096  629 步/秒  已完局 38  回报 +12.05
      · 采样  3072/4096  589 步/秒  已完局 57  回报 +11.96
  upd   59 step  241664  回报 +12.24  胜率 0.83  π损失 -0.0041  V损失 2.6469  熵 0.396  KL +0.01824  规则 0.0%  2272 步/秒
      · 采样  1024/4096  596 步/秒  已完局 19  回报 +13.68
      · 采样  2048/4096  524 步/秒  已完局 38  回报 +11.45
      · 采样  3072/4096  589 步/秒  已完局 57  回报 +11.89
  upd   60 step  245760  回报 +11.50  胜率 0.86  π损失 -0.0036  V损失 2.3870  熵 0.376  KL +0.00749  规则 0.0%  2099 步/秒
    -> 跳过快照(闸门关(还没评测过,需 >0.50))
      · 采样  1024/4096  616 步/秒  已完局 19  回报 +13.00
      · 采样  2048/4096  638 步/秒  已完局 38  回报 +13.34
      · 采样  3072/4096  610 步/秒  已完局 58  回报 +13.21
  upd   61 step  249856  回报 +13.08  胜率 0.94  π损失 +0.0004  V损失 3.1732  熵 0.411  KL +0.02005  规则 0.0%  1960 步/秒
      · 采样  1024/4096  481 步/秒  已完局 19  回报 +10.58
      · 采样  2048/4096  540 步/秒  已完局 39  回报 +12.33
      · 采样  3072/4096  559 步/秒  已完局 58  回报 +11.93
  upd   62 step  253952  回报 +12.55  胜率 0.86  π损失 -0.0046  V损失 2.4250  熵 0.386  KL +0.01863  规则 0.0%  1829 步/秒
      · 采样  1024/4096  520 步/秒  已完局 20  回报 +12.35
      · 采样  2048/4096  597 步/秒  已完局 39  回报 +13.08
      · 采样  3072/4096  548 步/秒  已完局 58  回报 +12.78
  upd   63 step  258048  回报 +12.90  胜率 0.91  π损失 -0.0010  V损失 2.9417  熵 0.397  KL +0.01755  规则 0.0%  1722 步/秒
      · 采样  1024/4096  615 步/秒  已完局 20  回报 +12.95
      · 采样  2048/4096  583 步/秒  已完局 39  回报 +13.21
      · 采样  3072/4096  573 步/秒  已完局 59  回报 +13.51
  upd   64 step  262144  回报 +12.69  胜率 0.85  π损失 -0.0024  V损失 2.4947  熵 0.395  KL +0.01012  规则 0.0%  1633 步/秒
      · 采样  1024/4096  607 步/秒  已完局 20  回报 +13.75
      · 采样  2048/4096  629 步/秒  已完局 39  回报 +13.92
      · 采样  3072/4096  652 步/秒  已完局 59  回报 +14.10
  upd   65 step  266240  回报 +13.38  胜率 0.89  π损失 -0.0054  V损失 2.9083  熵 0.371  KL +0.01531  规则 0.0%  1555 步/秒
      · 采样  1024/4096  566 步/秒  已完局 19  回报 +11.74
      · 采样  2048/4096  615 步/秒  已完局 38  回报 +11.61
      · 采样  3072/4096  544 步/秒  已完局 58  回报 +12.64
  upd   66 step  270336  回报 +12.47  胜率 0.87  π损失 -0.0032  V损失 2.5434  熵 0.358  KL +0.00467  规则 0.0%  1486 步/秒
      · 采样  1024/4096  548 步/秒  已完局 19  回报 +14.84
      · 采样  2048/4096  563 步/秒  已完局 38  回报 +14.37
      · 采样  3072/4096  577 步/秒  已完局 57  回报 +13.89
  upd   67 step  274432  回报 +13.81  胜率 0.91  π损失 -0.0006  V损失 2.6374  熵 0.374  KL +0.01859  规则 0.0%  1425 步/秒
      · 采样  1024/4096  533 步/秒  已完局 19  回报 +15.37
      · 采样  2048/4096  608 步/秒  已完局 39  回报 +14.38
      · 采样  3072/4096  581 步/秒  已完局 58  回报 +13.53
  upd   68 step  278528  回报 +13.73  胜率 0.84  π损失 +0.0000  V损失 3.1570  熵 0.402  KL +0.01802  规则 0.0%  1367 步/秒
      · 采样  1024/4096  625 步/秒  已完局 20  回报 +15.90
      · 采样  2048/4096  612 步/秒  已完局 39  回报 +15.38
      · 采样  3072/4096  623 步/秒  已完局 58  回报 +15.14
  upd   69 step  282624  回报 +15.21  胜率 0.94  π损失 -0.0022  V损失 3.2092  熵 0.372  KL +0.01227  规则 0.0%  1319 步/秒
      · 采样  1024/4096  494 步/秒  已完局 19  回报 +10.63
      · 采样  2048/4096  558 步/秒  已完局 39  回报 +12.62
      · 采样  3072/4096  564 步/秒  已完局 58  回报 +12.71
  upd   70 step  286720  回报 +12.73  胜率 0.90  π损失 -0.0017  V损失 2.7267  熵 0.389  KL +0.01032  规则 0.0%  1270 步/秒
    -> 跳过快照(闸门关(还没评测过,需 >0.50))
      · 采样  1024/4096  518 步/秒  已完局 19  回报 +13.21
      · 采样  2048/4096  553 步/秒  已完局 38  回报 +12.37
      · 采样  3072/4096  596 步/秒  已完局 57  回报 +13.26
  upd   71 step  290816  回报 +13.04  胜率 0.87  π损失 -0.0019  V损失 2.2823  熵 0.392  KL +0.01086  规则 0.0%  1227 步/秒
      · 采样  1024/4096  548 步/秒  已完局 19  回报 +14.42
      · 采样  2048/4096  561 步/秒  已完局 38  回报 +13.87
      · 采样  3072/4096  623 步/秒  已完局 58  回报 +13.50
  upd   72 step  294912  回报 +12.42  胜率 0.82  π损失 -0.0027  V损失 2.9048  熵 0.410  KL +0.01520  规则 0.0%  1190 步/秒
  ── 评测(update 72)──
     official_baseline 得分率 1.000  (60胜/0平/0负)  净胜分 +11.08  回报 +17.95
     official_hunter 得分率 0.883  (53胜/0平/7负)  净胜分 +6.50  回报 +14.67
     official_stalker 得分率 1.000  (60胜/0平/0负)  净胜分 +22.13  回报 +23.13
     official_patrol 得分率 1.000  (60胜/0平/0负)  净胜分 +22.90  回报 +23.90
     rl_v5      得分率 0.767  (46胜/0平/14负)  净胜分 +3.43  回报 +8.27
     m3_v1      得分率 0.750  (45胜/0平/15负)  净胜分 +1.70  回报 +9.88
     m3_v2      得分率 0.783  (47胜/0平/13负)  净胜分 +2.30  回报 +11.63
     rl_VG_v0.2 得分率 0.900  (54胜/0平/6负)  净胜分 +5.70  回报 +11.62
     快照闸门关(还没评测过,需 >0.50)
     ★ 新最优(综合得分率 0.8854)→ best.npz
      · 采样  1024/4096  635 步/秒  已完局 20  回报 +18.10
      · 采样  2048/4096  575 步/秒  已完局 39  回报 +16.15
      · 采样  3072/4096  581 步/秒  已完局 58  回报 +14.67
  upd   73 step  299008  回报 +13.92  胜率 0.90  π损失 -0.0032  V损失 2.8898  熵 0.387  KL +0.01546  规则 0.0%  992 步/秒
      · 采样  1024/4096  576 步/秒  已完局 19  回报 +14.63
      · 采样  2048/4096  577 步/秒  已完局 38  回报 +14.42
      · 采样  3072/4096  668 步/秒  已完局 57  回报 +14.35
  upd   74 step  303104  回报 +14.17  胜率 0.86  π损失 +0.0003  V损失 3.0287  熵 0.410  KL +0.02361  规则 0.0%  971 步/秒
      · 采样  1024/4096  539 步/秒  已完局 20  回报 +13.25
      · 采样  2048/4096  575 步/秒  已完局 39  回报 +13.85
      · 采样  3072/4096  531 步/秒  已完局 58  回报 +14.31
  upd   75 step  307200  回报 +14.17  胜率 0.92  π损失 +0.0009  V损失 3.4733  熵 0.419  KL +0.03261  规则 0.0%  950 步/秒
      · 采样  1024/4096  553 步/秒  已完局 19  回报 +12.00
      · 采样  2048/4096  606 步/秒  已完局 39  回报 +12.41
      · 采样  3072/4096  667 步/秒  已完局 58  回报 +12.79
  upd   76 step  311296  回报 +12.86  胜率 0.87  π损失 -0.0009  V损失 2.2851  熵 0.416  KL +0.03014  规则 0.0%  933 步/秒
      · 采样  1024/4096  615 步/秒  已完局 19  回报 +14.68
      · 采样  2048/4096  617 步/秒  已完局 38  回报 +13.50
      · 采样  3072/4096  677 步/秒  已完局 58  回报 +14.03
  upd   77 step  315392  回报 +14.36  胜率 0.91  π损失 -0.0040  V损失 2.7090  熵 0.409  KL +0.01744  规则 0.0%  917 步/秒
      · 采样  1024/4096  566 步/秒  已完局 20  回报 +14.30
      · 采样  2048/4096  647 步/秒  已完局 39  回报 +14.38
      · 采样  3072/4096  593 步/秒  已完局 58  回报 +14.33
  upd   78 step  319488  回报 +14.79  胜率 0.92  π损失 -0.0008  V损失 3.5374  熵 0.427  KL +0.01757  规则 0.0%  901 步/秒
      · 采样  1024/4096  513 步/秒  已完局 19  回报 +9.84
      · 采样  2048/4096  517 步/秒  已完局 39  回报 +10.51
      · 采样  3072/4096  608 步/秒  已完局 58  回报 +11.69
  upd   79 step  323584  回报 +12.31  胜率 0.81  π损失 -0.0023  V损失 2.8365  熵 0.388  KL +0.01873  规则 0.0%  884 步/秒
      · 采样  1024/4096  527 步/秒  已完局 19  回报 +12.74
      · 采样  2048/4096  590 步/秒  已完局 39  回报 +12.05
      · 采样  3072/4096  590 步/秒  已完局 58  回报 +12.84
  upd   80 step  327680  回报 +12.67  胜率 0.86  π损失 -0.0036  V损失 2.3231  熵 0.371  KL +0.02135  规则 0.0%  868 步/秒
    -> 加入快照对手,联盟 = ['official_baseline', 'official_hunter', 'official_stalker', 'official_patrol', 'rl_v5', 'rl_VG_v0.2', 'snap0']
       采样占比 official_baseline=7.1% official_hunter=7.1% official_stalker=7.1% official_patrol=7.1% rl_v5=23.8% rl_VG_v0.2=23.8% snap0=23.8%
      · 采样  1024/4096  533 步/秒  已完局 20  回报 +12.45
      · 采样  2048/4096  556 步/秒  已完局 39  回报 +12.23
      · 采样  3072/4096  520 步/秒  已完局 58  回报 +11.64
  upd   81 step  331776  回报 +12.69  胜率 0.79  π损失 -0.0005  V损失 3.3996  熵 0.392  KL +0.02782  规则 0.0%  851 步/秒
      · 采样  1024/4096  463 步/秒  已完局 19  回报 +11.11
      · 采样  2048/4096  532 步/秒  已完局 39  回报 +10.54
      · 采样  3072/4096  524 步/秒  已完局 58  回报 +10.71
  upd   82 step  335872  回报 +10.63  胜率 0.77  π损失 -0.0033  V损失 2.8106  熵 0.369  KL +0.01252  规则 0.0%  836 步/秒
      · 采样  1024/4096  533 步/秒  已完局 19  回报 +11.16
      · 采样  2048/4096  610 步/秒  已完局 39  回报 +12.15
      · 采样  3072/4096  541 步/秒  已完局 58  回报 +10.97
  upd   83 step  339968  回报 +11.01  胜率 0.77  π损失 -0.0056  V损失 3.1629  熵 0.375  KL +0.01837  规则 0.0%  822 步/秒
      · 采样  1024/4096  568 步/秒  已完局 19  回报 +10.53
      · 采样  2048/4096  530 步/秒  已完局 39  回报 +10.69
      · 采样  3072/4096  567 步/秒  已完局 58  回报 +10.69
  upd   84 step  344064  回报 +10.78  胜率 0.75  π损失 -0.0036  V损失 2.5589  熵 0.358  KL +0.00984  规则 0.0%  810 步/秒
      · 采样  1024/4096  529 步/秒  已完局 20  回报 +15.35
      · 采样  2048/4096  548 步/秒  已完局 39  回报 +13.38
      · 采样  3072/4096  515 步/秒  已完局 58  回报 +12.86
  upd   85 step  348160  回报 +12.56  胜率 0.79  π损失 -0.0014  V损失 3.3221  熵 0.362  KL +0.01755  规则 0.0%  798 步/秒
      · 采样  1024/4096  531 步/秒  已完局 19  回报 +12.53
      · 采样  2048/4096  543 步/秒  已完局 39  回报 +12.33
      · 采样  3072/4096  544 步/秒  已完局 58  回报 +11.69
  upd   86 step  352256  回报 +11.60  胜率 0.79  π损失 -0.0023  V损失 3.0738  熵 0.375  KL +0.01810  规则 0.0%  786 步/秒
      · 采样  1024/4096  532 步/秒  已完局 19  回报 +9.00
      · 采样  2048/4096  571 步/秒  已完局 38  回报 +9.61
      · 采样  3072/4096  541 步/秒  已完局 57  回报 +9.46
  upd   87 step  356352  回报 +9.66  胜率 0.74  π损失 +0.0004  V损失 1.7746  熵 0.370  KL +0.01888  规则 0.0%  775 步/秒
      · 采样  1024/4096  564 步/秒  已完局 19  回报 +12.84
      · 采样  2048/4096  545 步/秒  已完局 38  回报 +12.00
      · 采样  3072/4096  541 步/秒  已完局 57  回报 +11.51
  upd   88 step  360448  回报 +11.20  胜率 0.75  π损失 -0.0007  V损失 2.0688  熵 0.379  KL +0.01642  规则 0.0%  765 步/秒
      · 采样  1024/4096  569 步/秒  已完局 19  回报 +14.21
      · 采样  2048/4096  499 步/秒  已完局 38  回报 +13.66
      · 采样  3072/4096  538 步/秒  已完局 57  回报 +13.67
  upd   89 step  364544  回报 +12.59  胜率 0.86  π损失 +0.0001  V损失 2.2891  熵 0.406  KL +0.02277  规则 0.0%  755 步/秒
      · 采样  1024/4096  533 步/秒  已完局 19  回报 +12.63
      · 采样  2048/4096  597 步/秒  已完局 37  回报 +13.03
      · 采样  3072/4096  566 步/秒  已完局 56  回报 +11.64
  upd   90 step  368640  回报 +11.85  胜率 0.81  π损失 -0.0019  V损失 2.4277  熵 0.391  KL +0.03045  规则 0.0%  746 步/秒
    -> 加入快照对手,联盟 = ['official_baseline', 'official_hunter', 'official_stalker', 'official_patrol', 'rl_v5', 'rl_VG_v0.2', 'snap0', 'snap1']
       采样占比 official_baseline=5.8% official_hunter=5.8% official_stalker=5.8% official_patrol=5.8% rl_v5=19.2% rl_VG_v0.2=19.2% snap0=19.2% snap1=19.2%
      · 采样  1024/4096  548 步/秒  已完局 19  回报 +8.84
      · 采样  2048/4096  522 步/秒  已完局 38  回报 +9.63
      · 采样  3072/4096  504 步/秒  已完局 57  回报 +9.25
  upd   91 step  372736  回报 +9.18  胜率 0.68  π损失 -0.0015  V损失 2.3222  熵 0.396  KL +0.02621  规则 0.0%  737 步/秒
      · 采样  1024/4096  566 步/秒  已完局 19  回报 +12.53
      · 采样  2048/4096  521 步/秒  已完局 38  回报 +12.34
      · 采样  3072/4096  545 步/秒  已完局 57  回报 +12.00
  upd   92 step  376832  回报 +11.46  胜率 0.78  π损失 -0.0021  V损失 1.7304  熵 0.378  KL +0.02548  规则 0.0%  728 步/秒
      · 采样  1024/4096  592 步/秒  已完局 19  回报 +10.53
      · 采样  2048/4096  546 步/秒  已完局 37  回报 +10.65
      · 采样  3072/4096  536 步/秒  已完局 56  回报 +10.70
  upd   93 step  380928  回报 +10.09  胜率 0.71  π损失 -0.0007  V损失 2.2025  熵 0.391  KL +0.02513  规则 0.0%  720 步/秒
      · 采样  1024/4096  587 步/秒  已完局 18  回报 +12.00
      · 采样  2048/4096  533 步/秒  已完局 37  回报 +10.16
      · 采样  3072/4096  478 步/秒  已完局 56  回报 +9.68
  upd   94 step  385024  回报 +9.29  胜率 0.67  π损失 +0.0001  V损失 2.2124  熵 0.370  KL +0.01777  规则 0.0%  712 步/秒
      · 采样  1024/4096  569 步/秒  已完局 19  回报 +10.74
      · 采样  2048/4096  506 步/秒  已完局 37  回报 +10.35
      · 采样  3072/4096  553 步/秒  已完局 56  回报 +10.43
  upd   95 step  389120  回报 +10.49  胜率 0.77  π损失 +0.0018  V损失 1.7002  熵 0.379  KL +0.02837  规则 0.0%  704 步/秒
      · 采样  1024/4096  606 步/秒  已完局 19  回报 +13.42
      · 采样  2048/4096  572 步/秒  已完局 38  回报 +12.37
      · 采样  3072/4096  489 步/秒  已完局 56  回报 +10.77
  upd   96 step  393216  回报 +10.39  胜率 0.75  π损失 -0.0005  V损失 1.8884  熵 0.377  KL +0.02245  规则 0.0%  697 步/秒
  ── 评测(update 96)──
     official_baseline 得分率 1.000  (60胜/0平/0负)  净胜分 +14.62  回报 +21.00
     official_hunter 得分率 0.883  (53胜/0平/7负)  净胜分 +7.22  回报 +15.28
     official_stalker 得分率 1.000  (60胜/0平/0负)  净胜分 +16.73  回报 +17.73
     official_patrol 得分率 1.000  (60胜/0平/0负)  净胜分 +21.58  回报 +22.58
     rl_v5      得分率 0.700  (42胜/0平/18负)  净胜分 +3.03  回报 +7.93
     m3_v1      得分率 0.733  (44胜/0平/16负)  净胜分 +1.83  回报 +9.95
     m3_v2      得分率 0.817  (49胜/0平/11负)  净胜分 +2.97  回报 +11.97
     rl_VG_v0.2 得分率 0.817  (49胜/0平/11负)  净胜分 +3.90  回报 +10.68
     快照闸门开(官方胜率 0.883,需 >0.50)
      · 采样  1024/4096  537 步/秒  已完局 19  回报 +10.26
      · 采样  2048/4096  569 步/秒  已完局 38  回报 +10.45
      · 采样  3072/4096  620 步/秒  已完局 56  回报 +10.84
  upd   97 step  397312  回报 +11.11  胜率 0.76  π损失 +0.0063  V损失 2.2727  熵 0.409  KL +0.02449  规则 0.0%  647 步/秒
      · 采样  1024/4096  535 步/秒  已完局 18  回报 +10.00
      · 采样  2048/4096  553 步/秒  已完局 37  回报 +10.00
      · 采样  3072/4096  519 步/秒  已完局 56  回报 +9.88
  upd   98 step  401408  回报 +9.82  胜率 0.72  π损失 -0.0016  V损失 1.7640  熵 0.390  KL +0.01897  规则 0.0%  641 步/秒
      · 采样  1024/4096  576 步/秒  已完局 20  回报 +11.20
      · 采样  2048/4096  578 步/秒  已完局 38  回报 +11.66
      · 采样  3072/4096  554 步/秒  已完局 57  回报 +11.30
  upd   99 step  405504  回报 +11.24  胜率 0.78  π损失 -0.0051  V损失 2.0067  熵 0.456  KL +0.04015  规则 0.0%  636 步/秒
      · 采样  1024/4096  563 步/秒  已完局 18  回报 +10.33
      · 采样  2048/4096  509 步/秒  已完局 37  回报 +10.54
      · 采样  3072/4096  550 步/秒  已完局 55  回报 +10.45
  upd  100 step  409600  回报 +10.84  胜率 0.78  π损失 +0.0055  V损失 1.6235  熵 0.422  KL +0.03940  规则 0.0%  631 步/秒
    -> 加入快照对手,联盟 = ['official_baseline', 'official_hunter', 'official_stalker', 'official_patrol', 'rl_v5', 'rl_VG_v0.2', 'snap0', 'snap1', 'snap2']
       采样占比 official_baseline=4.8% official_hunter=4.8% official_stalker=4.8% official_patrol=4.8% rl_v5=16.1% rl_VG_v0.2=16.1% snap0=16.1% snap1=16.1% snap2=16.1%
      · 采样  1024/4096  524 步/秒  已完局 18  回报 +9.83
      · 采样  2048/4096  534 步/秒  已完局 37  回报 +9.59
      · 采样  3072/4096  539 步/秒  已完局 56  回报 +9.66
  upd  101 step  413696  回报 +10.17  胜率 0.76  π损失 -0.0042  V损失 1.9759  熵 0.407  KL +0.02785  规则 0.0%  626 步/秒
      · 采样  1024/4096  577 步/秒  已完局 18  回报 +12.72
      · 采样  2048/4096  499 步/秒  已完局 37  回报 +10.22
      · 采样  3072/4096  518 步/秒  已完局 56  回报 +10.09
  upd  102 step  417792  回报 +9.79  胜率 0.75  π损失 +0.0017  V损失 1.5658  熵 0.411  KL +0.02853  规则 0.0%  621 步/秒
      · 采样  1024/4096  561 步/秒  已完局 19  回报 +9.58
      · 采样  2048/4096  514 步/秒  已完局 38  回报 +9.47
      · 采样  3072/4096  565 步/秒  已完局 57  回报 +9.65
  upd  103 step  421888  回报 +10.03  胜率 0.72  π损失 -0.0021  V损失 1.4568  熵 0.407  KL +0.01613  规则 0.0%  617 步/秒
      · 采样  1024/4096  526 步/秒  已完局 19  回报 +11.47
      · 采样  2048/4096  541 步/秒  已完局 38  回报 +10.84
      · 采样  3072/4096  575 步/秒  已完局 57  回报 +11.56
  upd  104 step  425984  回报 +11.12  胜率 0.74  π损失 -0.0032  V损失 1.8030  熵 0.424  KL +0.02385  规则 0.0%  613 步/秒
      · 采样  1024/4096  556 步/秒  已完局 19  回报 +11.95
      · 采样  2048/4096  542 步/秒  已完局 39  回报 +12.10
      · 采样  3072/4096  532 步/秒  已完局 58  回报 +11.83
  upd  105 step  430080  回报 +11.79  胜率 0.83  π损失 -0.0000  V损失 2.1248  熵 0.385  KL +0.02297  规则 0.0%  608 步/秒
      · 采样  1024/4096  542 步/秒  已完局 19  回报 +9.32
      · 采样  2048/4096  540 步/秒  已完局 37  回报 +9.81
      · 采样  3072/4096  532 步/秒  已完局 57  回报 +9.98
  upd  106 step  434176  回报 +10.43  胜率 0.76  π损失 -0.0064  V损失 1.8388  熵 0.411  KL +0.02840  规则 0.0%  604 步/秒
      · 采样  1024/4096  598 步/秒  已完局 19  回报 +10.11
      · 采样  2048/4096  552 步/秒  已完局 38  回报 +12.05
      · 采样  3072/4096  537 步/秒  已完局 57  回报 +11.98
  upd  107 step  438272  回报 +12.26  胜率 0.80  π损失 -0.0018  V损失 2.2733  熵 0.392  KL +0.02255  规则 0.0%  600 步/秒
      · 采样  1024/4096  544 步/秒  已完局 19  回报 +10.47
      · 采样  2048/4096  533 步/秒  已完局 38  回报 +11.03
      · 采样  3072/4096  535 步/秒  已完局 57  回报 +11.09
  upd  108 step  442368  回报 +10.66  胜率 0.76  π损失 -0.0051  V损失 2.0296  熵 0.423  KL +0.02471  规则 0.0%  596 步/秒
      · 采样  1024/4096  560 步/秒  已完局 18  回报 +10.00
      · 采样  2048/4096  545 步/秒  已完局 37  回报 +10.59
      · 采样  3072/4096  542 步/秒  已完局 56  回报 +10.59
  upd  109 step  446464  回报 +10.48  胜率 0.77  π损失 -0.0040  V损失 1.9858  熵 0.411  KL +0.02744  规则 0.0%  593 步/秒
      · 采样  1024/4096  564 步/秒  已完局 19  回报 +10.63
      · 采样  2048/4096  517 步/秒  已完局 38  回报 +9.84
      · 采样  3072/4096  550 步/秒  已完局 57  回报 +10.39
  upd  110 step  450560  回报 +10.29  胜率 0.75  π损失 -0.0041  V损失 2.0040  熵 0.399  KL +0.02279  规则 0.0%  589 步/秒
    -> 加入快照对手,联盟 = ['official_baseline', 'official_hunter', 'official_stalker', 'official_patrol', 'rl_v5', 'rl_VG_v0.2', 'snap0', 'snap1', 'snap2', 'snap3']
       采样占比 official_baseline=4.2% official_hunter=4.2% official_stalker=4.2% official_patrol=4.2% rl_v5=13.9% rl_VG_v0.2=13.9% snap0=13.9% snap1=13.9% snap2=13.9% snap3=13.9%
      · 采样  1024/4096  581 步/秒  已完局 18  回报 +10.11
      · 采样  2048/4096  565 步/秒  已完局 37  回报 +11.19
      · 采样  3072/4096  552 步/秒  已完局 55  回报 +11.33
  upd  111 step  454656  回报 +10.88  胜率 0.82  π损失 -0.0041  V损失 1.7857  熵 0.394  KL +0.01694  规则 0.0%  586 步/秒
      · 采样  1024/4096  545 步/秒  已完局 19  回报 +12.47
      · 采样  2048/4096  576 步/秒  已完局 38  回报 +12.66
      · 采样  3072/4096  554 步/秒  已完局 56  回报 +12.27
  upd  112 step  458752  回报 +12.72  胜率 0.80  π损失 -0.0019  V损失 1.9996  熵 0.384  KL +0.01633  规则 0.0%  582 步/秒
      · 采样  1024/4096  575 步/秒  已完局 19  回报 +13.84
      · 采样  2048/4096  593 步/秒  已完局 38  回报 +13.66
      · 采样  3072/4096  524 步/秒  已完局 56  回报 +13.23
  upd  113 step  462848  回报 +12.80  胜率 0.79  π损失 -0.0027  V损失 2.2417  熵 0.378  KL +0.01476  规则 0.0%  579 步/秒
      · 采样  1024/4096  563 步/秒  已完局 18  回报 +11.72
      · 采样  2048/4096  522 步/秒  已完局 37  回报 +10.32
      · 采样  3072/4096  540 步/秒  已完局 56  回报 +10.80
  upd  114 step  466944  回报 +10.72  胜率 0.76  π损失 -0.0039  V损失 1.9733  熵 0.369  KL +0.02377  规则 0.0%  576 步/秒
      · 采样  1024/4096  583 步/秒  已完局 18  回报 +11.94
      · 采样  2048/4096  549 步/秒  已完局 37  回报 +11.54
      · 采样  3072/4096  546 步/秒  已完局 56  回报 +11.12
  upd  115 step  471040  回报 +11.22  胜率 0.78  π损失 -0.0022  V损失 1.5070  熵 0.393  KL +0.02015  规则 0.0%  573 步/秒
      · 采样  1024/4096  586 步/秒  已完局 19  回报 +14.53
      · 采样  2048/4096  547 步/秒  已完局 38  回报 +13.32
      · 采样  3072/4096  549 步/秒  已完局 56  回报 +12.39
  upd  116 step  475136  回报 +12.64  胜率 0.88  π损失 -0.0008  V损失 2.0734  熵 0.408  KL +0.01400  规则 0.0%  570 步/秒
      · 采样  1024/4096  617 步/秒  已完局 19  回报 +11.95
      · 采样  2048/4096  601 步/秒  已完局 38  回报 +14.32
      · 采样  3072/4096  580 步/秒  已完局 56  回报 +13.82
  upd  117 step  479232  回报 +13.83  胜率 0.89  π损失 +0.0025  V损失 2.1163  熵 0.402  KL +0.02672  规则 0.0%  568 步/秒
      · 采样  1024/4096  544 步/秒  已完局 19  回报 +14.16
      · 采样  2048/4096  540 步/秒  已完局 38  回报 +13.95
      · 采样  3072/4096  539 步/秒  已完局 57  回报 +13.35
  upd  118 step  483328  回报 +12.76  胜率 0.86  π损失 -0.0047  V损失 1.8987  熵 0.393  KL +0.02695  规则 0.0%  565 步/秒
      · 采样  1024/4096  526 步/秒  已完局 19  回报 +11.95
      · 采样  2048/4096  530 步/秒  已完局 38  回报 +12.00
      · 采样  3072/4096  544 步/秒  已完局 57  回报 +13.02
  upd  119 step  487424  回报 +13.37  胜率 0.87  π损失 -0.0026  V损失 2.0751  熵 0.406  KL +0.02088  规则 0.0%  563 步/秒
      · 采样  1024/4096  525 步/秒  已完局 19  回报 +12.63
      · 采样  2048/4096  532 步/秒  已完局 38  回报 +12.84
      · 采样  3072/4096  551 步/秒  已完局 57  回报 +13.30
  upd  120 step  491520  回报 +13.49  胜率 0.88  π损失 -0.0034  V损失 2.0785  熵 0.386  KL +0.01194  规则 0.0%  560 步/秒
  ── 评测(update 120)──
     official_baseline 得分率 0.967  (58胜/0平/2负)  净胜分 +12.68  回报 +19.78
     official_hunter 得分率 0.950  (57胜/0平/3负)  净胜分 +7.12  回报 +15.23
     official_stalker 得分率 1.000  (60胜/0平/0负)  净胜分 +13.37  回报 +14.37
     official_patrol 得分率 1.000  (60胜/0平/0负)  净胜分 +23.37  回报 +24.37
     rl_v5      得分率 0.450  (27胜/0平/33负)  净胜分 +0.10  回报 +5.83
     m3_v1      得分率 0.567  (34胜/0平/26负)  净胜分 +0.63  回报 +9.27
     m3_v2      得分率 0.533  (32胜/0平/28负)  净胜分 -0.32  回报 +9.47
     rl_VG_v0.2 得分率 0.967  (58胜/0平/2负)  净胜分 +5.62  回报 +11.93
     快照闸门开(官方胜率 0.861,需 >0.50)
    -> 加入快照对手,联盟 = ['official_baseline', 'official_hunter', 'official_stalker', 'official_patrol', 'rl_v5', 'rl_VG_v0.2', 'snap0', 'snap1', 'snap2', 'snap3', 'snap4']
       采样占比 official_baseline=3.7% official_hunter=3.7% official_stalker=3.7% official_patrol=3.7% rl_v5=12.2% rl_VG_v0.2=12.2% snap0=12.2% snap1=12.2% snap2=12.2% snap3=12.2% snap4=12.2%
      · 采样  1024/4096  520 步/秒  已完局 20  回报 +11.85
      · 采样  2048/4096  515 步/秒  已完局 38  回报 +13.13
      · 采样  3072/4096  558 步/秒  已完局 57  回报 +13.60
  upd  121 step  495616  回报 +12.95  胜率 0.80  π损失 +0.0021  V损失 2.3614  熵 0.370  KL +0.02645  规则 0.0%  533 步/秒
      · 采样  1024/4096  520 步/秒  已完局 18  回报 +12.44
      · 采样  2048/4096  519 步/秒  已完局 37  回报 +11.95
      · 采样  3072/4096  518 步/秒  已完局 55  回报 +11.85
  upd  122 step  499712  回报 +12.96  胜率 0.80  π损失 -0.0044  V损失 2.0482  熵 0.388  KL +0.02348  规则 0.0%  530 步/秒
      · 采样  1024/4096  549 步/秒  已完局 18  回报 +12.94
      · 采样  2048/4096  558 步/秒  已完局 37  回报 +13.32
      · 采样  3072/4096  542 步/秒  已完局 56  回报 +12.57
  upd  123 step  503808  回报 +12.74  胜率 0.85  π损失 -0.0020  V损失 1.7065  熵 0.380  KL +0.03108  规则 0.0%  528 步/秒
      · 采样  1024/4096  511 步/秒  已完局 20  回报 +10.95
      · 采样  2048/4096  538 步/秒  已完局 38  回报 +12.16
      · 采样  3072/4096  540 步/秒  已完局 57  回报 +12.61
  upd  124 step  507904  回报 +13.05  胜率 0.83  π损失 -0.0047  V损失 1.7553  熵 0.367  KL +0.02150  规则 0.0%  526 步/秒
      · 采样  1024/4096  527 步/秒  已完局 19  回报 +14.74
      · 采样  2048/4096  523 步/秒  已完局 38  回报 +14.66
      · 采样  3072/4096  512 步/秒  已完局 57  回报 +14.30
  upd  125 step  512000  回报 +13.45  胜率 0.88  π损失 -0.0009  V损失 1.8001  熵 0.391  KL +0.02481  规则 0.0%  524 步/秒
      · 采样  1024/4096  539 步/秒  已完局 19  回报 +15.16
      · 采样  2048/4096  528 步/秒  已完局 38  回报 +14.79
      · 采样  3072/4096  524 步/秒  已完局 56  回报 +14.09
  upd  126 step  516096  回报 +13.80  胜率 0.89  π损失 -0.0040  V损失 2.1416  熵 0.379  KL +0.01264  规则 0.0%  522 步/秒
      · 采样  1024/4096  528 步/秒  已完局 19  回报 +13.42
      · 采样  2048/4096  534 步/秒  已完局 37  回报 +13.86
      · 采样  3072/4096  576 步/秒  已完局 56  回报 +14.48
  upd  127 step  520192  回报 +14.05  胜率 0.87  π损失 -0.0039  V损失 1.9506  熵 0.348  KL +0.01927  规则 0.0%  521 步/秒
      · 采样  1024/4096  548 步/秒  已完局 18  回报 +16.06
      · 采样  2048/4096  550 步/秒  已完局 37  回报 +15.84
      · 采样  3072/4096  564 步/秒  已完局 55  回报 +15.69
  upd  128 step  524288  回报 +15.54  胜率 0.97  π损失 -0.0005  V损失 1.6799  熵 0.361  KL +0.01600  规则 0.0%  519 步/秒
      · 采样  1024/4096  552 步/秒  已完局 18  回报 +12.17
      · 采样  2048/4096  545 步/秒  已完局 37  回报 +13.24
      · 采样  3072/4096  570 步/秒  已完局 55  回报 +14.22
  upd  129 step  528384  回报 +14.22  胜率 0.85  π损失 -0.0049  V损失 1.8180  熵 0.389  KL +0.01481  规则 0.0%  518 步/秒
      · 采样  1024/4096  514 步/秒  已完局 18  回报 +13.44
      · 采样  2048/4096  547 步/秒  已完局 37  回报 +13.76
      · 采样  3072/4096  508 步/秒  已完局 55  回报 +13.51
  upd  130 step  532480  回报 +13.95  胜率 0.86  π损失 -0.0040  V损失 1.8103  熵 0.380  KL +0.03223  规则 0.0%  516 步/秒
    -> 加入快照对手,联盟 = ['official_baseline', 'official_hunter', 'official_stalker', 'official_patrol', 'rl_v5', 'rl_VG_v0.2', 'snap0', 'snap1', 'snap2', 'snap3', 'snap4', 'snap5']
       采样占比 official_baseline=3.3% official_hunter=3.3% official_stalker=3.3% official_patrol=3.3% rl_v5=10.9% rl_VG_v0.2=10.9% snap0=10.9% snap1=10.9% snap2=10.9% snap3=10.9% snap4=10.9% snap5=10.9%
      · 采样  1024/4096  532 步/秒  已完局 18  回报 +15.39
      · 采样  2048/4096  540 步/秒  已完局 37  回报 +16.14
      · 采样  3072/4096  511 步/秒  已完局 56  回报 +15.86
  upd  131 step  536576  回报 +15.28  胜率 0.89  π损失 +0.0002  V损失 2.0752  熵 0.346  KL +0.01195  规则 0.0%  514 步/秒
      · 采样  1024/4096  530 步/秒  已完局 18  回报 +14.94
      · 采样  2048/4096  517 步/秒  已完局 37  回报 +14.51
      · 采样  3072/4096  534 步/秒  已完局 56  回报 +14.59
  upd  132 step  540672  回报 +15.59  胜率 0.89  π损失 -0.0023  V损失 2.1807  熵 0.373  KL +0.01194  规则 0.0%  513 步/秒
      · 采样  1024/4096  478 步/秒  已完局 19  回报 +13.42
      · 采样  2048/4096  524 步/秒  已完局 38  回报 +13.05
      · 采样  3072/4096  520 步/秒  已完局 57  回报 +13.39
  upd  133 step  544768  回报 +13.37  胜率 0.80  π损失 -0.0020  V损失 2.6555  熵 0.361  KL +0.01718  规则 0.0%  511 步/秒
      · 采样  1024/4096  517 步/秒  已完局 19  回报 +14.11
      · 采样  2048/4096  538 步/秒  已完局 37  回报 +13.81
      · 采样  3072/4096  540 步/秒  已完局 56  回报 +13.54
  upd  134 step  548864  回报 +14.11  胜率 0.80  π损失 -0.0049  V损失 2.7340  熵 0.373  KL +0.02237  规则 0.0%  509 步/秒
      · 采样  1024/4096  514 步/秒  已完局 18  回报 +17.72
      · 采样  2048/4096  534 步/秒  已完局 37  回报 +15.81
      · 采样  3072/4096  548 步/秒  已完局 55  回报 +14.71
  upd  135 step  552960  回报 +14.53  胜率 0.79  π损失 -0.0028  V损失 2.3769  熵 0.379  KL +0.02472  规则 0.0%  507 步/秒
      · 采样  1024/4096  519 步/秒  已完局 18  回报 +16.89
      · 采样  2048/4096  557 步/秒  已完局 36  回报 +16.25
      · 采样  3072/4096  558 步/秒  已完局 55  回报 +15.82
  upd  136 step  557056  回报 +15.77  胜率 0.86  π损失 -0.0019  V损失 2.5011  熵 0.367  KL +0.01706  规则 0.0%  506 步/秒
      · 采样  1024/4096  529 步/秒  已完局 18  回报 +14.39
      · 采样  2048/4096  540 步/秒  已完局 36  回报 +14.31
      · 采样  3072/4096  590 步/秒  已完局 54  回报 +14.85
  upd  137 step  561152  回报 +15.33  胜率 0.88  π损失 -0.0042  V损失 2.2076  熵 0.386  KL +0.01699  规则 0.0%  505 步/秒
      · 采样  1024/4096  536 步/秒  已完局 18  回报 +16.06
      · 采样  2048/4096  530 步/秒  已完局 36  回报 +16.03
      · 采样  3072/4096  532 步/秒  已完局 55  回报 +15.02
  upd  138 step  565248  回报 +14.59  胜率 0.82  π损失 +0.0025  V损失 2.4531  熵 0.397  KL +0.03876  规则 0.0%  503 步/秒
      · 采样  1024/4096  514 步/秒  已完局 18  回报 +15.39
      · 采样  2048/4096  537 步/秒  已完局 36  回报 +15.19
      · 采样  3072/4096  548 步/秒  已完局 54  回报 +16.46
  upd  139 step  569344  回报 +16.37  胜率 0.95  π损失 -0.0038  V损失 1.8704  熵 0.400  KL +0.02313  规则 0.0%  502 步/秒
      · 采样  1024/4096  596 步/秒  已完局 18  回报 +16.11
      · 采样  2048/4096  517 步/秒  已完局 36  回报 +15.47
      · 采样  3072/4096  536 步/秒  已完局 54  回报 +15.76
  upd  140 step  573440  回报 +15.04  胜率 0.89  π损失 -0.0033  V损失 2.5397  熵 0.440  KL +0.01110  规则 0.0%  500 步/秒
    -> 加入快照对手,联盟 = ['official_baseline', 'official_hunter', 'official_stalker', 'official_patrol', 'rl_v5', 'rl_VG_v0.2', 'snap1', 'snap2', 'snap3', 'snap4', 'snap5', 'snap6']
       采样占比 official_baseline=3.3% official_hunter=3.3% official_stalker=3.3% official_patrol=3.3% rl_v5=10.9% rl_VG_v0.2=10.9% snap1=10.9% snap2=10.9% snap3=10.9% snap4=10.9% snap5=10.9% snap6=10.9%
      · 采样  1024/4096  512 步/秒  已完局 18  回报 +16.06
      · 采样  2048/4096  525 步/秒  已完局 36  回报 +15.06
      · 采样  3072/4096  547 步/秒  已完局 54  回报 +14.22
  upd  141 step  577536  回报 +14.58  胜率 0.88  π损失 -0.0009  V损失 2.3846  熵 0.375  KL +0.02237  规则 0.0%  499 步/秒
      · 采样  1024/4096  522 步/秒  已完局 18  回报 +14.33
      · 采样  2048/4096  556 步/秒  已完局 36  回报 +15.08
      · 采样  3072/4096  529 步/秒  已完局 55  回报 +15.38
  upd  142 step  581632  回报 +15.93  胜率 0.89  π损失 -0.0046  V损失 2.1111  熵 0.355  KL +0.01687  规则 0.0%  497 步/秒
      · 采样  1024/4096  562 步/秒  已完局 19  回报 +15.47
      · 采样  2048/4096  512 步/秒  已完局 37  回报 +16.08
      · 采样  3072/4096  547 步/秒  已完局 56  回报 +16.57
  upd  143 step  585728  回报 +15.69  胜率 0.88  π损失 -0.0014  V损失 2.8098  熵 0.381  KL +0.01428  规则 0.0%  496 步/秒
      · 采样  1024/4096  576 步/秒  已完局 19  回报 +18.63
      · 采样  2048/4096  511 步/秒  已完局 38  回报 +15.29
      · 采样  3072/4096  524 步/秒  已完局 57  回报 +15.23
  upd  144 step  589824  回报 +14.91  胜率 0.85  π损失 -0.0046  V损失 2.8377  熵 0.378  KL +0.01152  规则 0.0%  494 步/秒
  ── 评测(update 144)──
     official_baseline 得分率 0.883  (53胜/0平/7负)  净胜分 +9.62  回报 +18.00
     official_hunter 得分率 0.833  (50胜/0平/10负)  净胜分 +6.05  回报 +13.97
     official_stalker 得分率 1.000  (60胜/0平/0负)  净胜分 +16.28  回报 +17.28
     official_patrol 得分率 0.983  (59胜/0平/1负)  净胜分 +19.75  回报 +20.72
     rl_v5      得分率 0.450  (27胜/0平/33负)  净胜分 -0.12  回报 +5.35
     m3_v1      得分率 0.683  (41胜/0平/19负)  净胜分 +0.88  回报 +9.17
     m3_v2      得分率 0.600  (36胜/0平/24负)  净胜分 +0.45  回报 +9.35
     rl_VG_v0.2 得分率 0.933  (56胜/0平/4负)  净胜分 +5.78  回报 +11.70
     快照闸门开(官方胜率 0.789,需 >0.50)
      · 采样  1024/4096  542 步/秒  已完局 19  回报 +15.58
      · 采样  2048/4096  574 步/秒  已完局 38  回报 +16.08
      · 采样  3072/4096  541 步/秒  已完局 56  回报 +15.29
  upd  145 step  593920  回报 +14.60  胜率 0.75  π损失 -0.0044  V损失 2.6564  熵 0.401  KL +0.02093  规则 0.0%  477 步/秒
      · 采样  1024/4096  523 步/秒  已完局 19  回报 +15.42
      · 采样  2048/4096  509 步/秒  已完局 38  回报 +14.61
      · 采样  3072/4096  439 步/秒  已完局 57  回报 +15.14
  upd  146 step  598016  回报 +15.20  胜率 0.84  π损失 -0.0049  V损失 2.7292  熵 0.360  KL +0.01805  规则 0.0%  474 步/秒
      · 采样  1024/4096  300 步/秒  已完局 19  回报 +16.68
      · 采样  2048/4096  277 步/秒  已完局 38  回报 +15.37
      · 采样  3072/4096  292 步/秒  已完局 57  回报 +15.12
  upd  147 step  602112  回报 +14.89  胜率 0.89  π损失 -0.0029  V损失 2.8007  熵 0.340  KL +0.01640  规则 0.0%  469 步/秒
      · 采样  1024/4096  271 步/秒  已完局 19  回报 +17.05
      · 采样  2048/4096  332 步/秒  已完局 38  回报 +17.42
      · 采样  3072/4096  249 步/秒  已完局 57  回报 +16.53
  upd  148 step  606208  回报 +16.30  胜率 0.88  π损失 -0.0041  V损失 2.7614  熵 0.377  KL +0.01267  规则 0.0%  464 步/秒
      · 采样  1024/4096  270 步/秒  已完局 19  回报 +18.26
      · 采样  2048/4096  292 步/秒  已完局 38  回报 +17.34
      · 采样  3072/4096  275 步/秒  已完局 56  回报 +16.61
  upd  149 step  610304  回报 +17.01  胜率 0.85  π损失 -0.0011  V损失 2.7828  熵 0.347  KL +0.01351  规则 0.0%  459 步/秒
      · 采样  1024/4096  312 步/秒  已完局 19  回报 +14.74
      · 采样  2048/4096  347 步/秒  已完局 37  回报 +14.62
      · 采样  3072/4096  281 步/秒  已完局 56  回报 +15.36
  upd  150 step  614400  回报 +14.80  胜率 0.89  π损失 -0.0018  V损失 2.7362  熵 0.367  KL +0.02022  规则 0.0%  456 步/秒
    -> 加入快照对手,联盟 = ['official_baseline', 'official_hunter', 'official_stalker', 'official_patrol', 'rl_v5', 'rl_VG_v0.2', 'snap2', 'snap3', 'snap4', 'snap5', 'snap6', 'snap6']
       采样占比 official_baseline=3.3% official_hunter=3.3% official_stalker=3.3% official_patrol=3.3% rl_v5=10.9% rl_VG_v0.2=10.9% snap2=10.9% snap3=10.9% snap4=10.9% snap5=10.9% snap6=10.9% snap6=10.9%
      · 采样  1024/4096  255 步/秒  已完局 19  回报 +13.58
      · 采样  2048/4096  326 步/秒  已完局 38  回报 +15.53
      · 采样  3072/4096  308 步/秒  已完局 56  回报 +15.07
  upd  151 step  618496  回报 +14.36  胜率 0.83  π损失 -0.0011  V损失 2.5029  熵 0.347  KL +0.01329  规则 0.0%  451 步/秒
      · 采样  1024/4096  296 步/秒  已完局 19  回报 +15.16
      · 采样  2048/4096  353 步/秒  已完局 37  回报 +14.86
      · 采样  3072/4096  368 步/秒  已完局 56  回报 +15.57
  upd  152 step  622592  回报 +15.58  胜率 0.89  π损失 -0.0047  V损失 2.5305  熵 0.371  KL +0.02007  规则 0.0%  448 步/秒
      · 采样  1024/4096  276 步/秒  已完局 19  回报 +15.68
      · 采样  2048/4096  298 步/秒  已完局 37  回报 +15.24
      · 采样  3072/4096  302 步/秒  已完局 56  回报 +14.61
  upd  153 step  626688  回报 +14.35  胜率 0.84  π损失 -0.0030  V损失 2.0865  熵 0.343  KL +0.01207  规则 0.0%  445 步/秒
      · 采样  1024/4096  274 步/秒  已完局 19  回报 +15.74
      · 采样  2048/4096  292 步/秒  已完局 37  回报 +15.24
      · 采样  3072/4096  322 步/秒  已完局 56  回报 +15.30
  upd  154 step  630784  回报 +16.07  胜率 0.93  π损失 -0.0012  V损失 2.1116  熵 0.325  KL +0.01307  规则 0.0%  441 步/秒
      · 采样  1024/4096  255 步/秒  已完局 18  回报 +14.39
      · 采样  2048/4096  264 步/秒  已完局 37  回报 +15.11
      · 采样  3072/4096  307 步/秒  已完局 56  回报 +15.62
  upd  155 step  634880  回报 +15.92  胜率 0.93  π损失 -0.0023  V损失 2.1730  熵 0.303  KL +0.01058  规则 0.0%  437 步/秒
      · 采样  1024/4096  262 步/秒  已完局 19  回报 +15.89
      · 采样  2048/4096  297 步/秒  已完局 38  回报 +16.34
      · 采样  3072/4096  374 步/秒  已完局 57  回报 +16.47
  upd  156 step  638976  回报 +16.05  胜率 0.95  π损失 -0.0039  V损失 2.3311  熵 0.305  KL +0.01417  规则 0.0%  434 步/秒
      · 采样  1024/4096  262 步/秒  已完局 19  回报 +15.68
      · 采样  2048/4096  246 步/秒  已完局 38  回报 +15.74
      · 采样  3072/4096  372 步/秒  已完局 56  回报 +15.66
  upd  157 step  643072  回报 +15.76  胜率 0.95  π损失 -0.0040  V损失 2.0540  熵 0.316  KL +0.01274  规则 0.0%  432 步/秒
      · 采样  1024/4096  619 步/秒  已完局 18  回报 +16.17
      · 采样  2048/4096  561 步/秒  已完局 37  回报 +16.49
      · 采样  3072/4096  515 步/秒  已完局 56  回报 +14.96
  upd  158 step  647168  回报 +15.16  胜率 0.92  π损失 -0.0022  V损失 2.1391  熵 0.328  KL +0.01500  规则 0.0%  431 步/秒
      · 采样  1024/4096  525 步/秒  已完局 19  回报 +16.32
      · 采样  2048/4096  519 步/秒  已完局 37  回报 +15.70
      · 采样  3072/4096  543 步/秒  已完局 56  回报 +15.82
  upd  159 step  651264  回报 +15.03  胜率 0.92  π损失 -0.0050  V损失 1.7650  熵 0.331  KL +0.01845  规则 0.0%  430 步/秒
      · 采样  1024/4096  495 步/秒  已完局 19  回报 +16.95
      · 采样  2048/4096  526 步/秒  已完局 37  回报 +15.78
      · 采样  3072/4096  562 步/秒  已完局 55  回报 +15.56
  upd  160 step  655360  回报 +15.86  胜率 0.93  π损失 -0.0044  V损失 1.8124  熵 0.324  KL +0.01176  规则 0.0%  430 步/秒
    -> 加入快照对手,联盟 = ['official_baseline', 'official_hunter', 'official_stalker', 'official_patrol', 'rl_v5', 'rl_VG_v0.2', 'snap3', 'snap4', 'snap5', 'snap6', 'snap6', 'snap6']
       采样占比 official_baseline=3.3% official_hunter=3.3% official_stalker=3.3% official_patrol=3.3% rl_v5=10.9% rl_VG_v0.2=10.9% snap3=10.9% snap4=10.9% snap5=10.9% snap6=10.9% snap6=10.9% snap6=10.9%
      · 采样  1024/4096  484 步/秒  已完局 18  回报 +13.72
      · 采样  2048/4096  493 步/秒  已完局 36  回报 +12.67
      · 采样  3072/4096  502 步/秒  已完局 55  回报 +13.33
  upd  161 step  659456  回报 +13.59  胜率 0.88  π损失 +0.0005  V损失 1.6285  熵 0.299  KL +0.01278  规则 0.0%  429 步/秒
      · 采样  1024/4096  579 步/秒  已完局 19  回报 +16.53
      · 采样  2048/4096  549 步/秒  已完局 37  回报 +14.70
      · 采样  3072/4096  538 步/秒  已完局 56  回报 +15.07
  upd  162 step  663552  回报 +14.58  胜率 0.86  π损失 +0.0009  V损失 1.8743  熵 0.298  KL +0.01743  规则 0.0%  428 步/秒
      · 采样  1024/4096  522 步/秒  已完局 19  回报 +10.89
      · 采样  2048/4096  545 步/秒  已完局 37  回报 +12.19
      · 采样  3072/4096  531 步/秒  已完局 56  回报 +13.16
  upd  163 step  667648  回报 +13.43  胜率 0.80  π损失 +0.0016  V损失 2.3382  熵 0.286  KL +0.02215  规则 0.0%  428 步/秒
      · 采样  1024/4096  557 步/秒  已完局 19  回报 +15.63
      · 采样  2048/4096  326 步/秒  已完局 37  回报 +13.43
      · 采样  3072/4096  392 步/秒  已完局 56  回报 +13.62
  upd  164 step  671744  回报 +14.03  胜率 0.88  π损失 -0.0011  V损失 2.4084  熵 0.300  KL +0.01939  规则 0.0%  426 步/秒
      · 采样  1024/4096  409 步/秒  已完局 18  回报 +14.06
      · 采样  2048/4096  334 步/秒  已完局 36  回报 +14.11
      · 采样  3072/4096  338 步/秒  已完局 55  回报 +14.25
  upd  165 step  675840  回报 +14.32  胜率 0.91  π损失 -0.0038  V损失 2.1390  熵 0.278  KL +0.01690  规则 0.0%  424 步/秒
      · 采样  1024/4096  392 步/秒  已完局 18  回报 +15.83
      · 采样  2048/4096  364 步/秒  已完局 37  回报 +15.35
      · 采样  3072/4096  468 步/秒  已完局 55  回报 +14.69
  upd  166 step  679936  回报 +14.55  胜率 0.90  π损失 +0.0005  V损失 1.9494  熵 0.267  KL +0.03650  规则 0.0%  423 步/秒
      · 采样  1024/4096  509 步/秒  已完局 18  回报 +14.83
      · 采样  2048/4096  542 步/秒  已完局 36  回报 +14.14
      · 采样  3072/4096  505 步/秒  已完局 54  回报 +14.20
  upd  167 step  684032  回报 +14.44  胜率 0.88  π损失 +0.0011  V损失 2.0151  熵 0.265  KL +0.02990  规则 0.0%  422 步/秒
      · 采样  1024/4096  522 步/秒  已完局 18  回报 +13.17
      · 采样  2048/4096  533 步/秒  已完局 36  回报 +13.39
      · 采样  3072/4096  539 步/秒  已完局 54  回报 +14.30
  upd  168 step  688128  回报 +14.36  胜率 0.93  π损失 -0.0029  V损失 1.7974  熵 0.244  KL +0.01897  规则 0.0%  422 步/秒
  ── 评测(update 168)──
     official_baseline 得分率 1.000  (60胜/0平/0负)  净胜分 +14.50  回报 +21.73
     official_hunter 得分率 0.900  (54胜/0平/6负)  净胜分 +7.93  回报 +15.00
     official_stalker 得分率 1.000  (60胜/0平/0负)  净胜分 +17.52  回报 +18.52
     official_patrol 得分率 1.000  (60胜/0平/0负)  净胜分 +20.73  回报 +21.73
     rl_v5      得分率 0.800  (48胜/0平/12负)  净胜分 +4.42  回报 +9.15
     m3_v1      得分率 0.333  (20胜/0平/40负)  净胜分 -1.18  回报 +6.95
     m3_v2      得分率 0.600  (35胜/2平/23负)  净胜分 +0.35  回报 +8.32
     rl_VG_v0.2 得分率 0.883  (53胜/0平/7负)  净胜分 +5.25  回报 +11.02
     快照闸门开(官方胜率 0.722,需 >0.50)
  ■ 早停:对 rl_v5 得分率 0.800 ≥ 0.80(目标已达成,提前收工)
[rl_monet_v1] 完成:688128 步,权重在 .probe\vg10_norules\final.npz
[rl_monet_v1] 曲线已写入 .probe\vg10_norules\curves.png
