[rl_monet_v1] 从参赛包 rl_VG_v0.2 起步:D:\WorkFile\Sentry_Dual\rl_monet_v1\rl_VG_v0.2
[rl_monet_v1] run=vg10_norules 输出=.probe\vg10_norules
  网络 428->512x3->8  联盟 ['official_baseline', 'official_hunter', 'official_stalker', 'official_patrol', 'rl_v5', 'rl_VG_v0.2']  目标步数 200000
  采样占比 official_baseline=9.4% official_hunter=9.4% official_stalker=9.4% official_patrol=9.4% rl_v5=31.2% rl_VG_v0.2=31.2%
      · 采样  1024/4096  432 步/秒  已完局 20  回报 +11.00
      · 采样  2048/4096  556 步/秒  已完局 39  回报 +9.21
      · 采样  3072/4096  559 步/秒  已完局 59  回报 +8.66
  upd    1 step    4096  回报 +9.76  胜率 0.67  π损失 +0.0004  V损失 1.6908  熵 0.449  KL +0.02130  规则 0.0%  340 步/秒
      · 采样  1024/4096  542 步/秒  已完局 20  回报 +8.80
      · 采样  2048/4096  597 步/秒  已完局 40  回报 +10.07
      · 采样  3072/4096  601 步/秒  已完局 60  回报 +11.00
  upd    2 step    8192  回报 +10.21  胜率 0.64  π损失 -0.0053  V损失 1.9770  熵 0.473  KL +0.01935  规则 0.0%  347 步/秒
      · 采样  1024/4096  571 步/秒  已完局 20  回报 +10.00
      · 采样  2048/4096  605 步/秒  已完局 39  回报 +10.23
      · 采样  3072/4096  533 步/秒  已完局 60  回报 +9.88
  upd    3 step   12288  回报 +9.97  胜率 0.70  π损失 -0.0046  V损失 1.8016  熵 0.465  KL +0.01980  规则 0.0%  346 步/秒
      · 采样  1024/4096  511 步/秒  已完局 20  回报 +9.95
      · 采样  2048/4096  509 步/秒  已完局 40  回报 +10.15
      · 采样  3072/4096  508 步/秒  已完局 61  回报 +10.10
  upd    4 step   16384  回报 +10.10  胜率 0.69  π损失 -0.0004  V损失 2.0854  熵 0.472  KL +0.01839  规则 0.0%  340 步/秒
      · 采样  1024/4096  538 步/秒  已完局 20  回报 +10.55
      · 采样  2048/4096  527 步/秒  已完局 39  回报 +10.95
      · 采样  3072/4096  506 步/秒  已完局 60  回报 +10.95
  upd    5 step   20480  回报 +10.51  胜率 0.71  π损失 -0.0025  V损失 1.7127  熵 0.471  KL +0.02736  规则 0.0%  338 步/秒
      · 采样  1024/4096  550 步/秒  已完局 20  回报 +9.90
      · 采样  2048/4096  546 步/秒  已完局 39  回报 +10.77
      · 采样  3072/4096  521 步/秒  已完局 59  回报 +10.69
  upd    6 step   24576  回报 +11.15  胜率 0.69  π损失 -0.0045  V损失 2.3211  熵 0.483  KL +0.01478  规则 0.0%  339 步/秒
      · 采样  1024/4096  542 步/秒  已完局 20  回报 +10.25
      · 采样  2048/4096  593 步/秒  已完局 39  回报 +9.62
      · 采样  3072/4096  576 步/秒  已完局 59  回报 +10.31
  upd    7 step   28672  回报 +9.81  胜率 0.62  π损失 -0.0035  V损失 1.9668  熵 0.451  KL +0.01929  规则 0.0%  343 步/秒
      · 采样  1024/4096  531 步/秒  已完局 20  回报 +12.55
      · 采样  2048/4096  706 步/秒  已完局 40  回报 +13.90
      · 采样  3072/4096  619 步/秒  已完局 60  回报 +12.98
  upd    8 step   32768  回报 +12.31  胜率 0.75  π损失 -0.0039  V损失 2.5756  熵 0.452  KL +0.01427  规则 0.0%  347 步/秒
  ── 评测(update 8)──
     official_baseline 得分率 0.983  (59胜/0平/1负)  净胜分 +13.43  回报 +19.90
     official_hunter 得分率 0.817  (49胜/0平/11负)  净胜分 +5.75  回报 +13.93
     official_stalker 得分率 1.000  (60胜/0平/0负)  净胜分 +13.83  回报 +14.83
     official_patrol 得分率 1.000  (60胜/0平/0负)  净胜分 +15.40  回报 +16.40
     rl_v5      得分率 0.650  (39胜/0平/21负)  净胜分 +1.43  回报 +6.70
     m3_v1      得分率 0.450  (27胜/0平/33负)  净胜分 -0.28  回报 +8.65
     m3_v2      得分率 0.717  (43胜/0平/17负)  净胜分 +2.05  回报 +11.18
     rl_VG_v0.2 得分率 0.550  (33胜/0平/27负)  净胜分 +0.38  回报 +8.38
     快照闸门关(还没评测过,需 >0.50)
     ★ 新最优(综合得分率 0.7708)→ best.npz
      · 采样  1024/4096  618 步/秒  已完局 19  回报 +12.37
      · 采样  2048/4096  545 步/秒  已完局 39  回报 +11.62
      · 采样  3072/4096  602 步/秒  已完局 59  回报 +11.53
  upd    9 step   36864  回报 +11.01  胜率 0.74  π损失 -0.0063  V损失 1.9239  熵 0.437  KL +0.01846  规则 0.0%  254 步/秒
      · 采样  1024/4096  584 步/秒  已完局 20  回报 +11.40
      · 采样  2048/4096  561 步/秒  已完局 40  回报 +11.32
      · 采样  3072/4096  601 步/秒  已完局 60  回报 +11.47
  upd   10 step   40960  回报 +10.54  胜率 0.68  π损失 -0.0019  V损失 2.0386  熵 0.422  KL +0.01205  规则 0.0%  262 步/秒
    -> 加入快照对手,联盟 = ['official_baseline', 'official_hunter', 'official_stalker', 'official_patrol', 'rl_v5', 'rl_VG_v0.2', 'snap0']
       采样占比 official_baseline=7.1% official_hunter=7.1% official_stalker=7.1% official_patrol=7.1% rl_v5=23.8% rl_VG_v0.2=23.8% snap0=23.8%
      · 采样  1024/4096  543 步/秒  已完局 19  回报 +10.26
      · 采样  2048/4096  572 步/秒  已完局 38  回报 +10.13
      · 采样  3072/4096  588 步/秒  已完局 57  回报 +10.54
  upd   11 step   45056  回报 +10.37  胜率 0.67  π损失 -0.0004  V损失 1.9776  熵 0.412  KL +0.02161  规则 0.0%  269 步/秒
      · 采样  1024/4096  632 步/秒  已完局 20  回报 +12.50
      · 采样  2048/4096  517 步/秒  已完局 39  回报 +10.97
      · 采样  3072/4096  550 步/秒  已完局 58  回报 +10.41
  upd   12 step   49152  回报 +10.40  胜率 0.72  π损失 -0.0012  V损失 1.4606  熵 0.402  KL +0.02348  规则 0.0%  275 步/秒
      · 采样  1024/4096  532 步/秒  已完局 19  回报 +11.79
      · 采样  2048/4096  566 步/秒  已完局 38  回报 +10.89
      · 采样  3072/4096  605 步/秒  已完局 56  回报 +10.98
  upd   13 step   53248  回报 +10.91  胜率 0.72  π损失 -0.0035  V损失 1.4752  熵 0.449  KL +0.01727  规则 0.0%  281 步/秒
      · 采样  1024/4096  556 步/秒  已完局 19  回报 +11.42
      · 采样  2048/4096  566 步/秒  已完局 38  回报 +11.95
      · 采样  3072/4096  589 步/秒  已完局 58  回报 +11.47
  upd   14 step   57344  回报 +11.58  胜率 0.81  π损失 -0.0033  V损失 1.6589  熵 0.441  KL +0.02014  规则 0.0%  285 步/秒
      · 采样  1024/4096  552 步/秒  已完局 19  回报 +10.63
      · 采样  2048/4096  557 步/秒  已完局 38  回报 +9.34
      · 采样  3072/4096  647 步/秒  已完局 57  回报 +10.05
  upd   15 step   61440  回报 +10.01  胜率 0.71  π损失 -0.0022  V损失 2.0088  熵 0.434  KL +0.01706  规则 0.0%  290 步/秒
      · 采样  1024/4096  578 步/秒  已完局 20  回报 +12.15
      · 采样  2048/4096  573 步/秒  已完局 39  回报 +11.85
      · 采样  3072/4096  532 步/秒  已完局 58  回报 +11.45
  upd   16 step   65536  回报 +11.62  胜率 0.81  π损失 -0.0043  V损失 2.1313  熵 0.442  KL +0.02100  规则 0.0%  293 步/秒
  ── 评测(update 16)──
     official_baseline 得分率 0.833  (50胜/0平/10负)  净胜分 +8.57  回报 +16.30
     official_hunter 得分率 0.783  (47胜/0平/13负)  净胜分 +5.67  回报 +12.80
     official_stalker 得分率 1.000  (60胜/0平/0负)  净胜分 +13.93  回报 +14.93
     official_patrol 得分率 1.000  (60胜/0平/0负)  净胜分 +16.30  回报 +17.30
     rl_v5      得分率 0.633  (38胜/0平/22负)  净胜分 +1.08  回报 +6.33
     m3_v1      得分率 0.650  (39胜/0平/21负)  净胜分 +1.67  回报 +10.25
     m3_v2      得分率 0.650  (39胜/0平/21负)  净胜分 +1.47  回报 +10.45
     rl_VG_v0.2 得分率 0.783  (47胜/0平/13负)  净胜分 +2.57  回报 +10.28
     快照闸门开(官方胜率 0.817,需 >0.50)
     ★ 新最优(综合得分率 0.7917)→ best.npz
      · 采样  1024/4096  543 步/秒  已完局 19  回报 +8.63
      · 采样  2048/4096  615 步/秒  已完局 38  回报 +10.79
      · 采样  3072/4096  578 步/秒  已完局 57  回报 +10.51
  upd   17 step   69632  回报 +10.43  胜率 0.76  π损失 -0.0035  V损失 1.8313  熵 0.450  KL +0.01603  规则 0.0%  254 步/秒
      · 采样  1024/4096  528 步/秒  已完局 19  回报 +10.37
      · 采样  2048/4096  572 步/秒  已完局 37  回报 +10.46
      · 采样  3072/4096  542 步/秒  已完局 57  回报 +11.60
  upd   18 step   73728  回报 +10.84  胜率 0.78  π损失 -0.0022  V损失 1.6473  熵 0.477  KL +0.02275  规则 0.0%  258 步/秒
      · 采样  1024/4096  557 步/秒  已完局 20  回报 +10.55
      · 采样  2048/4096  607 步/秒  已完局 39  回报 +11.41
      · 采样  3072/4096  554 步/秒  已完局 57  回报 +11.21
  upd   19 step   77824  回报 +11.32  胜率 0.84  π损失 -0.0002  V损失 1.4480  熵 0.520  KL +0.02944  规则 0.0%  263 步/秒
      · 采样  1024/4096  582 步/秒  已完局 19  回报 +12.42
      · 采样  2048/4096  561 步/秒  已完局 38  回报 +11.92
      · 采样  3072/4096  568 步/秒  已完局 57  回报 +11.65
  upd   20 step   81920  回报 +11.32  胜率 0.84  π损失 -0.0042  V损失 1.5396  熵 0.459  KL +0.02054  规则 0.0%  266 步/秒
    -> 加入快照对手,联盟 = ['official_baseline', 'official_hunter', 'official_stalker', 'official_patrol', 'rl_v5', 'rl_VG_v0.2', 'snap0', 'snap1']
       采样占比 official_baseline=5.8% official_hunter=5.8% official_stalker=5.8% official_patrol=5.8% rl_v5=19.2% rl_VG_v0.2=19.2% snap0=19.2% snap1=19.2%
      · 采样  1024/4096  534 步/秒  已完局 20  回报 +11.45
      · 采样  2048/4096  516 步/秒  已完局 40  回报 +10.18
      · 采样  3072/4096  526 步/秒  已完局 58  回报 +9.64
  upd   21 step   86016  回报 +9.36  胜率 0.67  π损失 +0.0088  V损失 1.4879  熵 0.462  KL +0.03809  规则 0.0%  269 步/秒
      · 采样  1024/4096  496 步/秒  已完局 20  回报 +7.90
      · 采样  2048/4096  509 步/秒  已完局 40  回报 +10.10
      · 采样  3072/4096  585 步/秒  已完局 60  回报 +10.07
  upd   22 step   90112  回报 +9.38  胜率 0.67  π损失 +0.0005  V损失 1.6514  熵 0.455  KL +0.02159  规则 0.0%  272 步/秒
      · 采样  1024/4096  546 步/秒  已完局 20  回报 +12.10
      · 采样  2048/4096  516 步/秒  已完局 40  回报 +11.40
      · 采样  3072/4096  569 步/秒  已完局 60  回报 +10.53
  upd   23 step   94208  回报 +10.03  胜率 0.75  π损失 -0.0009  V损失 2.0026  熵 0.454  KL +0.01931  规则 0.0%  275 步/秒
      · 采样  1024/4096  560 步/秒  已完局 20  回报 +10.00
      · 采样  2048/4096  519 步/秒  已完局 40  回报 +9.72
      · 采样  3072/4096  566 步/秒  已完局 60  回报 +10.48
  upd   24 step   98304  回报 +10.78  胜率 0.82  π损失 -0.0029  V损失 1.8116  熵 0.433  KL +0.02684  规则 0.0%  277 步/秒
  ── 评测(update 24)──
     official_baseline 得分率 0.917  (55胜/0平/5负)  净胜分 +9.43  回报 +17.12
     official_hunter 得分率 0.867  (52胜/0平/8负)  净胜分 +6.12  回报 +14.13
     official_stalker 得分率 1.000  (60胜/0平/0负)  净胜分 +12.33  回报 +13.33
     official_patrol 得分率 1.000  (60胜/0平/0负)  净胜分 +13.77  回报 +14.77
     rl_v5      得分率 0.550  (33胜/0平/27负)  净胜分 +0.78  回报 +6.08
     m3_v1      得分率 0.783  (47胜/0平/13负)  净胜分 +1.92  回报 +10.87
     m3_v2      得分率 0.467  (28胜/0平/32负)  净胜分 -0.97  回报 +8.77
     rl_VG_v0.2 得分率 0.950  (57胜/0平/3负)  净胜分 +3.95  回报 +11.40
     快照闸门开(官方胜率 0.750,需 >0.50)
     ★ 新最优(综合得分率 0.8167)→ best.npz
      · 采样  1024/4096  522 步/秒  已完局 20  回报 +10.10
      · 采样  2048/4096  605 步/秒  已完局 39  回报 +11.36
      · 采样  3072/4096  513 步/秒  已完局 59  回报 +10.83
  upd   25 step  102400  回报 +10.53  胜率 0.80  π损失 -0.0041  V损失 1.7728  熵 0.446  KL +0.01431  规则 0.0%  252 步/秒
      · 采样  1024/4096  579 步/秒  已完局 19  回报 +9.89
      · 采样  2048/4096  530 步/秒  已完局 38  回报 +8.84
      · 采样  3072/4096  602 步/秒  已完局 57  回报 +9.81
  upd   26 step  106496  回报 +10.14  胜率 0.73  π损失 -0.0063  V损失 1.5576  熵 0.447  KL +0.02550  规则 0.0%  255 步/秒
      · 采样  1024/4096  552 步/秒  已完局 19  回报 +11.47
      · 采样  2048/4096  554 步/秒  已完局 39  回报 +12.49
      · 采样  3072/4096  566 步/秒  已完局 59  回报 +11.63
  upd   27 step  110592  回报 +10.69  胜率 0.76  π损失 -0.0021  V损失 1.6968  熵 0.413  KL +0.01747  规则 0.0%  258 步/秒
      · 采样  1024/4096  593 步/秒  已完局 19  回报 +12.53
      · 采样  2048/4096  526 步/秒  已完局 39  回报 +11.51
      · 采样  3072/4096  561 步/秒  已完局 58  回报 +11.72
  upd   28 step  114688  回报 +11.68  胜率 0.82  π损失 -0.0006  V损失 1.6597  熵 0.420  KL +0.03240  规则 0.0%  261 步/秒
      · 采样  1024/4096  523 步/秒  已完局 20  回报 +12.00
      · 采样  2048/4096  513 步/秒  已完局 40  回报 +11.32
      · 采样  3072/4096  560 步/秒  已完局 59  回报 +11.24
  upd   29 step  118784  回报 +10.91  胜率 0.83  π损失 -0.0024  V损失 1.5856  熵 0.399  KL +0.01632  规则 0.0%  263 步/秒
      · 采样  1024/4096  535 步/秒  已完局 20  回报 +12.30
      · 采样  2048/4096  538 步/秒  已完局 39  回报 +11.74
      · 采样  3072/4096  570 步/秒  已完局 58  回报 +12.36
  upd   30 step  122880  回报 +12.40  胜率 0.95  π损失 -0.0056  V损失 1.3260  熵 0.386  KL +0.01091  规则 0.0%  265 步/秒
    -> 加入快照对手,联盟 = ['official_baseline', 'official_hunter', 'official_stalker', 'official_patrol', 'rl_v5', 'rl_VG_v0.2', 'snap0', 'snap1', 'snap2']
       采样占比 official_baseline=4.8% official_hunter=4.8% official_stalker=4.8% official_patrol=4.8% rl_v5=16.1% rl_VG_v0.2=16.1% snap0=16.1% snap1=16.1% snap2=16.1%
      · 采样  1024/4096  543 步/秒  已完局 20  回报 +10.05
      · 采样  2048/4096  527 步/秒  已完局 40  回报 +11.15
      · 采样  3072/4096  537 步/秒  已完局 59  回报 +10.80
  upd   31 step  126976  回报 +10.44  胜率 0.76  π损失 -0.0024  V损失 1.7105  熵 0.368  KL +0.02184  规则 0.0%  267 步/秒
      · 采样  1024/4096  510 步/秒  已完局 19  回报 +9.53
      · 采样  2048/4096  503 步/秒  已完局 40  回报 +10.00
      · 采样  3072/4096  512 步/秒  已完局 59  回报 +9.80
  upd   32 step  131072  回报 +9.90  胜率 0.70  π损失 +0.0020  V损失 1.9721  熵 0.369  KL +0.02070  规则 0.0%  269 步/秒
  ── 评测(update 32)──
     official_baseline 得分率 0.833  (50胜/0平/10负)  净胜分 +7.20  回报 +15.18
     official_hunter 得分率 0.800  (48胜/0平/12负)  净胜分 +3.17  回报 +11.07
     official_stalker 得分率 1.000  (60胜/0平/0负)  净胜分 +14.37  回报 +15.37
     official_patrol 得分率 1.000  (60胜/0平/0负)  净胜分 +16.95  回报 +17.95
     rl_v5      得分率 0.400  (24胜/0平/36负)  净胜分 -1.23  回报 +4.48
     m3_v1      得分率 0.700  (42胜/0平/18负)  净胜分 +1.50  回报 +10.37
     m3_v2      得分率 0.483  (29胜/0平/31负)  净胜分 -0.73  回报 +8.40
     rl_VG_v0.2 得分率 0.900  (54胜/0平/6负)  净胜分 +4.60  回报 +11.33
     快照闸门开(官方胜率 0.778,需 >0.50)
      · 采样  1024/4096  527 步/秒  已完局 20  回报 +11.35
      · 采样  2048/4096  505 步/秒  已完局 40  回报 +11.05
      · 采样  3072/4096  488 步/秒  已完局 60  回报 +10.53
  upd   33 step  135168  回报 +10.93  胜率 0.82  π损失 -0.0012  V损失 1.9103  熵 0.366  KL +0.02943  规则 0.0%  250 步/秒
      · 采样  1024/4096  499 步/秒  已完局 20  回报 +9.55
      · 采样  2048/4096  482 步/秒  已完局 40  回报 +10.10
      · 采样  3072/4096  550 步/秒  已完局 59  回报 +10.85
  upd   34 step  139264  回报 +11.00  胜率 0.82  π损失 +0.0008  V损失 1.5858  熵 0.360  KL +0.02456  规则 0.0%  252 步/秒
      · 采样  1024/4096  545 步/秒  已完局 19  回报 +12.37
      · 采样  2048/4096  498 步/秒  已完局 39  回报 +10.92
      · 采样  3072/4096  551 步/秒  已完局 59  回报 +11.73
  upd   35 step  143360  回报 +11.62  胜率 0.79  π损失 +0.0033  V损失 2.3519  熵 0.343  KL +0.03058  规则 0.0%  254 步/秒
      · 采样  1024/4096  498 步/秒  已完局 20  回报 +10.10
      · 采样  2048/4096  574 步/秒  已完局 39  回报 +11.18
      · 采样  3072/4096  500 步/秒  已完局 58  回报 +11.19
  upd   36 step  147456  回报 +11.18  胜率 0.83  π损失 -0.0034  V损失 1.7377  熵 0.384  KL +0.04086  规则 0.0%  256 步/秒
      · 采样  1024/4096  511 步/秒  已完局 19  回报 +9.89
      · 采样  2048/4096  536 步/秒  已完局 38  回报 +9.95
      · 采样  3072/4096  517 步/秒  已完局 57  回报 +10.25
  upd   37 step  151552  回报 +10.71  胜率 0.79  π损失 -0.0025  V损失 1.7719  熵 0.409  KL +0.02733  规则 0.0%  258 步/秒
      · 采样  1024/4096  534 步/秒  已完局 19  回报 +12.79
      · 采样  2048/4096  514 步/秒  已完局 38  回报 +11.34
      · 采样  3072/4096  520 步/秒  已完局 58  回报 +10.84
  upd   38 step  155648  回报 +11.08  胜率 0.83  π损失 -0.0026  V损失 1.3698  熵 0.379  KL +0.02047  规则 0.0%  259 步/秒
      · 采样  1024/4096  517 步/秒  已完局 19  回报 +10.11
      · 采样  2048/4096  494 步/秒  已完局 39  回报 +10.62
      · 采样  3072/4096  544 步/秒  已完局 58  回报 +11.26
  upd   39 step  159744  回报 +11.59  胜率 0.82  π损失 -0.0023  V损失 1.6401  熵 0.415  KL +0.03276  规则 0.0%  261 步/秒
      · 采样  1024/4096  524 步/秒  已完局 19  回报 +10.89
      · 采样  2048/4096  510 步/秒  已完局 38  回报 +11.00
      · 采样  3072/4096  528 步/秒  已完局 57  回报 +11.05
  upd   40 step  163840  回报 +11.63  胜率 0.83  π损失 -0.0001  V损失 1.7546  熵 0.399  KL +0.02343  规则 0.0%  263 步/秒
  ── 评测(update 40)──
     official_baseline 得分率 0.917  (55胜/0平/5负)  净胜分 +8.88  回报 +16.58
     official_hunter 得分率 0.700  (42胜/0平/18负)  净胜分 +2.73  回报 +10.68
     official_stalker 得分率 0.983  (59胜/0平/1负)  净胜分 +14.47  回报 +15.43
     official_patrol 得分率 1.000  (60胜/0平/0负)  净胜分 +15.85  回报 +16.85
     rl_v5      得分率 0.583  (35胜/0平/25负)  净胜分 +1.37  回报 +6.53
     m3_v1      得分率 0.633  (38胜/0平/22负)  净胜分 +1.40  回报 +9.67
     m3_v2      得分率 0.333  (20胜/0平/40负)  净胜分 -2.08  回报 +7.23
     rl_VG_v0.2 得分率 0.933  (56胜/0平/4负)  净胜分 +5.42  回报 +11.87
     快照闸门开(官方胜率 0.678,需 >0.50)
    -> 加入快照对手,联盟 = ['official_baseline', 'official_hunter', 'official_stalker', 'official_patrol', 'rl_v5', 'rl_VG_v0.2', 'snap0', 'snap1', 'snap2', 'snap3']
       采样占比 official_baseline=4.2% official_hunter=4.2% official_stalker=4.2% official_patrol=4.2% rl_v5=13.9% rl_VG_v0.2=13.9% snap0=13.9% snap1=13.9% snap2=13.9% snap3=13.9%
      · 采样  1024/4096  543 步/秒  已完局 19  回报 +10.79
      · 采样  2048/4096  562 步/秒  已完局 38  回报 +11.21
      · 采样  3072/4096  546 步/秒  已完局 57  回报 +11.65
  upd   41 step  167936  回报 +11.18  胜率 0.79  π损失 -0.0047  V损失 1.7362  熵 0.358  KL +0.02315  规则 0.0%  248 步/秒
      · 采样  1024/4096  525 步/秒  已完局 19  回报 +9.21
      · 采样  2048/4096  542 步/秒  已完局 37  回报 +10.51
      · 采样  3072/4096  572 步/秒  已完局 56  回报 +10.14
  upd   42 step  172032  回报 +10.36  胜率 0.76  π损失 -0.0029  V损失 1.9291  熵 0.384  KL +0.03263  规则 0.0%  250 步/秒
      · 采样  1024/4096  527 步/秒  已完局 19  回报 +10.26
      · 采样  2048/4096  539 步/秒  已完局 38  回报 +11.68
      · 采样  3072/4096  518 步/秒  已完局 57  回报 +11.23
  upd   43 step  176128  回报 +11.09  胜率 0.82  π损失 -0.0003  V损失 1.5505  熵 0.380  KL +0.02443  规则 0.0%  251 步/秒
      · 采样  1024/4096  502 步/秒  已完局 19  回报 +11.26
      · 采样  2048/4096  482 步/秒  已完局 39  回报 +10.56
      · 采样  3072/4096  581 步/秒  已完局 58  回报 +11.00
  upd   44 step  180224  回报 +10.96  胜率 0.82  π损失 -0.0013  V损失 1.5153  熵 0.361  KL +0.02601  规则 0.0%  253 步/秒
      · 采样  1024/4096  502 步/秒  已完局 19  回报 +11.63
      · 采样  2048/4096  486 步/秒  已完局 39  回报 +11.46
      · 采样  3072/4096  532 步/秒  已完局 57  回报 +11.54
  upd   45 step  184320  回报 +11.68  胜率 0.87  π损失 +0.0040  V损失 1.0861  熵 0.344  KL +0.04207  规则 0.0%  254 步/秒
      · 采样  1024/4096  519 步/秒  已完局 19  回报 +11.05
      · 采样  2048/4096  514 步/秒  已完局 38  回报 +11.37
      · 采样  3072/4096  541 步/秒  已完局 57  回报 +11.49
  upd   46 step  188416  回报 +11.37  胜率 0.82  π损失 -0.0010  V损失 1.6269  熵 0.348  KL +0.02661  规则 0.0%  256 步/秒
      · 采样  1024/4096  480 步/秒  已完局 20  回报 +10.80
      · 采样  2048/4096  541 步/秒  已完局 39  回报 +11.54
      · 采样  3072/4096  514 步/秒  已完局 58  回报 +11.40
  upd   47 step  192512  回报 +11.36  胜率 0.82  π损失 -0.0026  V损失 1.6520  熵 0.341  KL +0.01548  规则 0.0%  257 步/秒
      · 采样  1024/4096  509 步/秒  已完局 19  回报 +12.95
      · 采样  2048/4096  520 步/秒  已完局 38  回报 +12.74
      · 采样  3072/4096  568 步/秒  已完局 57  回报 +11.82
  upd   48 step  196608  回报 +11.53  胜率 0.80  π损失 -0.0032  V损失 1.6743  熵 0.345  KL +0.02561  规则 0.0%  258 步/秒
  ── 评测(update 48)──
     official_baseline 得分率 1.000  (60胜/0平/0负)  净胜分 +11.10  回报 +18.63
     official_hunter 得分率 0.650  (39胜/0平/21负)  净胜分 +2.88  回报 +11.58
     official_stalker 得分率 1.000  (60胜/0平/0负)  净胜分 +14.15  回报 +15.15
     official_patrol 得分率 0.983  (59胜/0平/1负)  净胜分 +19.80  回报 +20.77
     rl_v5      得分率 0.717  (43胜/0平/17负)  净胜分 +2.68  回报 +8.08
     m3_v1      得分率 0.550  (33胜/0平/27负)  净胜分 +0.43  回报 +8.93
     m3_v2      得分率 0.517  (31胜/0平/29负)  净胜分 +0.02  回报 +9.58
     rl_VG_v0.2 得分率 0.950  (57胜/0平/3负)  净胜分 +6.12  回报 +12.33
     快照闸门开(官方胜率 0.733,需 >0.50)
      · 采样  1024/4096  517 步/秒  已完局 18  回报 +12.50
      · 采样  2048/4096  524 步/秒  已完局 37  回报 +11.76
      · 采样  3072/4096  584 步/秒  已完局 56  回报 +11.82
  upd   49 step  200704  回报 +11.95  胜率 0.89  π损失 -0.0042  V损失 1.5252  熵 0.378  KL +0.01769  规则 0.0%  247 步/秒
  ── 评测(update 49)──
     official_baseline 得分率 0.967  (58胜/0平/2负)  净胜分 +10.73  回报 +18.43
     official_hunter 得分率 0.683  (41胜/0平/19负)  净胜分 +3.18  回报 +11.83
     official_stalker 得分率 1.000  (60胜/0平/0负)  净胜分 +13.93  回报 +14.93
     official_patrol 得分率 1.000  (60胜/0平/0负)  净胜分 +19.72  回报 +20.72
     rl_v5      得分率 0.717  (43胜/0平/17负)  净胜分 +3.98  回报 +8.77
     m3_v1      得分率 0.550  (33胜/0平/27负)  净胜分 +0.27  回报 +8.65
     m3_v2      得分率 0.367  (22胜/0平/38负)  净胜分 -0.75  回报 +8.58
     rl_VG_v0.2 得分率 0.933  (56胜/0平/4负)  净胜分 +4.78  回报 +11.32
     快照闸门开(官方胜率 0.789,需 >0.50)
[rl_monet_v1] 完成:200704 步,权重在 .probe\vg10_norules\final.npz
[rl_monet_v1] 曲线已写入 .probe\vg10_norules\curves.png
