[rl_monet_v1] 从参赛包 rl_VG_v1.0 起步:D:\WorkFile\Sentry_Dual\rl_monet_v1\rl_VG_v1.0
[rl_monet_v1] run=mlp_ctl 输出=runs\mlp_ctl
  网络 428->512x3->8  联盟 ['official_baseline', 'official_hunter', 'official_stalker', 'official_patrol', 'rl_v5', 'rl_VG_v0.2', 'rl_best040', 'rl_VG_v1.0']  目标步数 400000
  采样占比 official_baseline=4.2% official_hunter=4.2% official_stalker=4.2% official_patrol=4.2% rl_v5=27.8% rl_VG_v0.2=13.9% rl_best040=13.9% rl_VG_v1.0=27.8%
      · 采样  1024/4096  252 步/秒  已完局 18  回报 +10.39
      · 采样  2048/4096  280 步/秒  已完局 37  回报 +9.92
      · 采样  3072/4096  282 步/秒  已完局 56  回报 +10.30
  upd    1 step    4096  回报 +10.89  胜率 0.79  π损失 -0.0009  V损失 2.4682  熵 0.318  KL +0.02072  规则 10.4%  196 步/秒
      · 采样  1024/4096  303 步/秒  已完局 19  回报 +11.37
      · 采样  2048/4096  339 步/秒  已完局 38  回报 +11.87
      · 采样  3072/4096  289 步/秒  已完局 57  回报 +11.67
  upd    2 step    8192  回报 +11.62  胜率 0.84  π损失 -0.0035  V损失 2.2503  熵 0.328  KL +0.01207  规则 10.9%  201 步/秒
      · 采样  1024/4096  283 步/秒  已完局 19  回报 +11.00
      · 采样  2048/4096  243 步/秒  已完局 38  回报 +10.76
      · 采样  3072/4096  304 步/秒  已完局 57  回报 +11.04
  upd    3 step   12288  回报 +10.79  胜率 0.73  π损失 -0.0026  V损失 2.7469  熵 0.309  KL +0.01131  规则 11.0%  198 步/秒
      · 采样  1024/4096  276 步/秒  已完局 19  回报 +10.11
      · 采样  2048/4096  264 步/秒  已完局 38  回报 +10.53
      · 采样  3072/4096  267 步/秒  已完局 57  回报 +10.98
  upd    4 step   16384  回报 +11.26  胜率 0.76  π损失 +0.0011  V损失 2.6874  熵 0.317  KL +0.02104  规则 11.4%  202 步/秒
      · 采样  1024/4096  280 步/秒  已完局 19  回报 +13.00
      · 采样  2048/4096  404 步/秒  已完局 38  回报 +13.63
      · 采样  3072/4096  302 步/秒  已完局 57  回报 +12.42
  upd    5 step   20480  回报 +12.28  胜率 0.86  π损失 +0.0016  V损失 2.4150  熵 0.327  KL +0.02507  规则 11.7%  207 步/秒
      · 采样  1024/4096  394 步/秒  已完局 20  回报 +11.10
      · 采样  2048/4096  405 步/秒  已完局 39  回报 +11.69
      · 采样  3072/4096  291 步/秒  已完局 57  回报 +10.77
  upd    6 step   24576  回报 +11.50  胜率 0.83  π损失 -0.0009  V损失 2.3975  熵 0.329  KL +0.01635  规则 11.8%  212 步/秒
      · 采样  1024/4096  279 步/秒  已完局 20  回报 +10.40
      · 采样  2048/4096  298 步/秒  已完局 39  回报 +12.13
      · 采样  3072/4096  612 步/秒  已完局 59  回报 +12.69
  upd    7 step   28672  回报 +12.78  胜率 0.85  π损失 -0.0028  V损失 2.7652  熵 0.310  KL +0.01743  规则 12.7%  221 步/秒
      · 采样  1024/4096  580 步/秒  已完局 20  回报 +13.55
      · 采样  2048/4096  583 步/秒  已完局 40  回报 +12.30
      · 采样  3072/4096  616 步/秒  已完局 59  回报 +12.88
  upd    8 step   32768  回报 +12.97  胜率 0.91  π损失 -0.0033  V损失 3.0012  熵 0.328  KL +0.01730  规则 12.6%  234 步/秒
      · 采样  1024/4096  566 步/秒  已完局 20  回报 +11.20
      · 采样  2048/4096  632 步/秒  已完局 40  回报 +13.25
      · 采样  3072/4096  584 步/秒  已完局 59  回报 +12.78
  upd    9 step   36864  回报 +12.59  胜率 0.90  π损失 -0.0014  V损失 2.6060  熵 0.292  KL +0.01607  规则 12.5%  245 步/秒
      · 采样  1024/4096  560 步/秒  已完局 20  回报 +11.30
      · 采样  2048/4096  538 步/秒  已完局 41  回报 +12.49
      · 采样  3072/4096  573 步/秒  已完局 61  回报 +12.52
  upd   10 step   40960  回报 +12.35  胜率 0.85  π损失 -0.0057  V损失 2.9064  熵 0.283  KL +0.01094  规则 12.9%  255 步/秒
    -> 跳过快照(闸门关(还没评测过,需 >0.50))
      · 采样  1024/4096  657 步/秒  已完局 21  回报 +17.19
      · 采样  2048/4096  601 步/秒  已完局 41  回报 +15.39
      · 采样  3072/4096  680 步/秒  已完局 61  回报 +14.95
  upd   11 step   45056  回报 +15.05  胜率 0.99  π损失 -0.0001  V损失 2.7820  熵 0.304  KL +0.01080  规则 12.7%  266 步/秒
      · 采样  1024/4096  609 步/秒  已完局 20  回报 +12.85
      · 采样  2048/4096  655 步/秒  已完局 39  回报 +13.03
      · 采样  3072/4096  626 步/秒  已完局 59  回报 +13.24
  upd   12 step   49152  回报 +13.31  胜率 0.96  π损失 -0.0018  V损失 1.5844  熵 0.301  KL +0.01376  规则 12.1%  275 步/秒
      · 采样  1024/4096  609 步/秒  已完局 20  回报 +14.70
      · 采样  2048/4096  621 步/秒  已完局 40  回报 +14.32
      · 采样  3072/4096  651 步/秒  已完局 59  回报 +14.29
  upd   13 step   53248  回报 +14.82  胜率 0.96  π损失 -0.0032  V损失 2.8554  熵 0.272  KL +0.01002  规则 12.6%  282 步/秒
      · 采样  1024/4096  589 步/秒  已完局 20  回报 +13.60
      · 采样  2048/4096  640 步/秒  已完局 40  回报 +13.78
      · 采样  3072/4096  655 步/秒  已完局 60  回报 +14.67
  upd   14 step   57344  回报 +14.24  胜率 0.95  π损失 -0.0026  V损失 2.0166  熵 0.272  KL +0.01253  规则 12.7%  290 步/秒
      · 采样  1024/4096  622 步/秒  已完局 20  回报 +13.95
      · 采样  2048/4096  630 步/秒  已完局 40  回报 +13.78
      · 采样  3072/4096  679 步/秒  已完局 59  回报 +13.51
  upd   15 step   61440  回报 +13.59  胜率 0.91  π损失 +0.0030  V损失 2.6058  熵 0.269  KL +0.02382  规则 12.6%  297 步/秒
      · 采样  1024/4096  623 步/秒  已完局 19  回报 +14.74
      · 采样  2048/4096  635 步/秒  已完局 39  回报 +15.00
      · 采样  3072/4096  689 步/秒  已完局 59  回报 +13.85
  upd   16 step   65536  回报 +13.74  胜率 0.90  π损失 +0.0002  V损失 2.3528  熵 0.291  KL +0.01641  规则 12.5%  303 步/秒
      · 采样  1024/4096  640 步/秒  已完局 20  回报 +15.35
      · 采样  2048/4096  669 步/秒  已完局 39  回报 +14.23
      · 采样  3072/4096  629 步/秒  已完局 59  回报 +13.69
  upd   17 step   69632  回报 +13.69  胜率 0.87  π损失 +0.0033  V损失 2.9795  熵 0.273  KL +0.01292  规则 12.5%  309 步/秒
      · 采样  1024/4096  619 步/秒  已完局 19  回报 +13.53
      · 采样  2048/4096  669 步/秒  已完局 39  回报 +12.62
      · 采样  3072/4096  613 步/秒  已完局 59  回报 +13.19
  upd   18 step   73728  回报 +12.77  胜率 0.86  π损失 -0.0014  V损失 2.1408  熵 0.278  KL +0.02079  规则 12.2%  314 步/秒
      · 采样  1024/4096  638 步/秒  已完局 20  回报 +13.60
      · 采样  2048/4096  642 步/秒  已完局 40  回报 +14.70
      · 采样  3072/4096  609 步/秒  已完局 59  回报 +13.78
  upd   19 step   77824  回报 +14.13  胜率 0.89  π损失 +0.0018  V损失 2.4748  熵 0.256  KL +0.02049  规则 12.9%  319 步/秒
      · 采样  1024/4096  664 步/秒  已完局 20  回报 +15.75
      · 采样  2048/4096  655 步/秒  已完局 40  回报 +17.40
      · 采样  3072/4096  635 步/秒  已完局 60  回报 +15.72
  upd   20 step   81920  回报 +15.15  胜率 0.96  π损失 +0.0033  V损失 2.2906  熵 0.259  KL +0.01480  规则 12.5%  324 步/秒
  ── 评测(update 20)──
     official_baseline 得分率 0.975  (39胜/0平/1负)  净胜分 +9.90  回报 +17.02
     official_hunter 得分率 0.625  (25胜/0平/15负)  净胜分 +2.35  回报 +10.25
     official_stalker 得分率 1.000  (40胜/0平/0负)  净胜分 +22.77  回报 +23.77
     official_patrol 得分率 1.000  (40胜/0平/0负)  净胜分 +33.98  回报 +34.98
     rl_v5      得分率 0.800  (32胜/0平/8负)  净胜分 +4.97  回报 +9.60
     m3_v1      得分率 0.650  (26胜/0平/14负)  净胜分 +2.40  回报 +10.32
     m3_v2      得分率 0.625  (25胜/0平/15负)  净胜分 +1.82  回报 +10.78
     rl_VG_v0.2 得分率 1.000  (40胜/0平/0负)  净胜分 +5.45  回报 +11.80
     快照闸门关(还没评测过,需 >0.50)
     配重 official_baseline=2.1% official_hunter=15.6% official_stalker=1.2% official_patrol=1.2% rl_v5=8.8% rl_VG_v0.2=1.2% rl_best040=35.0% rl_VG_v1.0=35.0%
     ★ 新最优(综合得分率 0.8344)→ best.npz
    -> 加入快照对手,联盟 = ['official_baseline', 'official_hunter', 'official_stalker', 'official_patrol', 'rl_v5', 'rl_VG_v0.2', 'rl_best040', 'rl_VG_v1.0', 'snap0']
       采样占比 official_baseline=1.9% official_hunter=13.7% official_stalker=1.0% official_patrol=1.0% rl_v5=7.8% rl_VG_v0.2=1.0% rl_best040=30.7% rl_VG_v1.0=30.7% snap0=12.2%
      · 采样  1024/4096  648 步/秒  已完局 20  回报 +12.20
      · 采样  2048/4096  668 步/秒  已完局 39  回报 +12.18
      · 采样  3072/4096  639 步/秒  已完局 59  回报 +11.98
  upd   21 step   86016  回报 +12.09  胜率 0.80  π损失 -0.0009  V损失 1.9243  熵 0.283  KL +0.03249  规则 11.9%  302 步/秒
      · 采样  1024/4096  659 步/秒  已完局 19  回报 +12.21
      · 采样  2048/4096  669 步/秒  已完局 39  回报 +13.33
      · 采样  3072/4096  674 步/秒  已完局 59  回报 +13.80
  upd   22 step   90112  回报 +13.53  胜率 0.85  π损失 -0.0008  V损失 2.2574  熵 0.274  KL +0.02268  规则 11.9%  307 步/秒
      · 采样  1024/4096  726 步/秒  已完局 20  回报 +14.05
      · 采样  2048/4096  715 步/秒  已完局 39  回报 +13.36
      · 采样  3072/4096  737 步/秒  已完局 58  回报 +13.14
  upd   23 step   94208  回报 +12.55  胜率 0.83  π损失 -0.0026  V损失 1.7090  熵 0.296  KL +0.02144  规则 11.3%  312 步/秒
      · 采样  1024/4096  705 步/秒  已完局 20  回报 +14.65
      · 采样  2048/4096  722 步/秒  已完局 39  回报 +14.72
      · 采样  3072/4096  738 步/秒  已完局 59  回报 +13.98
  upd   24 step   98304  回报 +13.94  胜率 0.87  π损失 -0.0032  V损失 1.7897  熵 0.275  KL +0.01697  规则 11.6%  316 步/秒
      · 采样  1024/4096  687 步/秒  已完局 19  回报 +14.00
      · 采样  2048/4096  688 步/秒  已完局 39  回报 +13.59
      · 采样  3072/4096  691 步/秒  已完局 58  回报 +13.59
  upd   25 step  102400  回报 +13.26  胜率 0.87  π损失 -0.0015  V损失 1.8076  熵 0.270  KL +0.01894  规则 11.7%  320 步/秒
      · 采样  1024/4096  634 步/秒  已完局 20  回报 +15.75
      · 采样  2048/4096  682 步/秒  已完局 40  回报 +14.70
      · 采样  3072/4096  666 步/秒  已完局 59  回报 +13.42
  upd   26 step  106496  回报 +13.47  胜率 0.87  π损失 -0.0028  V损失 2.1366  熵 0.266  KL +0.02095  规则 12.1%  324 步/秒
      · 采样  1024/4096  720 步/秒  已完局 19  回报 +14.89
      · 采样  2048/4096  713 步/秒  已完局 39  回报 +14.21
      · 采样  3072/4096  652 步/秒  已完局 58  回报 +13.97
  upd   27 step  110592  回报 +13.62  胜率 0.87  π损失 -0.0010  V损失 1.9148  熵 0.295  KL +0.01813  规则 11.7%  328 步/秒
      · 采样  1024/4096  791 步/秒  已完局 20  回报 +12.00
      · 采样  2048/4096  780 步/秒  已完局 39  回报 +13.77
      · 采样  3072/4096  674 步/秒  已完局 58  回报 +13.62
  upd   28 step  114688  回报 +13.59  胜率 0.88  π损失 -0.0002  V损失 1.7121  熵 0.307  KL +0.02480  规则 11.9%  332 步/秒
      · 采样  1024/4096  670 步/秒  已完局 19  回报 +11.47
      · 采样  2048/4096  643 步/秒  已完局 38  回报 +11.29
      · 采样  3072/4096  660 步/秒  已完局 57  回报 +12.16
  upd   29 step  118784  回报 +12.41  胜率 0.79  π损失 -0.0006  V损失 1.9658  熵 0.320  KL +0.03237  规则 12.2%  335 步/秒
      · 采样  1024/4096  734 步/秒  已完局 20  回报 +11.70
      · 采样  2048/4096  760 步/秒  已完局 40  回报 +11.88
      · 采样  3072/4096  719 步/秒  已完局 59  回报 +12.42
  upd   30 step  122880  回报 +12.72  胜率 0.80  π损失 -0.0013  V损失 2.0541  熵 0.319  KL +0.02385  规则 11.8%  338 步/秒
    -> 加入快照对手,联盟 = ['official_baseline', 'official_hunter', 'official_stalker', 'official_patrol', 'rl_v5', 'rl_VG_v0.2', 'rl_best040', 'rl_VG_v1.0', 'snap0', 'snap1']
       采样占比 official_baseline=1.7% official_hunter=12.2% official_stalker=0.9% official_patrol=0.9% rl_v5=6.9% rl_VG_v0.2=0.9% rl_best040=27.4% rl_VG_v1.0=27.4% snap0=10.9% snap1=10.9%
      · 采样  1024/4096  621 步/秒  已完局 19  回报 +12.05
      · 采样  2048/4096  682 步/秒  已完局 39  回报 +13.26
      · 采样  3072/4096  650 步/秒  已完局 58  回报 +12.83
  upd   31 step  126976  回报 +12.70  胜率 0.82  π损失 -0.0000  V损失 1.8811  熵 0.296  KL +0.01982  规则 11.7%  341 步/秒
      · 采样  1024/4096  642 步/秒  已完局 20  回报 +12.80
      · 采样  2048/4096  670 步/秒  已完局 38  回报 +13.16
      · 采样  3072/4096  669 步/秒  已完局 58  回报 +13.29
  upd   32 step  131072  回报 +13.39  胜率 0.86  π损失 +0.0005  V损失 1.6377  熵 0.296  KL +0.01904  规则 11.7%  344 步/秒
      · 采样  1024/4096  644 步/秒  已完局 20  回报 +14.60
      · 采样  2048/4096  557 步/秒  已完局 39  回报 +14.54
      · 采样  3072/4096  420 步/秒  已完局 59  回报 +14.44
  upd   33 step  135168  回报 +14.59  胜率 0.95  π损失 -0.0015  V损失 1.4929  熵 0.293  KL +0.02123  规则 12.7%  341 步/秒
      · 采样  1024/4096  333 步/秒  已完局 20  回报 +13.65
      · 采样  2048/4096  302 步/秒  已完局 40  回报 +13.30
      · 采样  3072/4096  260 步/秒  已完局 60  回报 +13.48
  upd   34 step  139264  回报 +13.72  胜率 0.88  π损失 -0.0015  V损失 2.2658  熵 0.267  KL +0.02142  规则 12.5%  334 步/秒
      · 采样  1024/4096  332 步/秒  已完局 20  回报 +12.65
      · 采样  2048/4096  277 步/秒  已完局 40  回报 +13.05
      · 采样  3072/4096  340 步/秒  已完局 60  回报 +13.00
  upd   35 step  143360  回报 +13.65  胜率 0.91  π损失 -0.0028  V损失 1.3579  熵 0.263  KL +0.02442  规则 12.5%  329 步/秒
      · 采样  1024/4096  286 步/秒  已完局 20  回报 +13.80
      · 采样  2048/4096  358 步/秒  已完局 40  回报 +14.50
      · 采样  3072/4096  310 步/秒  已完局 60  回报 +14.93
  upd   36 step  147456  回报 +14.85  胜率 0.99  π损失 +0.0005  V损失 1.1831  熵 0.262  KL +0.02876  规则 12.5%  325 步/秒
      · 采样  1024/4096  299 步/秒  已完局 20  回报 +14.60
      · 采样  2048/4096  260 步/秒  已完局 40  回报 +15.12
      · 采样  3072/4096  252 步/秒  已完局 60  回报 +14.75
  upd   37 step  151552  回报 +14.75  胜率 0.89  π损失 +0.0048  V损失 2.1301  熵 0.273  KL +0.02557  规则 12.5%  319 步/秒
      · 采样  1024/4096  347 步/秒  已完局 20  回报 +15.70
      · 采样  2048/4096  290 步/秒  已完局 40  回报 +14.62
      · 采样  3072/4096  354 步/秒  已完局 61  回报 +14.84
  upd   38 step  155648  回报 +15.11  胜率 0.90  π损失 -0.0016  V损失 1.9026  熵 0.237  KL +0.01392  规则 13.1%  317 步/秒
      · 采样  1024/4096  705 步/秒  已完局 20  回报 +14.80
      · 采样  2048/4096  632 步/秒  已完局 41  回报 +14.07
      · 采样  3072/4096  633 步/秒  已完局 61  回报 +14.67
  upd   39 step  159744  回报 +14.70  胜率 0.94  π损失 -0.0040  V损失 1.7749  熵 0.224  KL +0.01708  规则 13.2%  319 步/秒
      · 采样  1024/4096  579 步/秒  已完局 20  回报 +15.50
      · 采样  2048/4096  570 步/秒  已完局 40  回报 +15.18
      · 采样  3072/4096  634 步/秒  已完局 60  回报 +14.58
  upd   40 step  163840  回报 +14.43  胜率 0.85  π损失 -0.0012  V损失 2.3138  熵 0.243  KL +0.03370  规则 12.5%  321 步/秒
  ── 评测(update 40)──
     official_baseline 得分率 0.900  (36胜/0平/4负)  净胜分 +9.18  回报 +16.62
     official_hunter 得分率 0.825  (33胜/0平/7负)  净胜分 +4.60  回报 +13.12
     official_stalker 得分率 1.000  (40胜/0平/0负)  净胜分 +22.80  回报 +23.80
     official_patrol 得分率 1.000  (40胜/0平/0负)  净胜分 +28.05  回报 +29.05
     rl_v5      得分率 0.750  (30胜/0平/10负)  净胜分 +3.20  回报 +8.50
     m3_v1      得分率 0.725  (29胜/0平/11负)  净胜分 +2.12  回报 +10.10
     m3_v2      得分率 0.550  (22胜/0平/18负)  净胜分 +0.38  回报 +9.53
     rl_VG_v0.2 得分率 1.000  (40胜/0平/0负)  净胜分 +6.20  回报 +11.75
     快照闸门开(官方胜率 0.800,需 >0.50)
     配重 official_baseline=2.7% official_hunter=10.2% official_stalker=0.9% official_patrol=0.9% rl_v5=7.8% rl_VG_v0.2=0.9% rl_best040=27.4% rl_VG_v1.0=27.4% snap0=10.9% snap1=10.9%
     ★ 新最优(综合得分率 0.8438)→ best.npz
    -> 加入快照对手,联盟 = ['official_baseline', 'official_hunter', 'official_stalker', 'official_patrol', 'rl_v5', 'rl_VG_v0.2', 'rl_best040', 'rl_VG_v1.0', 'snap1', 'snap2']
       采样占比 official_baseline=2.7% official_hunter=10.2% official_stalker=0.9% official_patrol=0.9% rl_v5=7.8% rl_VG_v0.2=0.9% rl_best040=27.4% rl_VG_v1.0=27.4% snap1=10.9% snap2=10.9%
      · 采样  1024/4096  701 步/秒  已完局 21  回报 +16.00
      · 采样  2048/4096  658 步/秒  已完局 42  回报 +15.21
      · 采样  3072/4096  605 步/秒  已完局 61  回报 +15.23
  upd   41 step  167936  回报 +15.72  胜率 0.96  π损失 -0.0026  V损失 2.0015  熵 0.227  KL +0.01473  规则 13.2%  309 步/秒
      · 采样  1024/4096  657 步/秒  已完局 20  回报 +14.15
      · 采样  2048/4096  678 步/秒  已完局 41  回报 +14.51
      · 采样  3072/4096  663 步/秒  已完局 62  回报 +14.71
  upd   42 step  172032  回报 +14.29  胜率 0.88  π损失 +0.0006  V损失 1.9230  熵 0.241  KL +0.01790  规则 13.5%  311 步/秒
      · 采样  1024/4096  694 步/秒  已完局 21  回报 +15.52
      · 采样  2048/4096  655 步/秒  已完局 41  回报 +16.17
      · 采样  3072/4096  613 步/秒  已完局 62  回报 +16.13
  upd   43 step  176128  回报 +15.70  胜率 0.96  π损失 -0.0005  V损失 1.8899  熵 0.241  KL +0.00850  规则 13.6%  314 步/秒
      · 采样  1024/4096  633 步/秒  已完局 21  回报 +14.52
      · 采样  2048/4096  603 步/秒  已完局 42  回报 +14.21
      · 采样  3072/4096  584 步/秒  已完局 63  回报 +14.10
  upd   44 step  180224  回报 +14.18  胜率 0.90  π损失 -0.0041  V损失 1.7456  熵 0.230  KL +0.01932  规则 13.2%  315 步/秒
      · 采样  1024/4096  642 步/秒  已完局 20  回报 +13.30
      · 采样  2048/4096  611 步/秒  已完局 41  回报 +14.73
      · 采样  3072/4096  622 步/秒  已完局 62  回报 +15.26
  upd   45 step  184320  回报 +15.18  胜率 0.90  π损失 -0.0038  V损失 2.1326  熵 0.248  KL +0.01221  规则 13.5%  317 步/秒
      · 采样  1024/4096  649 步/秒  已完局 20  回报 +14.60
      · 采样  2048/4096  621 步/秒  已完局 41  回报 +14.46
      · 采样  3072/4096  662 步/秒  已完局 62  回报 +14.23
  upd   46 step  188416  回报 +14.34  胜率 0.92  π损失 -0.0017  V损失 2.4619  熵 0.237  KL +0.02139  规则 13.0%  319 步/秒
      · 采样  1024/4096  737 步/秒  已完局 21  回报 +16.95
      · 采样  2048/4096  597 步/秒  已完局 41  回报 +15.59
      · 采样  3072/4096  662 步/秒  已完局 62  回报 +15.06
  upd   47 step  192512  回报 +14.72  胜率 0.88  π损失 -0.0004  V损失 2.7008  熵 0.227  KL +0.01479  规则 13.3%  321 步/秒
      · 采样  1024/4096  622 步/秒  已完局 21  回报 +14.29
      · 采样  2048/4096  613 步/秒  已完局 42  回报 +15.00
      · 采样  3072/4096  661 步/秒  已完局 62  回报 +15.81
  upd   48 step  196608  回报 +15.24  胜率 0.90  π损失 +0.0013  V损失 2.3472  熵 0.243  KL +0.01031  规则 13.5%  322 步/秒
      · 采样  1024/4096  528 步/秒  已完局 21  回报 +14.90
      · 采样  2048/4096  513 步/秒  已完局 42  回报 +14.83
      · 采样  3072/4096  523 步/秒  已完局 63  回报 +14.56
  upd   49 step  200704  回报 +14.41  胜率 0.88  π损失 -0.0012  V损失 2.2619  熵 0.210  KL +0.01224  规则 13.4%  322 步/秒
      · 采样  1024/4096  583 步/秒  已完局 20  回报 +15.10
      · 采样  2048/4096  505 步/秒  已完局 41  回报 +15.17
      · 采样  3072/4096  532 步/秒  已完局 62  回报 +15.55
  upd   50 step  204800  回报 +15.46  胜率 0.93  π损失 +0.0001  V损失 1.7816  熵 0.227  KL +0.01728  规则 13.1%  323 步/秒
    -> 加入快照对手,联盟 = ['official_baseline', 'official_hunter', 'official_stalker', 'official_patrol', 'rl_v5', 'rl_VG_v0.2', 'rl_best040', 'rl_VG_v1.0', 'snap2', 'snap3']
       采样占比 official_baseline=2.7% official_hunter=10.2% official_stalker=0.9% official_patrol=0.9% rl_v5=7.8% rl_VG_v0.2=0.9% rl_best040=27.4% rl_VG_v1.0=27.4% snap2=10.9% snap3=10.9%
      · 采样  1024/4096  562 步/秒  已完局 20  回报 +13.90
      · 采样  2048/4096  568 步/秒  已完局 41  回报 +13.61
      · 采样  3072/4096  532 步/秒  已完局 62  回报 +14.31
  upd   51 step  208896  回报 +13.77  胜率 0.88  π损失 -0.0002  V损失 1.9736  熵 0.240  KL +0.01641  规则 13.5%  323 步/秒
      · 采样  1024/4096  546 步/秒  已完局 21  回报 +14.14
      · 采样  2048/4096  588 步/秒  已完局 41  回报 +14.78
      · 采样  3072/4096  577 步/秒  已完局 62  回报 +14.84
  upd   52 step  212992  回报 +15.04  胜率 0.94  π损失 -0.0019  V损失 1.8397  熵 0.267  KL +0.02078  规则 13.6%  323 步/秒
      · 采样  1024/4096  551 步/秒  已完局 21  回报 +13.24
      · 采样  2048/4096  540 步/秒  已完局 42  回报 +13.24
      · 采样  3072/4096  581 步/秒  已完局 62  回报 +13.16
  upd   53 step  217088  回报 +13.08  胜率 0.83  π损失 -0.0044  V损失 2.1294  熵 0.251  KL +0.01426  规则 13.2%  324 步/秒
      · 采样  1024/4096  569 步/秒  已完局 20  回报 +13.45
      · 采样  2048/4096  544 步/秒  已完局 40  回报 +13.68
      · 采样  3072/4096  545 步/秒  已完局 61  回报 +14.13
  upd   54 step  221184  回报 +14.33  胜率 0.93  π损失 -0.0016  V损失 1.5548  熵 0.238  KL +0.01565  规则 12.5%  324 步/秒
      · 采样  1024/4096  565 步/秒  已完局 20  回报 +12.70
      · 采样  2048/4096  556 步/秒  已完局 40  回报 +13.03
      · 采样  3072/4096  605 步/秒  已完局 60  回报 +13.48
  upd   55 step  225280  回报 +13.79  胜率 0.88  π损失 -0.0016  V损失 1.6586  熵 0.237  KL +0.01824  规则 12.5%  324 步/秒
      · 采样  1024/4096  538 步/秒  已完局 21  回报 +14.62
      · 采样  2048/4096  594 步/秒  已完局 41  回报 +14.78
      · 采样  3072/4096  292 步/秒  已完局 61  回报 +14.95
  upd   56 step  229376  回报 +14.94  胜率 0.89  π损失 -0.0009  V损失 1.5815  熵 0.210  KL +0.02158  规则 12.9%  322 步/秒
      · 采样  1024/4096  303 步/秒  已完局 20  回报 +14.15
      · 采样  2048/4096  245 步/秒  已完局 40  回报 +13.93
      · 采样  3072/4096  344 步/秒  已完局 61  回报 +14.30
  upd   57 step  233472  回报 +14.60  胜率 0.93  π损失 -0.0016  V损失 1.8746  熵 0.218  KL +0.01304  规则 13.4%  318 步/秒
      · 采样  1024/4096  385 步/秒  已完局 21  回报 +14.95
      · 采样  2048/4096  334 步/秒  已完局 41  回报 +15.22
      · 采样  3072/4096  311 步/秒  已完局 62  回报 +14.69
  upd   58 step  237568  回报 +15.02  胜率 0.94  π损失 -0.0020  V损失 1.7511  熵 0.205  KL +0.01790  规则 13.5%  315 步/秒
      · 采样  1024/4096  356 步/秒  已完局 21  回报 +15.00
      · 采样  2048/4096  322 步/秒  已完局 42  回报 +15.05
      · 采样  3072/4096  334 步/秒  已完局 63  回报 +15.43
  upd   59 step  241664  回报 +15.15  胜率 0.93  π损失 -0.0011  V损失 1.5508  熵 0.209  KL +0.01396  规则 13.3%  313 步/秒
      · 采样  1024/4096  369 步/秒  已完局 21  回报 +16.48
      · 采样  2048/4096  440 步/秒  已完局 42  回报 +16.67
      · 采样  3072/4096  563 步/秒  已完局 63  回报 +16.32
  upd   60 step  245760  回报 +16.25  胜率 0.98  π损失 -0.0011  V损失 1.4944  熵 0.188  KL +0.00843  规则 14.1%  313 步/秒
  ── 评测(update 60)──
     official_baseline 得分率 0.975  (39胜/0平/1负)  净胜分 +11.05  回报 +18.23
     official_hunter 得分率 0.775  (31胜/0平/9负)  净胜分 +3.95  回报 +12.68
     official_stalker 得分率 1.000  (40胜/0平/0负)  净胜分 +22.75  回报 +23.75
     official_patrol 得分率 1.000  (40胜/0平/0负)  净胜分 +32.12  回报 +33.12
     rl_v5      得分率 0.700  (28胜/0平/12负)  净胜分 +4.03  回报 +9.12
     m3_v1      得分率 0.600  (24胜/0平/16负)  净胜分 +1.23  回报 +9.47
     m3_v2      得分率 0.600  (24胜/0平/16负)  净胜分 +1.30  回报 +10.70
     rl_VG_v0.2 得分率 1.000  (40胜/0平/0负)  净胜分 +7.05  回报 +12.53
     快照闸门开(官方胜率 0.825,需 >0.50)
     配重 official_baseline=2.3% official_hunter=9.4% official_stalker=0.9% official_patrol=0.9% rl_v5=8.9% rl_VG_v0.2=0.9% rl_best040=27.4% rl_VG_v1.0=27.4% snap2=10.9% snap3=10.9%
    -> 加入快照对手,联盟 = ['official_baseline', 'official_hunter', 'official_stalker', 'official_patrol', 'rl_v5', 'rl_VG_v0.2', 'rl_best040', 'rl_VG_v1.0', 'snap3', 'snap4']
       采样占比 official_baseline=2.3% official_hunter=9.4% official_stalker=0.9% official_patrol=0.9% rl_v5=8.9% rl_VG_v0.2=0.9% rl_best040=27.4% rl_VG_v1.0=27.4% snap3=10.9% snap4=10.9%
      · 采样  1024/4096  607 步/秒  已完局 20  回报 +14.40
      · 采样  2048/4096  553 步/秒  已完局 41  回报 +13.85
      · 采样  3072/4096  601 步/秒  已完局 61  回报 +14.51
  upd   61 step  249856  回报 +14.40  胜率 0.93  π损失 +0.0004  V损失 1.6824  熵 0.212  KL +0.02151  规则 13.2%  304 步/秒
      · 采样  1024/4096  559 步/秒  已完局 21  回报 +13.90
      · 采样  2048/4096  541 步/秒  已完局 42  回报 +14.62
      · 采样  3072/4096  563 步/秒  已完局 62  回报 +14.56
  upd   62 step  253952  回报 +14.63  胜率 0.93  π损失 -0.0016  V损失 1.4421  熵 0.216  KL +0.01523  规则 13.4%  305 步/秒
      · 采样  1024/4096  502 步/秒  已完局 21  回报 +12.67
      · 采样  2048/4096  478 步/秒  已完局 42  回报 +11.98
      · 采样  3072/4096  499 步/秒  已完局 63  回报 +12.67
  upd   63 step  258048  回报 +13.02  胜率 0.85  π损失 +0.0025  V损失 1.6797  熵 0.199  KL +0.02006  规则 13.3%  305 步/秒
      · 采样  1024/4096  565 步/秒  已完局 21  回报 +16.29
      · 采样  2048/4096  514 步/秒  已完局 41  回报 +15.10
      · 采样  3072/4096  521 步/秒  已完局 62  回报 +14.94
  upd   64 step  262144  回报 +14.98  胜率 0.94  π损失 +0.0047  V损失 1.4738  熵 0.198  KL +0.01443  规则 13.1%  306 步/秒
      · 采样  1024/4096  506 步/秒  已完局 21  回报 +13.43
      · 采样  2048/4096  544 步/秒  已完局 42  回报 +13.98
      · 采样  3072/4096  516 步/秒  已完局 62  回报 +15.05
  upd   65 step  266240  回报 +14.69  胜率 0.87  π损失 +0.0005  V损失 1.8104  熵 0.190  KL +0.01151  规则 13.5%  306 步/秒
      · 采样  1024/4096  510 步/秒  已完局 21  回报 +15.43
      · 采样  2048/4096  515 步/秒  已完局 43  回报 +15.42
      · 采样  3072/4096  496 步/秒  已完局 63  回报 +14.84
  upd   66 step  270336  回报 +15.11  胜率 0.91  π损失 -0.0017  V损失 2.1848  熵 0.187  KL +0.01202  规则 14.0%  306 步/秒
      · 采样  1024/4096  500 步/秒  已完局 21  回报 +13.76
      · 采样  2048/4096  528 步/秒  已完局 41  回报 +14.10
      · 采样  3072/4096  490 步/秒  已完局 62  回报 +13.50
  upd   67 step  274432  回报 +13.93  胜率 0.90  π损失 -0.0036  V损失 1.6409  熵 0.185  KL +0.01636  规则 13.5%  306 步/秒
      · 采样  1024/4096  538 步/秒  已完局 22  回报 +14.50
      · 采样  2048/4096  465 步/秒  已完局 43  回报 +15.33
      · 采样  3072/4096  485 步/秒  已完局 64  回报 +14.36
  upd   68 step  278528  回报 +14.72  胜率 0.94  π损失 -0.0014  V损失 2.0433  熵 0.193  KL +0.00878  规则 13.7%  306 步/秒
      · 采样  1024/4096  520 步/秒  已完局 22  回报 +13.45
      · 采样  2048/4096  495 步/秒  已完局 42  回报 +13.52
      · 采样  3072/4096  486 步/秒  已完局 64  回报 +13.95
  upd   69 step  282624  回报 +13.95  胜率 0.93  π损失 -0.0016  V损失 1.7862  熵 0.180  KL +0.01331  规则 13.8%  307 步/秒
      · 采样  1024/4096  521 步/秒  已完局 22  回报 +15.23
      · 采样  2048/4096  509 步/秒  已完局 43  回报 +15.37
      · 采样  3072/4096  514 步/秒  已完局 64  回报 +14.97
  upd   70 step  286720  回报 +15.14  胜率 0.94  π损失 -0.0026  V损失 1.5979  熵 0.170  KL +0.01291  规则 13.6%  307 步/秒
    -> 加入快照对手,联盟 = ['official_baseline', 'official_hunter', 'official_stalker', 'official_patrol', 'rl_v5', 'rl_VG_v0.2', 'rl_best040', 'rl_VG_v1.0', 'snap4', 'snap5']
       采样占比 official_baseline=2.3% official_hunter=9.4% official_stalker=0.9% official_patrol=0.9% rl_v5=8.9% rl_VG_v0.2=0.9% rl_best040=27.4% rl_VG_v1.0=27.4% snap4=10.9% snap5=10.9%
      · 采样  1024/4096  492 步/秒  已完局 21  回报 +13.48
      · 采样  2048/4096  512 步/秒  已完局 42  回报 +13.38
      · 采样  3072/4096  501 步/秒  已完局 62  回报 +14.08
  upd   71 step  290816  回报 +14.13  胜率 0.94  π损失 -0.0015  V损失 1.5958  熵 0.170  KL +0.01892  规则 13.4%  307 步/秒
      · 采样  1024/4096  506 步/秒  已完局 21  回报 +13.86
      · 采样  2048/4096  524 步/秒  已完局 42  回报 +14.38
      · 采样  3072/4096  473 步/秒  已完局 63  回报 +14.95
  upd   72 step  294912  回报 +14.48  胜率 0.89  π损失 -0.0028  V损失 1.7967  熵 0.186  KL +0.01298  规则 13.8%  307 步/秒
      · 采样  1024/4096  506 步/秒  已完局 21  回报 +15.67
      · 采样  2048/4096  506 步/秒  已完局 42  回报 +14.74
      · 采样  3072/4096  521 步/秒  已完局 63  回报 +14.27
  upd   73 step  299008  回报 +14.28  胜率 0.92  π损失 -0.0004  V损失 1.8822  熵 0.169  KL +0.01285  规则 13.5%  308 步/秒
      · 采样  1024/4096  484 步/秒  已完局 21  回报 +13.38
      · 采样  2048/4096  531 步/秒  已完局 42  回报 +14.07
      · 采样  3072/4096  498 步/秒  已完局 64  回报 +14.33
  upd   74 step  303104  回报 +14.14  胜率 0.88  π损失 +0.0023  V损失 1.8895  熵 0.179  KL +0.01676  规则 13.6%  308 步/秒
      · 采样  1024/4096  490 步/秒  已完局 22  回报 +14.77
      · 采样  2048/4096  474 步/秒  已完局 43  回报 +14.60
      · 采样  3072/4096  520 步/秒  已完局 63  回报 +13.92
  upd   75 step  307200  回报 +14.32  胜率 0.93  π损失 +0.0028  V损失 2.6295  熵 0.187  KL +0.02686  规则 13.5%  308 步/秒
      · 采样  1024/4096  492 步/秒  已完局 22  回报 +14.77
      · 采样  2048/4096  449 步/秒  已完局 42  回报 +13.57
      · 采样  3072/4096  494 步/秒  已完局 64  回报 +12.98
  upd   76 step  311296  回报 +13.21  胜率 0.89  π损失 +0.0001  V损失 1.8902  熵 0.182  KL +0.02946  规则 13.3%  308 步/秒
      · 采样  1024/4096  519 步/秒  已完局 22  回报 +15.36
      · 采样  2048/4096  498 步/秒  已完局 44  回报 +14.84
      · 采样  3072/4096  496 步/秒  已完局 65  回报 +14.80
  upd   77 step  315392  回报 +14.70  胜率 0.93  π损失 +0.0012  V损失 1.6044  熵 0.179  KL +0.01546  规则 13.9%  308 步/秒
      · 采样  1024/4096  516 步/秒  已完局 22  回报 +12.50
      · 采样  2048/4096  464 步/秒  已完局 44  回报 +13.59
      · 采样  3072/4096  502 步/秒  已完局 65  回报 +13.80
  upd   78 step  319488  回报 +13.56  胜率 0.90  π损失 -0.0026  V损失 1.8193  熵 0.216  KL +0.04339  规则 13.5%  308 步/秒
      · 采样  1024/4096  528 步/秒  已完局 23  回报 +14.65
      · 采样  2048/4096  518 步/秒  已完局 45  回报 +14.09
      · 采样  3072/4096  490 步/秒  已完局 68  回报 +13.63
  upd   79 step  323584  回报 +13.87  胜率 0.91  π损失 -0.0033  V损失 1.8700  熵 0.182  KL +0.01868  规则 13.9%  309 步/秒
      · 采样  1024/4096  524 步/秒  已完局 22  回报 +14.36
      · 采样  2048/4096  537 步/秒  已完局 44  回报 +12.36
      · 采样  3072/4096  495 步/秒  已完局 67  回报 +12.85
  upd   80 step  327680  回报 +13.40  胜率 0.91  π损失 +0.0020  V损失 1.6613  熵 0.218  KL +0.02998  规则 14.0%  309 步/秒
  ── 评测(update 80)──
     official_baseline 得分率 0.800  (32胜/0平/8负)  净胜分 +5.47  回报 +14.10
     official_hunter 得分率 0.700  (28胜/0平/12负)  净胜分 +2.45  回报 +11.18
     official_stalker 得分率 1.000  (40胜/0平/0负)  净胜分 +9.28  回报 +10.28
     official_patrol 得分率 1.000  (40胜/0平/0负)  净胜分 +11.03  回报 +12.03
     rl_v5      得分率 0.300  (12胜/0平/28负)  净胜分 -2.00  回报 +3.77
     m3_v1      得分率 0.750  (30胜/0平/10负)  净胜分 +1.93  回报 +10.78
     m3_v2      得分率 0.850  (34胜/0平/6负)  净胜分 +2.08  回报 +12.03
     rl_VG_v0.2 得分率 0.975  (39胜/0平/1负)  净胜分 +7.65  回报 +12.75
     快照闸门开(官方胜率 0.817,需 >0.50)
     配重 official_baseline=3.5% official_hunter=7.9% official_stalker=0.8% official_patrol=0.8% rl_v5=11.8% rl_VG_v0.2=1.0% rl_best040=26.3% rl_VG_v1.0=26.3% snap4=10.9% snap5=10.9%
    -> 加入快照对手,联盟 = ['official_baseline', 'official_hunter', 'official_stalker', 'official_patrol', 'rl_v5', 'rl_VG_v0.2', 'rl_best040', 'rl_VG_v1.0', 'snap5', 'snap6']
       采样占比 official_baseline=3.5% official_hunter=7.9% official_stalker=0.8% official_patrol=0.8% rl_v5=11.8% rl_VG_v0.2=1.0% rl_best040=26.3% rl_VG_v1.0=26.3% snap5=10.9% snap6=10.9%
  · 早停搁置:官方档被打回去了(rl_v5 0.300)—— 先补回来(门槛 0.60)
      · 采样  1024/4096  502 步/秒  已完局 22  回报 +10.00
      · 采样  2048/4096  496 步/秒  已完局 46  回报 +11.76
      · 采样  3072/4096  515 步/秒  已完局 68  回报 +12.01
  upd   81 step  331776  回报 +12.57  胜率 0.78  π损失 -0.0013  V损失 2.4526  熵 0.199  KL +0.02143  规则 14.5%  302 步/秒
      · 采样  1024/4096  517 步/秒  已完局 22  回报 +10.41
      · 采样  2048/4096  511 步/秒  已完局 45  回报 +11.07
      · 采样  3072/4096  513 步/秒  已完局 67  回报 +10.52
  upd   82 step  335872  回报 +11.00  胜率 0.74  π损失 -0.0030  V损失 2.8128  熵 0.224  KL +0.01002  规则 15.2%  302 步/秒
      · 采样  1024/4096  552 步/秒  已完局 23  回报 +10.00
      · 采样  2048/4096  551 步/秒  已完局 46  回报 +11.54
      · 采样  3072/4096  562 步/秒  已完局 68  回报 +11.60
  upd   83 step  339968  回报 +12.03  胜率 0.81  π损失 +0.0019  V损失 2.3011  熵 0.200  KL +0.02316  规则 14.3%  303 步/秒
      · 采样  1024/4096  498 步/秒  已完局 22  回报 +10.68
      · 采样  2048/4096  501 步/秒  已完局 46  回报 +12.85
      · 采样  3072/4096  556 步/秒  已完局 68  回报 +13.21
  upd   84 step  344064  回报 +12.93  胜率 0.84  π损失 +0.0017  V损失 2.0759  熵 0.192  KL +0.01611  规则 14.3%  303 步/秒
      · 采样  1024/4096  564 步/秒  已完局 23  回报 +12.65
      · 采样  2048/4096  530 步/秒  已完局 45  回报 +12.71
      · 采样  3072/4096  482 步/秒  已完局 68  回报 +12.65
  upd   85 step  348160  回报 +13.01  胜率 0.88  π损失 +0.0013  V损失 1.8103  熵 0.184  KL +0.01970  规则 14.0%  303 步/秒
      · 采样  1024/4096  547 步/秒  已完局 22  回报 +14.18
      · 采样  2048/4096  492 步/秒  已完局 44  回报 +12.70
      · 采样  3072/4096  515 步/秒  已完局 67  回报 +12.91
  upd   86 step  352256  回报 +13.21  胜率 0.88  π损失 +0.0017  V损失 1.7923  熵 0.185  KL +0.01109  规则 13.7%  304 步/秒
      · 采样  1024/4096  561 步/秒  已完局 23  回报 +13.13
      · 采样  2048/4096  504 步/秒  已完局 45  回报 +13.38
      · 采样  3072/4096  516 步/秒  已完局 68  回报 +12.81
  upd   87 step  356352  回报 +13.02  胜率 0.86  π损失 +0.0030  V损失 2.0531  熵 0.202  KL +0.01291  规则 13.9%  304 步/秒
      · 采样  1024/4096  502 步/秒  已完局 22  回报 +14.14
      · 采样  2048/4096  483 步/秒  已完局 44  回报 +14.09
      · 采样  3072/4096  462 步/秒  已完局 67  回报 +12.67
  upd   88 step  360448  回报 +13.00  胜率 0.83  π损失 -0.0008  V损失 2.0969  熵 0.184  KL +0.01294  规则 13.7%  304 步/秒
      · 采样  1024/4096  462 步/秒  已完局 23  回报 +15.96
      · 采样  2048/4096  476 步/秒  已完局 45  回报 +14.67
      · 采样  3072/4096  481 步/秒  已完局 68  回报 +14.13
  upd   89 step  364544  回报 +14.23  胜率 0.86  π损失 -0.0014  V损失 2.3614  熵 0.162  KL +0.01963  规则 14.5%  304 步/秒
      · 采样  1024/4096  509 步/秒  已完局 22  回报 +11.82
      · 采样  2048/4096  478 步/秒  已完局 45  回报 +13.04
      · 采样  3072/4096  510 步/秒  已完局 67  回报 +12.73
  upd   90 step  368640  回报 +13.25  胜率 0.84  π损失 +0.0022  V损失 2.3794  熵 0.180  KL +0.01610  规则 13.8%  304 步/秒
    -> 加入快照对手,联盟 = ['official_baseline', 'official_hunter', 'official_stalker', 'official_patrol', 'rl_v5', 'rl_VG_v0.2', 'rl_best040', 'rl_VG_v1.0', 'snap6', 'snap7']
       采样占比 official_baseline=3.5% official_hunter=7.9% official_stalker=0.8% official_patrol=0.8% rl_v5=11.8% rl_VG_v0.2=1.0% rl_best040=26.3% rl_VG_v1.0=26.3% snap6=10.9% snap7=10.9%
      · 采样  1024/4096  544 步/秒  已完局 23  回报 +13.70
      · 采样  2048/4096  513 步/秒  已完局 45  回报 +12.13
      · 采样  3072/4096  518 步/秒  已完局 68  回报 +13.03
  upd   91 step  372736  回报 +12.91  胜率 0.87  π损失 -0.0014  V损失 1.9425  熵 0.153  KL +0.01089  规则 13.5%  305 步/秒
      · 采样  1024/4096  563 步/秒  已完局 23  回报 +12.70
      · 采样  2048/4096  494 步/秒  已完局 45  回报 +12.91
      · 采样  3072/4096  484 步/秒  已完局 68  回报 +13.01
  upd   92 step  376832  回报 +12.58  胜率 0.82  π损失 -0.0007  V损失 1.8023  熵 0.189  KL +0.01240  规则 13.4%  305 步/秒
      · 采样  1024/4096  539 步/秒  已完局 23  回报 +14.65
      · 采样  2048/4096  535 步/秒  已完局 46  回报 +14.78
      · 采样  3072/4096  495 步/秒  已完局 69  回报 +14.74
  upd   93 step  380928  回报 +14.47  胜率 0.91  π损失 +0.0032  V损失 2.2000  熵 0.172  KL +0.01616  规则 14.4%  305 步/秒
      · 采样  1024/4096  569 步/秒  已完局 23  回报 +14.04
      · 采样  2048/4096  528 步/秒  已完局 45  回报 +13.11
      · 采样  3072/4096  519 步/秒  已完局 67  回报 +13.06
  upd   94 step  385024  回报 +13.17  胜率 0.86  π损失 -0.0020  V损失 1.9613  熵 0.158  KL +0.00661  规则 13.4%  306 步/秒
      · 采样  1024/4096  587 步/秒  已完局 22  回报 +14.73
      · 采样  2048/4096  514 步/秒  已完局 44  回报 +14.09
      · 采样  3072/4096  506 步/秒  已完局 67  回报 +14.64
  upd   95 step  389120  回报 +13.81  胜率 0.84  π损失 +0.0003  V损失 2.4030  熵 0.157  KL +0.01263  规则 13.6%  306 步/秒
      · 采样  1024/4096  581 步/秒  已完局 22  回报 +13.09
      · 采样  2048/4096  544 步/秒  已完局 44  回报 +13.41
      · 采样  3072/4096  493 步/秒  已完局 67  回报 +13.48
  upd   96 step  393216  回报 +13.08  胜率 0.84  π损失 -0.0003  V损失 2.0017  熵 0.168  KL +0.01106  规则 13.7%  306 步/秒
      · 采样  1024/4096  562 步/秒  已完局 22  回报 +12.45
      · 采样  2048/4096  517 步/秒  已完局 44  回报 +12.34
      · 采样  3072/4096  520 步/秒  已完局 66  回报 +12.92
  upd   97 step  397312  回报 +13.72  胜率 0.87  π损失 -0.0006  V损失 1.7459  熵 0.171  KL +0.01166  规则 13.4%  307 步/秒
      · 采样  1024/4096  570 步/秒  已完局 22  回报 +14.50
      · 采样  2048/4096  596 步/秒  已完局 44  回报 +14.43
      · 采样  3072/4096  512 步/秒  已完局 66  回报 +14.14
  upd   98 step  401408  回报 +14.17  胜率 0.84  π损失 -0.0013  V损失 1.6246  熵 0.170  KL +0.01084  规则 13.0%  307 步/秒
  ── 评测(update 98)──
     official_baseline 得分率 0.975  (39胜/0平/1负)  净胜分 +7.95  回报 +16.23
     official_hunter 得分率 0.750  (30胜/0平/10负)  净胜分 +3.20  回报 +11.65
     official_stalker 得分率 1.000  (40胜/0平/0负)  净胜分 +13.78  回报 +14.78
     official_patrol 得分率 1.000  (40胜/0平/0负)  净胜分 +13.35  回报 +14.35
     rl_v5      得分率 0.525  (21胜/0平/19负)  净胜分 +0.25  回报 +5.78
     m3_v1      得分率 0.950  (38胜/0平/2负)  净胜分 +3.90  回报 +12.00
     m3_v2      得分率 1.000  (40胜/0平/0负)  净胜分 +5.47  回报 +14.62
     rl_VG_v0.2 得分率 0.800  (32胜/0平/8负)  净胜分 +3.73  回报 +9.82
     快照闸门开(官方胜率 0.600,需 >0.50)
     配重 official_baseline=2.6% official_hunter=7.5% official_stalker=0.8% official_patrol=0.8% rl_v5=12.0% rl_VG_v0.2=2.9% rl_best040=25.9% rl_VG_v1.0=25.9% snap6=10.9% snap7=10.9%
     ★ 新最优(综合得分率 0.8750)→ best.npz
  · 早停搁置:官方档被打回去了(rl_v5 0.525)—— 先补回来(门槛 0.60)
[rl_monet_v1] 完成:401408 步,权重在 runs\mlp_ctl\final.npz
[rl_monet_v1] 曲线已写入 runs\mlp_ctl\curves.png
