[monet] 续训自 runs/v1.1/final.npz(step=200704)
[rl_monet_v1] run=v1.2 输出=runs\v1.2
  网络 428->512x3->8  联盟 ['official_baseline', 'official_hunter', 'official_stalker', 'official_patrol', 'official_ambusher', 'official_weaver', 'rl_v5', 'rl_VG_v0.2', 'rl_best040', 'rl_VG_v1.0']  目标步数 400000
  采样占比 official_baseline=3.8% official_hunter=3.8% official_stalker=3.8% official_patrol=3.8% official_ambusher=3.8% official_weaver=3.8% rl_v5=25.6% rl_VG_v0.2=12.8% rl_best040=12.8% rl_VG_v1.0=25.6%
      · 采样  1024/4096  374 步/秒  已完局 19  回报 +13.37
      · 采样  2048/4096  619 步/秒  已完局 40  回报 +13.60
      · 采样  3072/4096  653 步/秒  已完局 60  回报 +13.55
  upd   50 step  204800  回报 +13.39  胜率 0.90  π损失 -0.0042  V损失 2.0281  熵 0.324  KL +0.04974  规则 11.7%  403 步/秒
    -> 跳过快照(闸门关(还没评测过,需 >0.50))
      · 采样  1024/4096  657 步/秒  已完局 21  回报 +11.43
      · 采样  2048/4096  651 步/秒  已完局 41  回报 +12.88
      · 采样  3072/4096  687 步/秒  已完局 62  回报 +11.94
  upd   51 step  208896  回报 +11.60  胜率 0.78  π损失 -0.0037  V损失 2.4055  熵 0.333  KL +0.02973  规则 11.5%  424 步/秒
      · 采样  1024/4096  556 步/秒  已完局 21  回报 +13.05
      · 采样  2048/4096  634 步/秒  已完局 42  回报 +12.62
      · 采样  3072/4096  666 步/秒  已完局 62  回报 +12.71
  upd   52 step  212992  回报 +12.52  胜率 0.83  π损失 -0.0033  V损失 2.2606  熵 0.340  KL +0.01534  规则 12.4%  418 步/秒
      · 采样  1024/4096  550 步/秒  已完局 21  回报 +11.10
      · 采样  2048/4096  563 步/秒  已完局 41  回报 +11.37
      · 采样  3072/4096  558 步/秒  已完局 62  回报 +11.79
  upd   53 step  217088  回报 +11.92  胜率 0.83  π损失 -0.0013  V损失 2.0157  熵 0.341  KL +0.02299  规则 11.5%  402 步/秒
      · 采样  1024/4096  555 步/秒  已完局 21  回报 +12.10
      · 采样  2048/4096  481 步/秒  已完局 42  回报 +12.12
      · 采样  3072/4096  485 步/秒  已完局 63  回报 +11.43
  upd   54 step  221184  回报 +12.44  胜率 0.82  π损失 +0.0000  V损失 2.2582  熵 0.335  KL +0.02629  规则 12.8%  389 步/秒
      · 采样  1024/4096  508 步/秒  已完局 21  回报 +11.48
      · 采样  2048/4096  581 步/秒  已完局 42  回报 +12.57
      · 采样  3072/4096  580 步/秒  已完局 62  回报 +12.97
  upd   55 step  225280  回报 +12.72  胜率 0.82  π损失 -0.0010  V损失 2.4468  熵 0.292  KL +0.02852  规则 12.1%  384 步/秒
      · 采样  1024/4096  542 步/秒  已完局 21  回报 +13.10
      · 采样  2048/4096  563 步/秒  已完局 42  回报 +13.69
      · 采样  3072/4096  522 步/秒  已完局 63  回报 +13.35
  upd   56 step  229376  回报 +12.75  胜率 0.80  π损失 +0.0002  V损失 3.3392  熵 0.283  KL +0.01532  规则 12.4%  379 步/秒
      · 采样  1024/4096  622 步/秒  已完局 22  回报 +13.68
      · 采样  2048/4096  534 步/秒  已完局 42  回报 +14.24
      · 采样  3072/4096  511 步/秒  已完局 64  回报 +13.69
  upd   57 step  233472  回报 +14.02  胜率 0.86  π损失 -0.0034  V损失 3.0382  熵 0.286  KL +0.01500  规则 12.4%  377 步/秒
      · 采样  1024/4096  511 步/秒  已完局 22  回报 +14.14
      · 采样  2048/4096  504 步/秒  已完局 43  回报 +12.37
      · 采样  3072/4096  578 步/秒  已完局 64  回报 +13.56
  upd   58 step  237568  回报 +13.49  胜率 0.86  π损失 -0.0046  V损失 2.5908  熵 0.281  KL +0.01542  规则 12.7%  374 步/秒
      · 采样  1024/4096  543 步/秒  已完局 20  回报 +13.40
      · 采样  2048/4096  564 步/秒  已完局 41  回报 +14.12
      · 采样  3072/4096  526 步/秒  已完局 62  回报 +14.18
  upd   59 step  241664  回报 +14.05  胜率 0.89  π损失 -0.0045  V损失 2.5037  熵 0.271  KL +0.01089  规则 12.2%  373 步/秒
      · 采样  1024/4096  529 步/秒  已完局 20  回报 +12.35
      · 采样  2048/4096  534 步/秒  已完局 40  回报 +13.07
      · 采样  3072/4096  565 步/秒  已完局 62  回报 +12.89
  upd   60 step  245760  回报 +11.96  胜率 0.77  π损失 +0.0018  V损失 3.2172  熵 0.296  KL +0.00862  规则 11.7%  370 步/秒
  ── 评测(update 60)──
     official_baseline 得分率 1.000  (40胜/0平/0负)  净胜分 +9.50  回报 +17.32
     official_hunter 得分率 0.875  (35胜/0平/5负)  净胜分 +4.42  回报 +13.30
     official_stalker 得分率 1.000  (40胜/0平/0负)  净胜分 +10.47  回报 +15.05
     official_patrol 得分率 1.000  (40胜/0平/0负)  净胜分 +30.82  回报 +31.82
     official_ambusher 得分率 1.000  (40胜/0平/0负)  净胜分 +13.50  回报 +17.20
     official_weaver 得分率 1.000  (40胜/0平/0负)  净胜分 +16.12  回报 +18.15
     rl_v5      得分率 0.500  (20胜/0平/20负)  净胜分 +0.33  回报 +5.53
     m3_v1      得分率 0.750  (30胜/0平/10负)  净胜分 +1.52  回报 +9.57
     m3_v2      得分率 0.900  (36胜/0平/4负)  净胜分 +4.00  回报 +12.20
     rl_VG_v0.2 得分率 0.950  (38胜/0平/2负)  净胜分 +6.75  回报 +12.18
     rl_best040 得分率 0.925  (37胜/0平/3负)  净胜分 +4.05  回报 +11.78
     rl_VG_v1.0 得分率 0.950  (38胜/0平/2负)  净胜分 +13.05  回报 +17.35
     快照闸门关(还没评测过,需 >0.50)
     配重 official_baseline=3.4% official_hunter=17.7% official_stalker=3.4% official_patrol=3.4% official_ambusher=3.4% official_weaver=3.4% rl_v5=35.0% rl_VG_v0.2=9.1% rl_best040=12.0% rl_VG_v1.0=9.1%
     ★ 新最优(综合得分率 0.9042)→ best.npz
    -> 加入快照对手,联盟 = ['official_baseline', 'official_hunter', 'official_stalker', 'official_patrol', 'official_ambusher', 'official_weaver', 'rl_v5', 'rl_VG_v0.2', 'rl_best040', 'rl_VG_v1.0', 'snap0']
       采样占比 official_baseline=3.0% official_hunter=15.7% official_stalker=3.0% official_patrol=3.0% official_ambusher=3.0% official_weaver=3.0% rl_v5=31.0% rl_VG_v0.2=8.1% rl_best040=10.6% rl_VG_v1.0=8.1% snap0=11.4%
      · 采样  1024/4096  520 步/秒  已完局 21  回报 +10.43
      · 采样  2048/4096  563 步/秒  已完局 41  回报 +11.37
      · 采样  3072/4096  546 步/秒  已完局 61  回报 +11.13
  upd   61 step  249856  回报 +11.07  胜率 0.71  π损失 +0.0004  V损失 2.7232  熵 0.283  KL +0.01680  规则 12.0%  284 步/秒
      · 采样  1024/4096  498 步/秒  已完局 21  回报 +9.52
      · 采样  2048/4096  573 步/秒  已完局 43  回报 +11.05
      · 采样  3072/4096  557 步/秒  已完局 63  回报 +11.43
  upd   62 step  253952  回报 +11.48  胜率 0.77  π损失 -0.0047  V损失 3.0106  熵 0.281  KL +0.01882  规则 13.1%  288 步/秒
      · 采样  1024/4096  593 步/秒  已完局 21  回报 +14.14
      · 采样  2048/4096  597 步/秒  已完局 42  回报 +13.69
      · 采样  3072/4096  515 步/秒  已完局 63  回报 +12.79
  upd   63 step  258048  回报 +12.87  胜率 0.82  π损失 -0.0006  V损失 3.5631  熵 0.300  KL +0.01771  规则 12.5%  292 步/秒
      · 采样  1024/4096  551 步/秒  已完局 21  回报 +12.62
      · 采样  2048/4096  598 步/秒  已完局 42  回报 +13.76
      · 采样  3072/4096  486 步/秒  已完局 64  回报 +12.39
  upd   64 step  262144  回报 +12.20  胜率 0.89  π损失 -0.0011  V损失 2.3938  熵 0.280  KL +0.01831  规则 12.1%  295 步/秒
      · 采样  1024/4096  519 步/秒  已完局 21  回报 +10.86
      · 采样  2048/4096  595 步/秒  已完局 42  回报 +10.33
      · 采样  3072/4096  533 步/秒  已完局 64  回报 +11.31
  upd   65 step  266240  回报 +11.27  胜率 0.75  π损失 -0.0018  V损失 2.3558  熵 0.288  KL +0.01936  规则 12.4%  298 步/秒
      · 采样  1024/4096  485 步/秒  已完局 21  回报 +9.38
      · 采样  2048/4096  584 步/秒  已完局 43  回报 +11.86
      · 采样  3072/4096  558 步/秒  已完局 64  回报 +12.64
  upd   66 step  270336  回报 +12.08  胜率 0.81  π损失 -0.0026  V损失 2.8074  熵 0.277  KL +0.01560  规则 12.9%  300 步/秒
      · 采样  1024/4096  587 步/秒  已完局 21  回报 +12.81
      · 采样  2048/4096  526 步/秒  已完局 42  回报 +11.24
      · 采样  3072/4096  610 步/秒  已完局 62  回报 +11.76
  upd   67 step  274432  回报 +11.84  胜率 0.81  π损失 +0.0002  V损失 3.2566  熵 0.301  KL +0.01512  规则 12.3%  304 步/秒
      · 采样  1024/4096  603 步/秒  已完局 21  回报 +12.29
      · 采样  2048/4096  521 步/秒  已完局 42  回报 +12.00
      · 采样  3072/4096  532 步/秒  已完局 63  回报 +12.27
  upd   68 step  278528  回报 +11.70  胜率 0.75  π损失 -0.0031  V损失 3.2045  熵 0.277  KL +0.00937  规则 11.9%  306 步/秒
      · 采样  1024/4096  555 步/秒  已完局 20  回报 +11.15
      · 采样  2048/4096  530 步/秒  已完局 42  回报 +10.88
      · 采样  3072/4096  576 步/秒  已完局 62  回报 +10.52
  upd   69 step  282624  回报 +10.48  胜率 0.78  π损失 -0.0037  V损失 2.6371  熵 0.279  KL +0.01798  规则 12.0%  308 步/秒
      · 采样  1024/4096  523 步/秒  已完局 21  回报 +14.24
      · 采样  2048/4096  565 步/秒  已完局 42  回报 +12.71
      · 采样  3072/4096  590 步/秒  已完局 64  回报 +12.78
  upd   70 step  286720  回报 +12.47  胜率 0.79  π损失 -0.0029  V损失 3.2794  熵 0.278  KL +0.01983  规则 12.4%  310 步/秒
    -> 加入快照对手,联盟 = ['official_baseline', 'official_hunter', 'official_stalker', 'official_patrol', 'official_ambusher', 'official_weaver', 'rl_v5', 'rl_VG_v0.2', 'rl_best040', 'rl_VG_v1.0', 'snap0', 'snap1']
       采样占比 official_baseline=2.7% official_hunter=14.1% official_stalker=2.7% official_patrol=2.7% official_ambusher=2.7% official_weaver=2.7% rl_v5=27.9% rl_VG_v0.2=7.3% rl_best040=9.5% rl_VG_v1.0=7.3% snap0=10.2% snap1=10.2%
      · 采样  1024/4096  564 步/秒  已完局 20  回报 +10.85
      · 采样  2048/4096  583 步/秒  已完局 41  回报 +11.66
      · 采样  3072/4096  617 步/秒  已完局 62  回报 +11.00
  upd   71 step  290816  回报 +10.74  胜率 0.74  π损失 -0.0026  V损失 2.4374  熵 0.293  KL +0.01689  规则 12.0%  312 步/秒
      · 采样  1024/4096  568 步/秒  已完局 20  回报 +8.95
      · 采样  2048/4096  595 步/秒  已完局 42  回报 +10.38
      · 采样  3072/4096  621 步/秒  已完局 63  回报 +11.86
  upd   72 step  294912  回报 +11.20  胜率 0.73  π损失 -0.0001  V损失 3.4444  熵 0.292  KL +0.01514  规则 11.8%  314 步/秒
      · 采样  1024/4096  533 步/秒  已完局 22  回报 +9.00
      · 采样  2048/4096  559 步/秒  已完局 43  回报 +10.07
      · 采样  3072/4096  521 步/秒  已完局 63  回报 +10.24
  upd   73 step  299008  回报 +10.87  胜率 0.74  π损失 +0.0007  V损失 2.6402  熵 0.264  KL +0.02365  规则 11.9%  316 步/秒
      · 采样  1024/4096  584 步/秒  已完局 22  回报 +11.59
      · 采样  2048/4096  575 步/秒  已完局 42  回报 +10.48
      · 采样  3072/4096  576 步/秒  已完局 64  回报 +10.48
  upd   74 step  303104  回报 +9.76  胜率 0.67  π损失 -0.0009  V损失 2.6518  熵 0.263  KL +0.01413  规则 12.0%  318 步/秒
      · 采样  1024/4096  576 步/秒  已完局 21  回报 +11.76
      · 采样  2048/4096  601 步/秒  已完局 42  回报 +12.21
      · 采样  3072/4096  574 步/秒  已完局 63  回报 +11.40
  upd   75 step  307200  回报 +10.83  胜率 0.70  π损失 -0.0016  V损失 2.9323  熵 0.251  KL +0.01889  规则 11.8%  319 步/秒
      · 采样  1024/4096  603 步/秒  已完局 21  回报 +9.81
      · 采样  2048/4096  537 步/秒  已完局 41  回报 +10.12
      · 采样  3072/4096  555 步/秒  已完局 62  回报 +10.24
  upd   76 step  311296  回报 +10.63  胜率 0.70  π损失 +0.0027  V损失 3.0007  熵 0.257  KL +0.03045  规则 11.6%  321 步/秒
      · 采样  1024/4096  520 步/秒  已完局 21  回报 +8.90
      · 采样  2048/4096  525 步/秒  已完局 41  回报 +8.93
      · 采样  3072/4096  546 步/秒  已完局 62  回报 +9.40
  upd   77 step  315392  回报 +9.59  胜率 0.66  π损失 +0.0050  V损失 2.4218  熵 0.267  KL +0.03221  规则 12.0%  322 步/秒
      · 采样  1024/4096  592 步/秒  已完局 21  回报 +12.14
      · 采样  2048/4096  573 步/秒  已完局 42  回报 +10.71
      · 采样  3072/4096  608 步/秒  已完局 62  回报 +10.89
  upd   78 step  319488  回报 +11.41  胜率 0.75  π损失 +0.0033  V损失 3.4942  熵 0.294  KL +0.01974  规则 11.6%  323 步/秒
      · 采样  1024/4096  526 步/秒  已完局 21  回报 +11.00
      · 采样  2048/4096  545 步/秒  已完局 42  回报 +12.00
      · 采样  3072/4096  520 步/秒  已完局 63  回报 +10.83
  upd   79 step  323584  回报 +10.64  胜率 0.71  π损失 -0.0003  V损失 2.7169  熵 0.286  KL +0.01537  规则 11.8%  324 步/秒
      · 采样  1024/4096  567 步/秒  已完局 21  回报 +11.90
      · 采样  2048/4096  558 步/秒  已完局 42  回报 +12.31
      · 采样  3072/4096  582 步/秒  已完局 63  回报 +12.56
  upd   80 step  327680  回报 +12.66  胜率 0.83  π损失 -0.0013  V损失 2.8736  熵 0.268  KL +0.01454  规则 11.6%  325 步/秒
  ── 评测(update 80)──
     official_baseline 得分率 0.975  (39胜/0平/1负)  净胜分 +6.35  回报 +14.35
     official_hunter 得分率 0.850  (34胜/0平/6负)  净胜分 +3.45  回报 +12.43
     official_stalker 得分率 1.000  (40胜/0平/0负)  净胜分 +11.85  回报 +16.40
     official_patrol 得分率 1.000  (40胜/0平/0负)  净胜分 +31.48  回报 +32.48
     official_ambusher 得分率 1.000  (40胜/0平/0负)  净胜分 +18.07  回报 +21.52
     official_weaver 得分率 1.000  (40胜/0平/0负)  净胜分 +18.23  回报 +19.93
     rl_v5      得分率 0.700  (28胜/0平/12负)  净胜分 +2.10  回报 +7.58
     m3_v1      得分率 0.675  (27胜/0平/13负)  净胜分 +1.77  回报 +9.78
     m3_v2      得分率 0.900  (36胜/0平/4负)  净胜分 +4.15  回报 +12.50
     rl_VG_v0.2 得分率 1.000  (40胜/0平/0负)  净胜分 +6.80  回报 +12.47
     rl_best040 得分率 0.950  (38胜/0平/2负)  净胜分 +4.10  回报 +11.85
     rl_VG_v1.0 得分率 0.950  (38胜/0平/2负)  净胜分 +11.72  回报 +16.30
     快照闸门开(官方胜率 0.792,需 >0.50)
     配重 official_baseline=3.7% official_hunter=15.2% official_stalker=2.8% official_patrol=2.8% official_ambusher=2.8% official_weaver=2.8% rl_v5=27.9% rl_VG_v0.2=5.5% rl_best040=8.8% rl_VG_v1.0=7.4% snap0=10.2% snap1=10.2%
     ★ 新最优(综合得分率 0.9167)→ best.npz
    -> 加入快照对手,联盟 = ['official_baseline', 'official_hunter', 'official_stalker', 'official_patrol', 'official_ambusher', 'official_weaver', 'rl_v5', 'rl_VG_v0.2', 'rl_best040', 'rl_VG_v1.0', 'snap1', 'snap2']
       采样占比 official_baseline=3.7% official_hunter=15.2% official_stalker=2.8% official_patrol=2.8% official_ambusher=2.8% official_weaver=2.8% rl_v5=27.9% rl_VG_v0.2=5.5% rl_best040=8.8% rl_VG_v1.0=7.4% snap1=10.2% snap2=10.2%
      · 采样  1024/4096  552 步/秒  已完局 21  回报 +7.95
      · 采样  2048/4096  558 步/秒  已完局 42  回报 +10.81
      · 采样  3072/4096  576 步/秒  已完局 63  回报 +10.95
  upd   81 step  331776  回报 +11.33  胜率 0.76  π损失 -0.0030  V损失 2.6864  熵 0.250  KL +0.01701  规则 12.6%  296 步/秒
      · 采样  1024/4096  564 步/秒  已完局 21  回报 +12.24
      · 采样  2048/4096  574 步/秒  已完局 41  回报 +11.34
      · 采样  3072/4096  565 步/秒  已完局 63  回报 +11.38
  upd   82 step  335872  回报 +11.36  胜率 0.73  π损失 -0.0016  V损失 3.2338  熵 0.281  KL +0.01550  规则 11.6%  298 步/秒
      · 采样  1024/4096  600 步/秒  已完局 21  回报 +11.38
      · 采样  2048/4096  532 步/秒  已完局 42  回报 +11.14
      · 采样  3072/4096  550 步/秒  已完局 63  回报 +11.24
  upd   83 step  339968  回报 +10.86  胜率 0.77  π损失 -0.0024  V损失 2.6989  熵 0.257  KL +0.01856  规则 12.0%  300 步/秒
      · 采样  1024/4096  545 步/秒  已完局 21  回报 +10.62
      · 采样  2048/4096  521 步/秒  已完局 41  回报 +11.24
      · 采样  3072/4096  555 步/秒  已完局 61  回报 +11.16
  upd   84 step  344064  回报 +10.78  胜率 0.80  π损失 -0.0006  V损失 2.2829  熵 0.244  KL +0.02498  规则 11.4%  301 步/秒
      · 采样  1024/4096  612 步/秒  已完局 20  回报 +12.35
      · 采样  2048/4096  594 步/秒  已完局 41  回报 +10.71
      · 采样  3072/4096  566 步/秒  已完局 61  回报 +10.43
  upd   85 step  348160  回报 +10.43  胜率 0.72  π损失 -0.0026  V损失 2.2741  熵 0.254  KL +0.01821  规则 11.7%  302 步/秒
      · 采样  1024/4096  580 步/秒  已完局 21  回报 +11.62
      · 采样  2048/4096  541 步/秒  已完局 41  回报 +10.02
      · 采样  3072/4096  569 步/秒  已完局 62  回报 +10.60
  upd   86 step  352256  回报 +10.64  胜率 0.82  π损失 +0.0002  V损失 2.1879  熵 0.212  KL +0.02271  规则 11.6%  304 步/秒
      · 采样  1024/4096  590 步/秒  已完局 20  回报 +10.25
      · 采样  2048/4096  660 步/秒  已完局 41  回报 +10.90
      · 采样  3072/4096  567 步/秒  已完局 62  回报 +11.98
  upd   87 step  356352  回报 +12.41  胜率 0.82  π损失 -0.0024  V损失 2.2089  熵 0.221  KL +0.01679  规则 12.3%  305 步/秒
      · 采样  1024/4096  556 步/秒  已完局 21  回报 +10.48
      · 采样  2048/4096  557 步/秒  已完局 41  回报 +10.85
      · 采样  3072/4096  649 步/秒  已完局 62  回报 +11.82
  upd   88 step  360448  回报 +11.63  胜率 0.82  π损失 -0.0037  V损失 2.6349  熵 0.233  KL +0.01630  规则 11.9%  307 步/秒
      · 采样  1024/4096  562 步/秒  已完局 21  回报 +11.62
      · 采样  2048/4096  563 步/秒  已完局 41  回报 +10.68
      · 采样  3072/4096  591 步/秒  已完局 61  回报 +10.62
  upd   89 step  364544  回报 +10.07  胜率 0.73  π损失 -0.0037  V损失 2.3503  熵 0.237  KL +0.01540  规则 11.2%  308 步/秒
      · 采样  1024/4096  591 步/秒  已完局 20  回报 +10.80
      · 采样  2048/4096  514 步/秒  已完局 41  回报 +10.15
      · 采样  3072/4096  542 步/秒  已完局 62  回报 +10.52
  upd   90 step  368640  回报 +10.77  胜率 0.78  π损失 -0.0010  V损失 2.1613  熵 0.232  KL +0.01829  规则 11.5%  309 步/秒
    -> 加入快照对手,联盟 = ['official_baseline', 'official_hunter', 'official_stalker', 'official_patrol', 'official_ambusher', 'official_weaver', 'rl_v5', 'rl_VG_v0.2', 'rl_best040', 'rl_VG_v1.0', 'snap2', 'snap3']
       采样占比 official_baseline=3.7% official_hunter=15.2% official_stalker=2.8% official_patrol=2.8% official_ambusher=2.8% official_weaver=2.8% rl_v5=27.9% rl_VG_v0.2=5.5% rl_best040=8.8% rl_VG_v1.0=7.4% snap2=10.2% snap3=10.2%
      · 采样  1024/4096  506 步/秒  已完局 20  回报 +9.15
      · 采样  2048/4096  537 步/秒  已完局 40  回报 +8.75
      · 采样  3072/4096  586 步/秒  已完局 61  回报 +9.20
  upd   91 step  372736  回报 +9.40  胜率 0.68  π损失 -0.0003  V损失 1.8897  熵 0.236  KL +0.02213  规则 11.7%  310 步/秒
      · 采样  1024/4096  542 步/秒  已完局 22  回报 +12.32
      · 采样  2048/4096  560 步/秒  已完局 42  回报 +12.19
      · 采样  3072/4096  573 步/秒  已完局 63  回报 +12.57
  upd   92 step  376832  回报 +12.60  胜率 0.81  π损失 +0.0020  V损失 2.5617  熵 0.251  KL +0.02215  规则 12.6%  311 步/秒
      · 采样  1024/4096  531 步/秒  已完局 21  回报 +9.57
      · 采样  2048/4096  540 步/秒  已完局 41  回报 +10.61
      · 采样  3072/4096  582 步/秒  已完局 62  回报 +10.66
  upd   93 step  380928  回报 +11.19  胜率 0.77  π损失 +0.0004  V损失 2.6624  熵 0.252  KL +0.02100  规则 12.4%  312 步/秒
      · 采样  1024/4096  513 步/秒  已完局 20  回报 +11.45
      · 采样  2048/4096  591 步/秒  已完局 40  回报 +13.05
      · 采样  3072/4096  588 步/秒  已完局 61  回报 +12.48
  upd   94 step  385024  回报 +11.80  胜率 0.83  π损失 +0.0013  V损失 3.5801  熵 0.249  KL +0.02052  规则 12.1%  313 步/秒
      · 采样  1024/4096  571 步/秒  已完局 21  回报 +11.00
      · 采样  2048/4096  652 步/秒  已完局 42  回报 +10.79
      · 采样  3072/4096  609 步/秒  已完局 62  回报 +11.55
  upd   95 step  389120  回报 +11.71  胜率 0.81  π损失 +0.0006  V损失 3.0478  熵 0.242  KL +0.01785  规则 12.2%  314 步/秒
      · 采样  1024/4096  536 步/秒  已完局 21  回报 +13.52
      · 采样  2048/4096  491 步/秒  已完局 42  回报 +11.81
      · 采样  3072/4096  551 步/秒  已完局 63  回报 +11.46
  upd   96 step  393216  回报 +10.82  胜率 0.77  π损失 +0.0003  V损失 2.9419  熵 0.239  KL +0.01529  规则 11.8%  315 步/秒
      · 采样  1024/4096  549 步/秒  已完局 20  回报 +9.80
      · 采样  2048/4096  592 步/秒  已完局 41  回报 +11.90
      · 采样  3072/4096  603 步/秒  已完局 62  回报 +11.74
  upd   97 step  397312  回报 +11.18  胜率 0.77  π损失 -0.0022  V损失 2.6500  熵 0.250  KL +0.02376  规则 11.9%  316 步/秒
      · 采样  1024/4096  541 步/秒  已完局 21  回报 +8.76
      · 采样  2048/4096  557 步/秒  已完局 42  回报 +8.83
      · 采样  3072/4096  550 步/秒  已完局 62  回报 +10.13
  upd   98 step  401408  回报 +10.81  胜率 0.87  π损失 -0.0036  V损失 2.4794  熵 0.246  KL +0.01815  规则 11.5%  316 步/秒
  ── 评测(update 98)──
     official_baseline 得分率 0.975  (39胜/0平/1负)  净胜分 +9.22  回报 +16.77
     official_hunter 得分率 0.875  (35胜/0平/5负)  净胜分 +5.38  回报 +13.28
     official_stalker 得分率 0.975  (39胜/0平/1负)  净胜分 +10.68  回报 +15.07
     official_patrol 得分率 1.000  (40胜/0平/0负)  净胜分 +33.17  回报 +34.17
     official_ambusher 得分率 1.000  (40胜/0平/0负)  净胜分 +13.57  回报 +16.98
     official_weaver 得分率 1.000  (40胜/0平/0负)  净胜分 +16.20  回报 +18.05
     rl_v5      得分率 0.825  (33胜/0平/7负)  净胜分 +3.77  回报 +8.82
     m3_v1      得分率 0.625  (25胜/0平/15负)  净胜分 +0.95  回报 +9.15
     m3_v2      得分率 0.900  (36胜/0平/4负)  净胜分 +4.22  回报 +12.70
     rl_VG_v0.2 得分率 0.925  (37胜/0平/3负)  净胜分 +6.25  回报 +11.55
     rl_best040 得分率 0.900  (36胜/0平/4负)  净胜分 +3.83  回报 +11.57
     rl_VG_v1.0 得分率 0.925  (37胜/0平/3负)  净胜分 +11.15  回报 +15.65
     快照闸门开(官方胜率 0.842,需 >0.50)
     配重 official_baseline=3.9% official_hunter=13.6% official_stalker=3.4% official_patrol=2.5% official_ambusher=2.5% official_weaver=2.5% rl_v5=27.9% rl_VG_v0.2=6.6% rl_best040=9.2% rl_VG_v1.0=7.6% snap2=10.2% snap3=10.2%
[rl_monet_v1] 完成:401408 步,权重在 runs\v1.2\final.npz
[rl_monet_v1] 曲线已写入 runs\v1.2\curves.png
