[rl_monet_v1] 从参赛包 rl_VG_v0.2 起步:D:\WorkFile\Sentry_Dual\rl_monet_v1\rl_VG_v0.2
   架构 gru:已继承编码器与三个头(16 个张量),GRU(隐 128)与 P/bP 全新且 P/bP 为零 —— 初始前向逐位等于 rl_VG_v0.2
[rl_monet_v1] run=v2.4 输出=runs\v2.4
  网络 428->512x3->8  联盟 ['official_baseline', 'official_hunter', 'official_stalker', 'official_patrol', 'official_ambusher', 'official_weaver', 'rl_v5', 'rl_VG_v0.2', 'rl_best040', 'rl_VG_v1.0']  目标步数 400000
  采样占比 official_baseline=3.8% official_hunter=3.8% official_stalker=3.8% official_patrol=3.8% official_ambusher=3.8% official_weaver=3.8% rl_v5=25.6% rl_VG_v0.2=12.8% rl_best040=12.8% rl_VG_v1.0=25.6%
      · 采样  1024/4096  326 步/秒  已完局 19  回报 +6.16
      · 采样  2048/4096  394 步/秒  已完局 38  回报 +6.08
      · 采样  3072/4096  458 步/秒  已完局 58  回报 +6.10
  upd    1 step    4096  回报 +6.36  胜率 0.42  π损失 +0.0104  V损失 1.9497  熵 0.503  KL +0.06476  规则 9.6%  215 步/秒
      · 采样  1024/4096  434 步/秒  已完局 20  回报 +8.10
      · 采样  2048/4096  443 步/秒  已完局 40  回报 +8.25
      · 采样  3072/4096  457 步/秒  已完局 60  回报 +8.23
  upd    2 step    8192  回报 +7.51  胜率 0.46  π损失 +0.0048  V损失 2.0831  熵 0.474  KL +0.03767  规则 9.9%  216 步/秒
      · 采样  1024/4096  438 步/秒  已完局 19  回报 +6.21
      · 采样  2048/4096  423 步/秒  已完局 39  回报 +6.49
      · 采样  3072/4096  445 步/秒  已完局 59  回报 +6.49
  upd    3 step   12288  回报 +6.12  胜率 0.35  π损失 +0.0022  V损失 2.0499  熵 0.439  KL +0.02460  规则 9.7%  218 步/秒
      · 采样  1024/4096  440 步/秒  已完局 20  回报 +7.75
      · 采样  2048/4096  437 步/秒  已完局 40  回报 +9.00
      · 采样  3072/4096  458 步/秒  已完局 59  回报 +8.58
  upd    4 step   16384  回报 +8.58  胜率 0.60  π损失 +0.0127  V损失 2.1424  熵 0.447  KL +0.03985  规则 9.3%  218 步/秒
      · 采样  1024/4096  460 步/秒  已完局 20  回报 +9.10
      · 采样  2048/4096  433 步/秒  已完局 40  回报 +7.25
      · 采样  3072/4096  435 步/秒  已完局 60  回报 +6.72
  upd    5 step   20480  回报 +6.26  胜率 0.40  π损失 +0.0098  V损失 2.0686  熵 0.476  KL +0.03713  规则 9.9%  217 步/秒
      · 采样  1024/4096  420 步/秒  已完局 21  回报 +8.57
      · 采样  2048/4096  376 步/秒  已完局 40  回报 +7.35
      · 采样  3072/4096  400 步/秒  已完局 61  回报 +8.25
  upd    6 step   24576  回报 +8.47  胜率 0.56  π损失 +0.0281  V损失 2.4261  熵 0.496  KL +0.04277  规则 9.9%  213 步/秒
      · 采样  1024/4096  402 步/秒  已完局 19  回报 +8.53
      · 采样  2048/4096  385 步/秒  已完局 39  回报 +7.72
      · 采样  3072/4096  388 步/秒  已完局 59  回报 +7.73
  upd    7 step   28672  回报 +7.89  胜率 0.53  π损失 -0.0020  V损失 2.3539  熵 0.468  KL +0.02285  规则 10.9%  210 步/秒
      · 采样  1024/4096  386 步/秒  已完局 20  回报 +6.85
      · 采样  2048/4096  417 步/秒  已完局 40  回报 +7.35
      · 采样  3072/4096  392 步/秒  已完局 61  回报 +8.21
  upd    8 step   32768  回报 +7.91  胜率 0.57  π损失 +0.0094  V损失 2.0155  熵 0.485  KL +0.03250  规则 10.9%  207 步/秒
      · 采样  1024/4096  437 步/秒  已完局 21  回报 +8.81
      · 采样  2048/4096  373 步/秒  已完局 40  回报 +8.38
      · 采样  3072/4096  363 步/秒  已完局 61  回报 +7.95
  upd    9 step   36864  回报 +7.53  胜率 0.54  π损失 -0.0090  V损失 1.7916  熵 0.521  KL +0.03513  规则 10.4%  207 步/秒
      · 采样  1024/4096  479 步/秒  已完局 19  回报 +5.89
      · 采样  2048/4096  452 步/秒  已完局 39  回报 +7.03
      · 采样  3072/4096  442 步/秒  已完局 58  回报 +6.24
  upd   10 step   40960  回报 +7.06  胜率 0.49  π损失 +0.0054  V损失 2.0633  熵 0.533  KL +0.04107  规则 10.6%  209 步/秒
    -> 跳过快照(闸门关(还没评测过,需 >0.50))
      · 采样  1024/4096  463 步/秒  已完局 19  回报 +7.74
      · 采样  2048/4096  455 步/秒  已完局 39  回报 +8.13
      · 采样  3072/4096  419 步/秒  已完局 58  回报 +7.36
  upd   11 step   45056  回报 +7.03  胜率 0.53  π损失 -0.0019  V损失 2.1462  熵 0.535  KL +0.03976  规则 10.8%  210 步/秒
      · 采样  1024/4096  466 步/秒  已完局 20  回报 +8.30
      · 采样  2048/4096  428 步/秒  已完局 39  回报 +7.95
      · 采样  3072/4096  419 步/秒  已完局 60  回报 +8.02
  upd   12 step   49152  回报 +7.63  胜率 0.54  π损失 +0.0047  V损失 1.8925  熵 0.487  KL +0.04912  规则 10.7%  210 步/秒
      · 采样  1024/4096  416 步/秒  已完局 20  回报 +5.55
      · 采样  2048/4096  429 步/秒  已完局 40  回报 +6.28
      · 采样  3072/4096  438 步/秒  已完局 60  回报 +7.58
  upd   13 step   53248  回报 +8.04  胜率 0.53  π损失 +0.0083  V损失 1.6810  熵 0.494  KL +0.04158  规则 11.3%  211 步/秒
      · 采样  1024/4096  443 步/秒  已完局 20  回报 +7.00
      · 采样  2048/4096  458 步/秒  已完局 39  回报 +8.10
      · 采样  3072/4096  451 步/秒  已完局 59  回报 +7.93
  upd   14 step   57344  回报 +8.17  胜率 0.59  π损失 -0.0011  V损失 1.7864  熵 0.466  KL +0.02804  规则 10.9%  211 步/秒
      · 采样  1024/4096  464 步/秒  已完局 20  回报 +8.00
      · 采样  2048/4096  437 步/秒  已完局 40  回报 +7.92
      · 采样  3072/4096  460 步/秒  已完局 60  回报 +8.75
  upd   15 step   61440  回报 +8.32  胜率 0.59  π损失 +0.0038  V损失 2.2449  熵 0.516  KL +0.03048  规则 11.3%  212 步/秒
      · 采样  1024/4096  440 步/秒  已完局 19  回报 +7.11
      · 采样  2048/4096  277 步/秒  已完局 39  回报 +7.85
      · 采样  3072/4096  206 步/秒  已完局 59  回报 +7.51
  upd   16 step   65536  回报 +7.65  胜率 0.61  π损失 -0.0012  V损失 2.5839  熵 0.525  KL +0.02463  规则 11.6%  202 步/秒
      · 采样  1024/4096  205 步/秒  已完局 20  回报 +8.45
      · 采样  2048/4096  225 步/秒  已完局 40  回报 +9.62
      · 采样  3072/4096  196 步/秒  已完局 60  回报 +8.90
  upd   17 step   69632  回报 +8.69  胜率 0.61  π损失 -0.0216  V损失 2.6437  熵 0.471  KL +0.02800  规则 11.9%  190 步/秒
      · 采样  1024/4096  232 步/秒  已完局 20  回报 +9.25
      · 采样  2048/4096  212 步/秒  已完局 40  回报 +8.60
      · 采样  3072/4096  207 步/秒  已完局 59  回报 +7.61
  upd   18 step   73728  回报 +7.63  胜率 0.58  π损失 +0.0005  V损失 2.4246  熵 0.492  KL +0.02894  规则 11.5%  185 步/秒
      · 采样  1024/4096  427 步/秒  已完局 20  回报 +7.25
      · 采样  2048/4096  440 步/秒  已完局 39  回报 +7.44
      · 采样  3072/4096  450 步/秒  已完局 59  回报 +6.90
  upd   19 step   77824  回报 +7.01  胜率 0.58  π损失 -0.0034  V损失 2.2729  熵 0.515  KL +0.02230  规则 11.5%  187 步/秒
      · 采样  1024/4096  454 步/秒  已完局 20  回报 +10.75
      · 采样  2048/4096  405 步/秒  已完局 41  回报 +9.34
      · 采样  3072/4096  408 步/秒  已完局 61  回报 +8.54
  upd   20 step   81920  回报 +8.58  胜率 0.69  π损失 -0.0094  V损失 2.3201  熵 0.473  KL +0.02963  规则 11.8%  188 步/秒
  ── 评测(update 20)──
     official_baseline 得分率 0.975  (39胜/0平/1负)  净胜分 +7.80  回报 +15.85
     official_hunter 得分率 0.750  (30胜/0平/10负)  净胜分 +2.58  回报 +11.82
     official_stalker 得分率 0.975  (39胜/0平/1负)  净胜分 +12.45  回报 +15.32
     official_patrol 得分率 0.975  (39胜/0平/1负)  净胜分 +9.55  回报 +10.50
     official_ambusher 得分率 0.950  (38胜/0平/2负)  净胜分 +9.97  回报 +12.03
     official_weaver 得分率 0.975  (39胜/0平/1负)  净胜分 +15.85  回报 +17.27
     rl_v5      得分率 0.175  (7胜/0平/33负)  净胜分 -3.05  回报 +2.85
     m3_v1      得分率 0.300  (12胜/0平/28负)  净胜分 -1.45  回报 +7.45
     m3_v2      得分率 0.150  (6胜/0平/34负)  净胜分 -3.20  回报 +5.60
     rl_VG_v0.2 得分率 0.900  (36胜/0平/4负)  净胜分 +6.05  回报 +11.93
     rl_best040 得分率 0.925  (37胜/0平/3负)  净胜分 +5.28  回报 +12.00
     rl_VG_v1.0 得分率 0.675  (27胜/0平/13负)  净胜分 +2.08  回报 +8.38
     快照闸门关(还没评测过,需 >0.50)
     配重 official_baseline=3.1% official_hunter=15.6% official_stalker=3.1% official_patrol=3.1% official_ambusher=4.4% official_weaver=3.1% rl_v5=35.0% rl_VG_v0.2=7.2% rl_best040=5.8% rl_VG_v1.0=19.7%
     ★ 新最优(综合得分率 0.7271)→ best.npz
    -> 加入快照对手,联盟 = ['official_baseline', 'official_hunter', 'official_stalker', 'official_patrol', 'official_ambusher', 'official_weaver', 'rl_v5', 'rl_VG_v0.2', 'rl_best040', 'rl_VG_v1.0', 'snap0']
       采样占比 official_baseline=2.7% official_hunter=13.8% official_stalker=2.7% official_patrol=2.7% official_ambusher=3.9% official_weaver=2.7% rl_v5=31.0% rl_VG_v0.2=6.4% rl_best040=5.2% rl_VG_v1.0=17.5% snap0=11.4%
      · 采样  1024/4096  189 步/秒  已完局 20  回报 +7.40
      · 采样  2048/4096  168 步/秒  已完局 40  回报 +7.20
      · 采样  3072/4096  198 步/秒  已完局 59  回报 +7.88
  upd   21 step   86016  回报 +7.95  胜率 0.62  π损失 +0.0010  V损失 2.4190  熵 0.450  KL +0.03956  规则 11.5%  158 步/秒
      · 采样  1024/4096  204 步/秒  已完局 20  回报 +8.60
      · 采样  2048/4096  207 步/秒  已完局 39  回报 +8.82
      · 采样  3072/4096  195 步/秒  已完局 59  回报 +8.63
