[monet] 续训自 runs/v1.2/final.npz(step=401408)
[rl_monet_v1] run=v1.3 输出=runs\v1.3
  网络 428->512x3->8  联盟 ['official_baseline', 'official_hunter', 'official_stalker', 'official_patrol', 'official_ambusher', 'official_weaver', 'rl_v5', 'rl_VG_v0.2', 'rl_best040', 'rl_VG_v1.0']  目标步数 600000
  采样占比 official_baseline=3.8% official_hunter=3.8% official_stalker=3.8% official_patrol=3.8% official_ambusher=3.8% official_weaver=3.8% rl_v5=25.6% rl_VG_v0.2=12.8% rl_best040=12.8% rl_VG_v1.0=25.6%
      · 采样  1024/4096  236 步/秒  已完局 21  回报 +14.19
      · 采样  2048/4096  319 步/秒  已完局 42  回报 +14.19
      · 采样  3072/4096  382 步/秒  已完局 63  回报 +14.37
  upd   99 step  405504  回报 +14.76  胜率 0.92  π损失 -0.0035  V损失 2.2411  熵 0.280  KL +0.03098  规则 12.1%  234 步/秒
      · 采样  1024/4096  361 步/秒  已完局 21  回报 +12.76
      · 采样  2048/4096  343 步/秒  已完局 42  回报 +13.45
      · 采样  3072/4096  377 步/秒  已完局 62  回报 +13.35
  upd  100 step  409600  回报 +13.43  胜率 0.86  π损失 -0.0048  V损失 2.3359  熵 0.271  KL +0.01390  规则 12.0%  247 步/秒
  ── 评测(update 100)──
     official_baseline 得分率 1.000  (40胜/0平/0负)  净胜分 +10.30  回报 +17.52
     official_hunter 得分率 0.950  (38胜/0平/2负)  净胜分 +5.67  回报 +13.57
     official_stalker 得分率 1.000  (40胜/0平/0负)  净胜分 +10.45  回报 +15.07
     official_patrol 得分率 1.000  (40胜/0平/0负)  净胜分 +30.57  回报 +31.57
     official_ambusher 得分率 1.000  (40胜/0平/0负)  净胜分 +14.15  回报 +17.93
     official_weaver 得分率 0.975  (39胜/0平/1负)  净胜分 +15.70  回报 +17.80
     rl_v5      得分率 0.625  (25胜/0平/15负)  净胜分 +1.98  回报 +7.17
     m3_v1      得分率 0.475  (19胜/0平/21负)  净胜分 -0.23  回报 +7.67
     m3_v2      得分率 0.900  (36胜/0平/4负)  净胜分 +5.12  回报 +12.95
     rl_VG_v0.2 得分率 0.925  (37胜/0平/3负)  净胜分 +7.38  回报 +12.40
     rl_best040 得分率 0.975  (39胜/0平/1负)  净胜分 +4.97  回报 +12.60
     rl_VG_v1.0 得分率 0.975  (39胜/0平/1负)  净胜分 +11.43  回报 +15.95
     快照闸门关(还没评测过,需 >0.50)
     配重 official_baseline=4.1% official_hunter=11.1% official_stalker=4.1% official_patrol=4.1% official_ambusher=4.1% official_weaver=7.6% rl_v5=35.0% rl_VG_v0.2=14.5% rl_best040=7.6% rl_VG_v1.0=7.6%
     ★ 新最优(综合得分率 0.9000)→ best.npz
    -> 加入快照对手,联盟 = ['official_baseline', 'official_hunter', 'official_stalker', 'official_patrol', 'official_ambusher', 'official_weaver', 'rl_v5', 'rl_VG_v0.2', 'rl_best040', 'rl_VG_v1.0', 'snap0']
       采样占比 official_baseline=3.7% official_hunter=9.8% official_stalker=3.7% official_patrol=3.7% official_ambusher=3.7% official_weaver=6.7% rl_v5=31.0% rl_VG_v0.2=12.9% rl_best040=6.7% rl_VG_v1.0=6.7% snap0=11.4%
      · 采样  1024/4096  334 步/秒  已完局 20  回报 +9.30
      · 采样  2048/4096  372 步/秒  已完局 41  回报 +10.27
      · 采样  3072/4096  416 步/秒  已完局 61  回报 +11.72
  upd  101 step  413696  回报 +11.91  胜率 0.83  π损失 -0.0012  V损失 2.5787  熵 0.292  KL +0.01935  规则 11.9%  111 步/秒
      · 采样  1024/4096  373 步/秒  已完局 20  回报 +12.55
      · 采样  2048/4096  341 步/秒  已完局 41  回报 +11.90
      · 采样  3072/4096  313 步/秒  已完局 62  回报 +12.44
  upd  102 step  417792  回报 +12.23  胜率 0.83  π损失 -0.0001  V损失 2.5985  熵 0.322  KL +0.02408  规则 12.4%  130 步/秒
      · 采样  1024/4096  331 步/秒  已完局 20  回报 +13.00
      · 采样  2048/4096  326 步/秒  已完局 40  回报 +10.85
      · 采样  3072/4096  314 步/秒  已完局 61  回报 +11.36
  upd  103 step  421888  回报 +11.23  胜率 0.75  π损失 +0.0036  V损失 3.2375  熵 0.283  KL +0.02095  规则 12.5%  143 步/秒
      · 采样  1024/4096  310 步/秒  已完局 21  回报 +9.81
      · 采样  2048/4096  325 步/秒  已完局 41  回报 +10.51
      · 采样  3072/4096  346 步/秒  已完局 61  回报 +12.07
  upd  104 step  425984  回报 +11.86  胜率 0.80  π损失 -0.0019  V损失 3.1400  熵 0.315  KL +0.02162  规则 12.5%  153 步/秒
      · 采样  1024/4096  370 步/秒  已完局 21  回报 +14.43
      · 采样  2048/4096  354 步/秒  已完局 42  回报 +13.24
      · 采样  3072/4096  334 步/秒  已完局 62  回报 +12.79
  upd  105 step  430080  回报 +12.33  胜率 0.78  π损失 -0.0014  V损失 3.0373  熵 0.303  KL +0.02334  规则 13.1%  162 步/秒
      · 采样  1024/4096  427 步/秒  已完局 20  回报 +14.60
      · 采样  2048/4096  347 步/秒  已完局 41  回报 +12.56
      · 采样  3072/4096  362 步/秒  已完局 61  回报 +11.87
  upd  106 step  434176  回报 +11.94  胜率 0.81  π损失 -0.0030  V损失 2.7219  熵 0.287  KL +0.01239  规则 12.4%  170 步/秒
      · 采样  1024/4096  313 步/秒  已完局 21  回报 +10.90
      · 采样  2048/4096  377 步/秒  已完局 41  回报 +11.41
      · 采样  3072/4096  328 步/秒  已完局 61  回报 +11.70
  upd  107 step  438272  回报 +11.41  胜率 0.75  π损失 -0.0030  V损失 2.8755  熵 0.273  KL +0.01773  规则 12.9%  177 步/秒
      · 采样  1024/4096  346 步/秒  已完局 21  回报 +11.57
      · 采样  2048/4096  394 步/秒  已完局 41  回报 +12.34
      · 采样  3072/4096  330 步/秒  已完局 61  回报 +11.23
  upd  108 step  442368  回报 +10.88  胜率 0.77  π损失 -0.0040  V损失 2.4408  熵 0.281  KL +0.01533  规则 12.5%  182 步/秒
      · 采样  1024/4096  350 步/秒  已完局 20  回报 +9.30
      · 采样  2048/4096  358 步/秒  已完局 40  回报 +10.75
      · 采样  3072/4096  431 步/秒  已完局 60  回报 +11.23
  upd  109 step  446464  回报 +10.98  胜率 0.72  π损失 -0.0045  V损失 2.4410  熵 0.339  KL +0.02093  规则 12.1%  187 步/秒
      · 采样  1024/4096  330 步/秒  已完局 21  回报 +7.67
      · 采样  2048/4096  372 步/秒  已完局 41  回报 +11.07
      · 采样  3072/4096  376 步/秒  已完局 61  回报 +10.67
  upd  110 step  450560  回报 +10.49  胜率 0.70  π损失 -0.0012  V损失 2.5525  熵 0.289  KL +0.01898  规则 12.1%  192 步/秒
    -> 加入快照对手,联盟 = ['official_baseline', 'official_hunter', 'official_stalker', 'official_patrol', 'official_ambusher', 'official_weaver', 'rl_v5', 'rl_VG_v0.2', 'rl_best040', 'rl_VG_v1.0', 'snap0', 'snap1']
       采样占比 official_baseline=3.3% official_hunter=8.8% official_stalker=3.3% official_patrol=3.3% official_ambusher=3.3% official_weaver=6.1% rl_v5=27.9% rl_VG_v0.2=11.6% rl_best040=6.1% rl_VG_v1.0=6.1% snap0=10.2% snap1=10.2%
      · 采样  1024/4096  334 步/秒  已完局 21  回报 +11.43
      · 采样  2048/4096  343 步/秒  已完局 42  回报 +12.12
      · 采样  3072/4096  351 步/秒  已完局 62  回报 +11.73
  upd  111 step  454656  回报 +11.92  胜率 0.82  π损失 -0.0003  V损失 2.8228  熵 0.260  KL +0.01734  规则 12.6%  196 步/秒
      · 采样  1024/4096  382 步/秒  已完局 20  回报 +11.00
      · 采样  2048/4096  368 步/秒  已完局 41  回报 +11.71
      · 采样  3072/4096  368 步/秒  已完局 62  回报 +10.50
  upd  112 step  458752  回报 +10.28  胜率 0.68  π损失 +0.0010  V损失 3.2638  熵 0.261  KL +0.02422  规则 12.1%  199 步/秒
      · 采样  1024/4096  389 步/秒  已完局 21  回报 +12.24
      · 采样  2048/4096  371 步/秒  已完局 41  回报 +12.10
      · 采样  3072/4096  380 步/秒  已完局 62  回报 +12.63
  upd  113 step  462848  回报 +12.28  胜率 0.88  π损失 +0.0018  V损失 2.8156  熵 0.259  KL +0.02442  规则 12.5%  202 步/秒
      · 采样  1024/4096  352 步/秒  已完局 21  回报 +10.00
      · 采样  2048/4096  310 步/秒  已完局 42  回报 +8.79
      · 采样  3072/4096  329 步/秒  已完局 63  回报 +9.78
  upd  114 step  466944  回报 +10.39  胜率 0.74  π损失 -0.0001  V损失 2.8106  熵 0.247  KL +0.01868  规则 12.6%  204 步/秒
      · 采样  1024/4096  283 步/秒  已完局 21  回报 +10.48
      · 采样  2048/4096  325 步/秒  已完局 42  回报 +10.90
      · 采样  3072/4096  368 步/秒  已完局 63  回报 +11.71
  upd  115 step  471040  回报 +11.49  胜率 0.77  π损失 -0.0030  V损失 2.4581  熵 0.248  KL +0.02013  规则 13.0%  206 步/秒
      · 采样  1024/4096  312 步/秒  已完局 21  回报 +12.62
      · 采样  2048/4096  315 步/秒  已完局 41  回报 +13.39
      · 采样  3072/4096  287 步/秒  已完局 62  回报 +12.29
  upd  116 step  475136  回报 +12.47  胜率 0.80  π损失 -0.0028  V损失 2.9852  熵 0.255  KL +0.02944  规则 12.9%  207 步/秒
      · 采样  1024/4096  334 步/秒  已完局 21  回报 +14.90
      · 采样  2048/4096  346 步/秒  已完局 42  回报 +13.95
      · 采样  3072/4096  277 步/秒  已完局 64  回报 +12.59
  upd  117 step  479232  回报 +11.91  胜率 0.76  π损失 +0.0025  V损失 3.5188  熵 0.217  KL +0.02644  规则 12.2%  208 步/秒
      · 采样  1024/4096  312 步/秒  已完局 20  回报 +11.40
      · 采样  2048/4096  383 步/秒  已完局 42  回报 +11.88
      · 采样  3072/4096  291 步/秒  已完局 63  回报 +12.27
  upd  118 step  483328  回报 +11.88  胜率 0.77  π损失 -0.0003  V损失 3.2617  熵 0.258  KL +0.02381  规则 13.8%  209 步/秒
      · 采样  1024/4096  284 步/秒  已完局 21  回报 +10.19
      · 采样  2048/4096  347 步/秒  已完局 42  回报 +10.24
      · 采样  3072/4096  313 步/秒  已完局 64  回报 +10.31
  upd  119 step  487424  回报 +11.05  胜率 0.78  π损失 -0.0028  V损失 2.6411  熵 0.251  KL +0.02764  规则 12.8%  210 步/秒
      · 采样  1024/4096  305 步/秒  已完局 21  回报 +11.33
      · 采样  2048/4096  352 步/秒  已完局 41  回报 +12.20
      · 采样  3072/4096  356 步/秒  已完局 62  回报 +12.68
  upd  120 step  491520  回报 +12.64  胜率 0.83  π损失 +0.0017  V损失 3.7082  熵 0.278  KL +0.02884  规则 13.1%  212 步/秒
  ── 评测(update 120)──
     official_baseline 得分率 1.000  (40胜/0平/0负)  净胜分 +6.50  回报 +14.90
     official_hunter 得分率 0.750  (30胜/0平/10负)  净胜分 +3.50  回报 +12.03
     official_stalker 得分率 1.000  (40胜/0平/0负)  净胜分 +14.82  回报 +19.27
     official_patrol 得分率 1.000  (40胜/0平/0负)  净胜分 +31.00  回报 +32.00
     official_ambusher 得分率 1.000  (40胜/0平/0负)  净胜分 +17.75  回报 +21.18
     official_weaver 得分率 1.000  (40胜/0平/0负)  净胜分 +19.45  回报 +20.82
     rl_v5      得分率 0.750  (30胜/0平/10负)  净胜分 +2.62  回报 +8.38
     m3_v1      得分率 0.625  (25胜/0平/15负)  净胜分 +0.78  回报 +9.00
     m3_v2      得分率 0.775  (31胜/0平/9负)  净胜分 +3.65  回报 +11.53
     rl_VG_v0.2 得分率 0.975  (39胜/0平/1负)  净胜分 +5.50  回报 +11.55
     rl_best040 得分率 0.975  (39胜/0平/1负)  净胜分 +4.90  回报 +12.00
     rl_VG_v1.0 得分率 0.925  (37胜/0平/3负)  净胜分 +12.07  回报 +16.73
     快照闸门开(官方胜率 0.858,需 >0.50)
     配重 official_baseline=2.9% official_hunter=15.3% official_stalker=2.9% official_patrol=2.9% official_ambusher=2.9% official_weaver=4.3% rl_v5=27.9% rl_VG_v0.2=8.1% rl_best040=5.3% rl_VG_v1.0=7.2% snap0=10.2% snap1=10.2%
    -> 加入快照对手,联盟 = ['official_baseline', 'official_hunter', 'official_stalker', 'official_patrol', 'official_ambusher', 'official_weaver', 'rl_v5', 'rl_VG_v0.2', 'rl_best040', 'rl_VG_v1.0', 'snap1', 'snap2']
       采样占比 official_baseline=2.9% official_hunter=15.3% official_stalker=2.9% official_patrol=2.9% official_ambusher=2.9% official_weaver=4.3% rl_v5=27.9% rl_VG_v0.2=8.1% rl_best040=5.3% rl_VG_v1.0=7.2% snap1=10.2% snap2=10.2%
      · 采样  1024/4096  340 步/秒  已完局 20  回报 +12.20
      · 采样  2048/4096  373 步/秒  已完局 41  回报 +12.44
      · 采样  3072/4096  385 步/秒  已完局 62  回报 +11.61
  upd  121 step  495616  回报 +13.05  胜率 0.78  π损失 -0.0007  V损失 3.5150  熵 0.284  KL +0.02033  规则 12.8%  187 步/秒
      · 采样  1024/4096  344 步/秒  已完局 22  回报 +10.82
      · 采样  2048/4096  352 步/秒  已完局 43  回报 +11.81
      · 采样  3072/4096  390 步/秒  已完局 64  回报 +12.23
  upd  122 step  499712  回报 +12.09  胜率 0.79  π损失 +0.0042  V损失 3.1171  熵 0.252  KL +0.02803  规则 13.1%  189 步/秒
      · 采样  1024/4096  363 步/秒  已完局 22  回报 +12.91
      · 采样  2048/4096  401 步/秒  已完局 43  回报 +12.40
      · 采样  3072/4096  367 步/秒  已完局 64  回报 +12.11
  upd  123 step  503808  回报 +12.15  胜率 0.88  π损失 +0.0000  V损失 2.4404  熵 0.253  KL +0.05411  规则 12.6%  192 步/秒
      · 采样  1024/4096  376 步/秒  已完局 21  回报 +12.76
      · 采样  2048/4096  366 步/秒  已完局 42  回报 +12.19
      · 采样  3072/4096  356 步/秒  已完局 64  回报 +11.06
  upd  124 step  507904  回报 +10.75  胜率 0.73  π损失 +0.0005  V损失 2.6531  熵 0.261  KL +0.01228  规则 12.7%  194 步/秒
      · 采样  1024/4096  317 步/秒  已完局 20  回报 +8.75
      · 采样  2048/4096  366 步/秒  已完局 42  回报 +10.93
      · 采样  3072/4096  308 步/秒  已完局 64  回报 +11.11
  upd  125 step  512000  回报 +11.17  胜率 0.74  π损失 -0.0011  V损失 3.0813  熵 0.251  KL +0.02465  规则 12.4%  195 步/秒
      · 采样  1024/4096  338 步/秒  已完局 20  回报 +11.00
      · 采样  2048/4096  328 步/秒  已完局 41  回报 +10.10
      · 采样  3072/4096  330 步/秒  已完局 62  回报 +10.32
  upd  126 step  516096  回报 +10.74  胜率 0.81  π损失 +0.0025  V损失 2.2020  熵 0.251  KL +0.02427  规则 12.6%  196 步/秒
      · 采样  1024/4096  386 步/秒  已完局 21  回报 +9.95
      · 采样  2048/4096  369 步/秒  已完局 43  回报 +10.58
      · 采样  3072/4096  320 步/秒  已完局 64  回报 +10.83
  upd  127 step  520192  回报 +10.84  胜率 0.70  π损失 +0.0008  V损失 2.7080  熵 0.233  KL +0.03388  规则 12.9%  198 步/秒
      · 采样  1024/4096  302 步/秒  已完局 22  回报 +14.55
      · 采样  2048/4096  301 步/秒  已完局 43  回报 +14.07
      · 采样  3072/4096  302 步/秒  已完局 64  回报 +13.20
  upd  128 step  524288  回报 +12.55  胜率 0.85  π损失 -0.0019  V损失 3.1649  熵 0.248  KL +0.01930  规则 13.5%  199 步/秒
      · 采样  1024/4096  309 步/秒  已完局 23  回报 +10.87
      · 采样  2048/4096  315 步/秒  已完局 44  回报 +11.18
      · 采样  3072/4096  296 步/秒  已完局 66  回报 +11.56
  upd  129 step  528384  回报 +11.80  胜率 0.74  π损失 -0.0008  V损失 2.8802  熵 0.257  KL +0.01666  规则 13.2%  200 步/秒
      · 采样  1024/4096  332 步/秒  已完局 22  回报 +8.91
      · 采样  2048/4096  296 步/秒  已完局 44  回报 +9.59
      · 采样  3072/4096  334 步/秒  已完局 66  回报 +10.08
  upd  130 step  532480  回报 +10.24  胜率 0.71  π损失 -0.0026  V损失 3.0125  熵 0.242  KL +0.02689  规则 13.4%  201 步/秒
    -> 加入快照对手,联盟 = ['official_baseline', 'official_hunter', 'official_stalker', 'official_patrol', 'official_ambusher', 'official_weaver', 'rl_v5', 'rl_VG_v0.2', 'rl_best040', 'rl_VG_v1.0', 'snap2', 'snap3']
       采样占比 official_baseline=2.9% official_hunter=15.3% official_stalker=2.9% official_patrol=2.9% official_ambusher=2.9% official_weaver=4.3% rl_v5=27.9% rl_VG_v0.2=8.1% rl_best040=5.3% rl_VG_v1.0=7.2% snap2=10.2% snap3=10.2%
      · 采样  1024/4096  273 步/秒  已完局 21  回报 +9.62
      · 采样  2048/4096  351 步/秒  已完局 43  回报 +10.81
      · 采样  3072/4096  337 步/秒  已完局 65  回报 +10.72
  upd  131 step  536576  回报 +10.87  胜率 0.73  π损失 -0.0025  V损失 3.0843  熵 0.237  KL +0.02374  规则 12.7%  202 步/秒
      · 采样  1024/4096  376 步/秒  已完局 22  回报 +10.41
      · 采样  2048/4096  317 步/秒  已完局 43  回报 +9.35
      · 采样  3072/4096  341 步/秒  已完局 65  回报 +10.11
  upd  132 step  540672  回报 +10.22  胜率 0.73  π损失 -0.0009  V损失 2.7155  熵 0.238  KL +0.01776  规则 13.7%  203 步/秒
      · 采样  1024/4096  336 步/秒  已完局 22  回报 +10.50
      · 采样  2048/4096  374 步/秒  已完局 44  回报 +11.41
      · 采样  3072/4096  336 步/秒  已完局 65  回报 +10.92
  upd  133 step  544768  回报 +11.00  胜率 0.76  π损失 -0.0022  V损失 2.3801  熵 0.226  KL +0.02512  规则 13.0%  204 步/秒
      · 采样  1024/4096  356 步/秒  已完局 22  回报 +11.91
      · 采样  2048/4096  313 步/秒  已完局 44  回报 +11.75
      · 采样  3072/4096  348 步/秒  已完局 65  回报 +11.06
  upd  134 step  548864  回报 +11.10  胜率 0.75  π损失 -0.0008  V损失 2.7229  熵 0.233  KL +0.01984  规则 14.4%  205 步/秒
      · 采样  1024/4096  347 步/秒  已完局 22  回报 +11.95
      · 采样  2048/4096  361 步/秒  已完局 44  回报 +11.84
      · 采样  3072/4096  339 步/秒  已完局 65  回报 +11.49
  upd  135 step  552960  回报 +11.82  胜率 0.80  π损失 +0.0001  V损失 2.6527  熵 0.226  KL +0.04397  规则 13.6%  206 步/秒
      · 采样  1024/4096  371 步/秒  已完局 22  回报 +11.64
      · 采样  2048/4096  374 步/秒  已完局 43  回报 +10.93
      · 采样  3072/4096  349 步/秒  已完局 65  回报 +11.31
  upd  136 step  557056  回报 +10.66  胜率 0.78  π损失 +0.0010  V损失 2.0797  熵 0.233  KL +0.01786  规则 12.9%  207 步/秒
      · 采样  1024/4096  371 步/秒  已完局 21  回报 +11.43
      · 采样  2048/4096  381 步/秒  已完局 43  回报 +11.63
      · 采样  3072/4096  388 步/秒  已完局 64  回报 +11.39
  upd  137 step  561152  回报 +11.06  胜率 0.80  π损失 -0.0001  V损失 1.8621  熵 0.239  KL +0.01728  规则 12.7%  208 步/秒
      · 采样  1024/4096  359 步/秒  已完局 22  回报 +11.86
      · 采样  2048/4096  374 步/秒  已完局 43  回报 +11.19
      · 采样  3072/4096  365 步/秒  已完局 64  回报 +10.69
  upd  138 step  565248  回报 +10.78  胜率 0.77  π损失 -0.0007  V损失 1.9236  熵 0.221  KL +0.01788  规则 13.1%  209 步/秒
      · 采样  1024/4096  300 步/秒  已完局 21  回报 +12.14
      · 采样  2048/4096  371 步/秒  已完局 42  回报 +11.69
      · 采样  3072/4096  317 步/秒  已完局 63  回报 +11.19
  upd  139 step  569344  回报 +11.32  胜率 0.80  π损失 -0.0008  V损失 1.9619  熵 0.222  KL +0.02941  规则 12.7%  210 步/秒
      · 采样  1024/4096  337 步/秒  已完局 21  回报 +10.52
      · 采样  2048/4096  307 步/秒  已完局 42  回报 +10.17
      · 采样  3072/4096  315 步/秒  已完局 63  回报 +10.33
  upd  140 step  573440  回报 +10.73  胜率 0.78  π损失 -0.0019  V损失 2.3251  熵 0.229  KL +0.01638  规则 12.2%  210 步/秒
  ── 评测(update 140)──
     official_baseline 得分率 1.000  (40胜/0平/0负)  净胜分 +9.40  回报 +17.50
     official_hunter 得分率 0.850  (34胜/0平/6负)  净胜分 +4.75  回报 +12.93
     official_stalker 得分率 1.000  (40胜/0平/0负)  净胜分 +15.35  回报 +20.05
     official_patrol 得分率 1.000  (40胜/0平/0负)  净胜分 +20.57  回报 +21.57
     official_ambusher 得分率 1.000  (40胜/0平/0负)  净胜分 +15.47  回报 +19.77
     official_weaver 得分率 1.000  (40胜/0平/0负)  净胜分 +19.57  回报 +20.90
     rl_v5      得分率 0.550  (22胜/0平/18负)  净胜分 +1.82  回报 +6.85
     m3_v1      得分率 0.750  (30胜/0平/10负)  净胜分 +0.90  回报 +9.57
     m3_v2      得分率 0.700  (28胜/0平/12负)  净胜分 +3.08  回报 +11.07
     rl_VG_v0.2 得分率 0.975  (39胜/0平/1负)  净胜分 +5.40  回报 +11.65
     rl_best040 得分率 0.925  (37胜/0平/3负)  净胜分 +5.45  回报 +12.53
     rl_VG_v1.0 得分率 1.000  (40胜/0平/0负)  净胜分 +11.95  回报 +16.85
     快照闸门开(官方胜率 0.833,需 >0.50)
     配重 official_baseline=2.9% official_hunter=16.3% official_stalker=2.9% official_patrol=2.9% official_ambusher=2.9% official_weaver=3.8% rl_v5=27.9% rl_VG_v0.2=7.1% rl_best040=7.3% rl_VG_v1.0=5.5% snap2=10.2% snap3=10.2%
    -> 加入快照对手,联盟 = ['official_baseline', 'official_hunter', 'official_stalker', 'official_patrol', 'official_ambusher', 'official_weaver', 'rl_v5', 'rl_VG_v0.2', 'rl_best040', 'rl_VG_v1.0', 'snap3', 'snap4']
       采样占比 official_baseline=2.9% official_hunter=16.3% official_stalker=2.9% official_patrol=2.9% official_ambusher=2.9% official_weaver=3.8% rl_v5=27.9% rl_VG_v0.2=7.1% rl_best040=7.3% rl_VG_v1.0=5.5% snap3=10.2% snap4=10.2%
      · 采样  1024/4096  354 步/秒  已完局 20  回报 +11.80
      · 采样  2048/4096  351 步/秒  已完局 41  回报 +11.76
      · 采样  3072/4096  341 步/秒  已完局 62  回报 +11.27
  upd  141 step  577536  回报 +11.53  胜率 0.83  π损失 -0.0007  V损失 2.0567  熵 0.258  KL +0.01489  规则 12.7%  196 步/秒
      · 采样  1024/4096  361 步/秒  已完局 21  回报 +11.00
      · 采样  2048/4096  373 步/秒  已完局 43  回报 +11.91
      · 采样  3072/4096  327 步/秒  已完局 65  回报 +12.02
  upd  142 step  581632  回报 +12.28  胜率 0.81  π损失 -0.0012  V损失 2.2864  熵 0.266  KL +0.02497  规则 12.8%  197 步/秒
      · 采样  1024/4096  363 步/秒  已完局 22  回报 +13.27
      · 采样  2048/4096  358 步/秒  已完局 43  回报 +12.70
      · 采样  3072/4096  355 步/秒  已完局 65  回报 +11.78
  upd  143 step  585728  回报 +12.00  胜率 0.80  π损失 +0.0024  V损失 2.3301  熵 0.250  KL +0.03436  规则 12.8%  198 步/秒
      · 采样  1024/4096  366 步/秒  已完局 21  回报 +12.33
      · 采样  2048/4096  322 步/秒  已完局 43  回报 +13.67
      · 采样  3072/4096  348 步/秒  已完局 64  回报 +12.81
  upd  144 step  589824  回报 +11.79  胜率 0.80  π损失 +0.0010  V损失 2.6157  熵 0.220  KL +0.02319  规则 13.5%  199 步/秒
      · 采样  1024/4096  354 步/秒  已完局 21  回报 +11.14
      · 采样  2048/4096  327 步/秒  已完局 42  回报 +10.62
      · 采样  3072/4096  343 步/秒  已完局 63  回报 +11.08
  upd  145 step  593920  回报 +11.94  胜率 0.82  π损失 +0.0005  V损失 1.9453  熵 0.228  KL +0.02917  规则 13.4%  200 步/秒
      · 采样  1024/4096  391 步/秒  已完局 22  回报 +13.41
      · 采样  2048/4096  328 步/秒  已完局 43  回报 +12.07
      · 采样  3072/4096  347 步/秒  已完局 66  回报 +12.14
  upd  146 step  598016  回报 +12.18  胜率 0.86  π损失 -0.0017  V损失 2.0753  熵 0.252  KL +0.02140  规则 13.0%  201 步/秒
      · 采样  1024/4096  333 步/秒  已完局 22  回报 +12.82
      · 采样  2048/4096  391 步/秒  已完局 43  回报 +12.23
      · 采样  3072/4096  362 步/秒  已完局 65  回报 +12.65
  upd  147 step  602112  回报 +12.89  胜率 0.80  π损失 +0.0007  V损失 2.2810  熵 0.245  KL +0.03701  规则 13.4%  201 步/秒
  ── 评测(update 147)──
     official_baseline 得分率 0.900  (36胜/0平/4负)  净胜分 +6.03  回报 +14.90
     official_hunter 得分率 0.750  (30胜/0平/10负)  净胜分 +3.67  回报 +12.28
     official_stalker 得分率 1.000  (40胜/0平/0负)  净胜分 +13.30  回报 +17.77
     official_patrol 得分率 1.000  (40胜/0平/0负)  净胜分 +24.23  回报 +25.23
     official_ambusher 得分率 1.000  (40胜/0平/0负)  净胜分 +15.53  回报 +19.43
     official_weaver 得分率 1.000  (40胜/0平/0负)  净胜分 +20.00  回报 +21.57
     rl_v5      得分率 0.650  (26胜/0平/14负)  净胜分 +2.42  回报 +7.33
     m3_v1      得分率 0.725  (29胜/0平/11负)  净胜分 +1.43  回报 +10.07
     m3_v2      得分率 0.750  (30胜/0平/10负)  净胜分 +2.58  回报 +10.85
     rl_VG_v0.2 得分率 0.950  (38胜/0平/2负)  净胜分 +4.83  回报 +11.15
     rl_best040 得分率 1.000  (40胜/0平/0负)  净胜分 +5.88  回报 +13.30
     rl_VG_v1.0 得分率 1.000  (40胜/0平/0负)  净胜分 +14.12  回报 +18.48
     快照闸门开(官方胜率 0.800,需 >0.50)
     配重 official_baseline=6.2% official_hunter=18.7% official_stalker=2.6% official_patrol=2.6% official_ambusher=2.6% official_weaver=3.1% rl_v5=27.9% rl_VG_v0.2=6.7% rl_best040=5.0% rl_VG_v1.0=4.1% snap3=10.2% snap4=10.2%
[rl_monet_v1] 完成:602112 步,权重在 runs\v1.3\final.npz
[rl_monet_v1] 曲线已写入 runs\v1.3\curves.png
