[rl_monet_v1] 从参赛包 rl_VG_v0.2 起步:D:\WorkFile\Sentry_Dual\rl_monet_v1\rl_VG_v0.2
   架构 gru:已继承编码器与三个头(16 个张量),GRU(隐 128)与 P/bP 全新且 P/bP 为零 —— 初始前向逐位等于 rl_VG_v0.2
[rl_monet_v1] run=v2.2 输出=runs\v2.2
  网络 428->512x3->8  联盟 ['official_baseline', 'official_hunter', 'official_stalker', 'official_patrol', 'official_ambusher', 'official_weaver', 'rl_v5', 'rl_VG_v0.2', 'rl_best040', 'rl_VG_v1.0']  目标步数 200000
  采样占比 official_baseline=3.8% official_hunter=3.8% official_stalker=3.8% official_patrol=3.8% official_ambusher=3.8% official_weaver=3.8% rl_v5=25.6% rl_VG_v0.2=12.8% rl_best040=12.8% rl_VG_v1.0=25.6%
      · 采样  1024/4096  307 步/秒  已完局 19  回报 +6.16
      · 采样  2048/4096  383 步/秒  已完局 38  回报 +6.08
      · 采样  3072/4096  375 步/秒  已完局 58  回报 +6.10
  upd    1 step    4096  回报 +6.36  胜率 0.42  π损失 +0.0104  V损失 1.9497  熵 0.503  KL +0.06477  规则 9.6%  182 步/秒
      · 采样  1024/4096  396 步/秒  已完局 20  回报 +8.05
      · 采样  2048/4096  395 步/秒  已完局 40  回报 +8.57
      · 采样  3072/4096  397 步/秒  已完局 60  回报 +8.17
  upd    2 step    8192  回报 +7.79  胜率 0.53  π损失 -0.0002  V损失 1.9848  熵 0.445  KL +0.03679  规则 9.9%  184 步/秒
      · 采样  1024/4096  360 步/秒  已完局 20  回报 +6.40
      · 采样  2048/4096  355 步/秒  已完局 40  回报 +5.20
      · 采样  3072/4096  360 步/秒  已完局 59  回报 +5.63
  upd    3 step   12288  回报 +5.67  胜率 0.39  π损失 +0.0053  V损失 1.7767  熵 0.461  KL +0.05272  规则 10.5%  181 步/秒
      · 采样  1024/4096  370 步/秒  已完局 20  回报 +6.10
      · 采样  2048/4096  395 步/秒  已完局 40  回报 +8.03
      · 采样  3072/4096  389 步/秒  已完局 59  回报 +8.17
  upd    4 step   16384  回报 +7.41  胜率 0.53  π损失 -0.0037  V损失 2.2267  熵 0.489  KL +0.03446  规则 10.2%  182 步/秒
      · 采样  1024/4096  409 步/秒  已完局 20  回报 +11.15
      · 采样  2048/4096  380 步/秒  已完局 39  回报 +8.79
      · 采样  3072/4096  352 步/秒  已完局 59  回报 +8.46
  upd    5 step   20480  回报 +7.73  胜率 0.54  π损失 -0.0032  V损失 1.9471  熵 0.492  KL +0.02459  规则 10.5%  182 步/秒
      · 采样  1024/4096  399 步/秒  已完局 20  回报 +9.20
      · 采样  2048/4096  358 步/秒  已完局 39  回报 +7.26
      · 采样  3072/4096  399 步/秒  已完局 59  回报 +7.86
  upd    6 step   24576  回报 +7.87  胜率 0.54  π损失 +0.0145  V损失 2.2998  熵 0.522  KL +0.04423  规则 10.3%  183 步/秒
      · 采样  1024/4096  380 步/秒  已完局 19  回报 +6.84
      · 采样  2048/4096  401 步/秒  已完局 39  回报 +7.59
      · 采样  3072/4096  402 步/秒  已完局 58  回报 +7.90
  upd    7 step   28672  回报 +8.43  胜率 0.66  π损失 -0.0068  V损失 2.5548  熵 0.501  KL +0.03490  规则 10.7%  184 步/秒
      · 采样  1024/4096  371 步/秒  已完局 20  回报 +5.80
      · 采样  2048/4096  378 步/秒  已完局 39  回报 +7.44
      · 采样  3072/4096  407 步/秒  已完局 59  回报 +8.47
  upd    8 step   32768  回报 +8.11  胜率 0.59  π损失 +0.0020  V损失 2.1750  熵 0.492  KL +0.03473  规则 10.7%  184 步/秒
      · 采样  1024/4096  360 步/秒  已完局 19  回报 +6.32
      · 采样  2048/4096  398 步/秒  已完局 39  回报 +8.33
      · 采样  3072/4096  352 步/秒  已完局 59  回报 +7.27
  upd    9 step   36864  回报 +7.69  胜率 0.53  π损失 +0.0017  V损失 1.8641  熵 0.517  KL +0.04619  规则 10.2%  183 步/秒
      · 采样  1024/4096  392 步/秒  已完局 20  回报 +8.40
      · 采样  2048/4096  369 步/秒  已完局 40  回报 +9.70
      · 采样  3072/4096  372 步/秒  已完局 60  回报 +8.88
  upd   10 step   40960  回报 +8.68  胜率 0.66  π损失 -0.0112  V损失 2.0185  熵 0.496  KL +0.03665  规则 10.3%  183 步/秒
    -> 跳过快照(闸门关(还没评测过,需 >0.50))
      · 采样  1024/4096  359 步/秒  已完局 19  回报 +6.53
      · 采样  2048/4096  380 步/秒  已完局 39  回报 +6.97
      · 采样  3072/4096  370 步/秒  已完局 60  回报 +7.58
  upd   11 step   45056  回报 +7.12  胜率 0.50  π损失 -0.0077  V损失 2.0408  熵 0.519  KL +0.03775  规则 11.3%  178 步/秒
      · 采样  1024/4096  260 步/秒  已完局 20  回报 +10.35
      · 采样  2048/4096  342 步/秒  已完局 41  回报 +7.88
      · 采样  3072/4096  374 步/秒  已完局 61  回报 +7.46
  upd   12 step   49152  回报 +7.94  胜率 0.51  π损失 +0.0022  V损失 2.3454  熵 0.464  KL +0.02507  规则 11.0%  178 步/秒
      · 采样  1024/4096  378 步/秒  已完局 20  回报 +4.90
      · 采样  2048/4096  373 步/秒  已完局 40  回报 +5.90
      · 采样  3072/4096  406 步/秒  已完局 60  回报 +6.03
  upd   13 step   53248  回报 +5.95  胜率 0.47  π损失 +0.0006  V损失 1.9174  熵 0.518  KL +0.03821  规则 10.8%  178 步/秒
      · 采样  1024/4096  389 步/秒  已完局 21  回报 +7.95
      · 采样  2048/4096  401 步/秒  已完局 41  回报 +7.54
      · 采样  3072/4096  374 步/秒  已完局 61  回报 +7.38
  upd   14 step   57344  回报 +7.54  胜率 0.57  π损失 -0.0029  V损失 2.0520  熵 0.538  KL +0.04110  规则 11.2%  179 步/秒
      · 采样  1024/4096  397 步/秒  已完局 20  回报 +9.05
      · 采样  2048/4096  407 步/秒  已完局 40  回报 +8.95
      · 采样  3072/4096  392 步/秒  已完局 60  回报 +9.02
  upd   15 step   61440  回报 +8.10  胜率 0.60  π损失 +0.0014  V损失 2.4867  熵 0.502  KL +0.03911  规则 10.9%  180 步/秒
      · 采样  1024/4096  395 步/秒  已完局 21  回报 +6.43
      · 采样  2048/4096  402 步/秒  已完局 41  回报 +7.49
      · 采样  3072/4096  395 步/秒  已完局 61  回报 +7.03
  upd   16 step   65536  回报 +7.40  胜率 0.53  π损失 -0.0077  V损失 2.2519  熵 0.481  KL +0.02286  规则 10.8%  180 步/秒
      · 采样  1024/4096  402 步/秒  已完局 21  回报 +7.05
      · 采样  2048/4096  391 步/秒  已完局 41  回报 +8.12
      · 采样  3072/4096  362 步/秒  已完局 61  回报 +8.66
  upd   17 step   69632  回报 +8.24  胜率 0.65  π损失 +0.0062  V损失 2.3030  熵 0.470  KL +0.02385  规则 12.0%  181 步/秒
      · 采样  1024/4096  402 步/秒  已完局 20  回报 +10.40
      · 采样  2048/4096  387 步/秒  已完局 41  回报 +9.22
      · 采样  3072/4096  383 步/秒  已完局 61  回报 +8.69
  upd   18 step   73728  回报 +8.68  胜率 0.65  π损失 +0.0005  V损失 2.0942  熵 0.450  KL +0.03110  规则 11.2%  180 步/秒
      · 采样  1024/4096  370 步/秒  已完局 21  回报 +10.10
      · 采样  2048/4096  380 步/秒  已完局 42  回报 +8.86
      · 采样  3072/4096  371 步/秒  已完局 62  回报 +8.74
  upd   19 step   77824  回报 +8.63  胜率 0.65  π损失 +0.0065  V损失 1.9202  熵 0.432  KL +0.02912  规则 11.7%  180 步/秒
      · 采样  1024/4096  359 步/秒  已完局 21  回报 +7.10
      · 采样  2048/4096  341 步/秒  已完局 42  回报 +8.17
      · 采样  3072/4096  369 步/秒  已完局 62  回报 +7.69
  upd   20 step   81920  回报 +7.71  胜率 0.59  π损失 -0.0012  V损失 2.1265  熵 0.422  KL +0.02321  规则 11.9%  180 步/秒
  ── 评测(update 20)──
     official_baseline 得分率 0.875  (35胜/0平/5负)  净胜分 +6.30  回报 +14.60
     official_hunter 得分率 0.700  (28胜/0平/12负)  净胜分 +2.62  回报 +11.85
     official_stalker 得分率 1.000  (40胜/0平/0负)  净胜分 +12.25  回报 +15.12
     official_patrol 得分率 1.000  (40胜/0平/0负)  净胜分 +13.80  回报 +14.80
     official_ambusher 得分率 1.000  (40胜/0平/0负)  净胜分 +10.18  回报 +12.38
     official_weaver 得分率 1.000  (40胜/0平/0负)  净胜分 +15.40  回报 +16.75
     rl_v5      得分率 0.250  (10胜/0平/30负)  净胜分 -2.48  回报 +3.65
     m3_v1      得分率 0.525  (21胜/0平/19负)  净胜分 +0.38  回报 +8.70
     m3_v2      得分率 0.375  (15胜/0平/25负)  净胜分 -0.88  回报 +7.97
     rl_VG_v0.2 得分率 0.900  (36胜/0平/4负)  净胜分 +4.65  回报 +11.20
     rl_best040 得分率 0.925  (37胜/0平/3负)  净胜分 +4.65  回报 +11.50
     rl_VG_v1.0 得分率 0.450  (18胜/0平/22负)  净胜分 -0.97  回报 +5.42
     快照闸门关(还没评测过,需 >0.50)
     配重 official_baseline=7.1% official_hunter=15.1% official_stalker=1.4% official_patrol=1.4% official_ambusher=1.4% official_weaver=1.4% rl_v5=35.0% rl_VG_v0.2=6.0% rl_best040=4.8% rl_VG_v1.0=26.5%
     ★ 新最优(综合得分率 0.7500)→ best.npz
    -> 加入快照对手,联盟 = ['official_baseline', 'official_hunter', 'official_stalker', 'official_patrol', 'official_ambusher', 'official_weaver', 'rl_v5', 'rl_VG_v0.2', 'rl_best040', 'rl_VG_v1.0', 'snap0']
       采样占比 official_baseline=6.3% official_hunter=13.4% official_stalker=1.2% official_patrol=1.2% official_ambusher=1.2% official_weaver=1.2% rl_v5=31.0% rl_VG_v0.2=5.3% rl_best040=4.3% rl_VG_v1.0=23.5% snap0=11.4%
      · 采样  1024/4096  331 步/秒  已完局 20  回报 +6.65
      · 采样  2048/4096  370 步/秒  已完局 41  回报 +7.12
      · 采样  3072/4096  352 步/秒  已完局 61  回报 +7.28
  upd   21 step   86016  回报 +7.65  胜率 0.54  π损失 -0.0003  V损失 2.6016  熵 0.414  KL +0.03596  规则 11.9%  160 步/秒
      · 采样  1024/4096  377 步/秒  已完局 20  回报 +10.20
      · 采样  2048/4096  374 步/秒  已完局 40  回报 +8.78
      · 采样  3072/4096  381 步/秒  已完局 60  回报 +8.47
  upd   22 step   90112  回报 +8.57  胜率 0.60  π损失 +0.0182  V损失 2.1066  熵 0.448  KL +0.04393  规则 10.8%  161 步/秒
      · 采样  1024/4096  413 步/秒  已完局 20  回报 +8.50
      · 采样  2048/4096  390 步/秒  已完局 40  回报 +9.35
      · 采样  3072/4096  366 步/秒  已完局 60  回报 +9.70
  upd   23 step   94208  回报 +9.15  胜率 0.57  π损失 +0.0101  V损失 2.6187  熵 0.400  KL +0.03097  规则 11.3%  162 步/秒
      · 采样  1024/4096  369 步/秒  已完局 20  回报 +7.70
      · 采样  2048/4096  398 步/秒  已完局 40  回报 +8.38
      · 采样  3072/4096  411 步/秒  已完局 60  回报 +8.15
  upd   24 step   98304  回报 +8.57  胜率 0.61  π损失 +0.0002  V损失 2.8754  熵 0.443  KL +0.03748  规则 10.8%  163 步/秒
      · 采样  1024/4096  367 步/秒  已完局 20  回报 +9.65
      · 采样  2048/4096  377 步/秒  已完局 40  回报 +9.05
      · 采样  3072/4096  374 步/秒  已完局 60  回报 +8.82
  upd   25 step  102400  回报 +8.71  胜率 0.62  π损失 -0.0100  V损失 2.1715  熵 0.427  KL +0.03245  规则 10.7%  164 步/秒
      · 采样  1024/4096  364 步/秒  已完局 20  回报 +7.55
      · 采样  2048/4096  387 步/秒  已完局 40  回报 +9.35
      · 采样  3072/4096  394 步/秒  已完局 60  回报 +8.88
  upd   26 step  106496  回报 +8.66  胜率 0.60  π损失 +0.0035  V损失 2.3497  熵 0.394  KL +0.02144  规则 10.3%  165 步/秒
      · 采样  1024/4096  361 步/秒  已完局 20  回报 +7.65
      · 采样  2048/4096  399 步/秒  已完局 40  回报 +9.68
      · 采样  3072/4096  406 步/秒  已完局 60  回报 +10.10
  upd   27 step  110592  回报 +9.59  胜率 0.56  π损失 +0.0017  V损失 3.1176  熵 0.417  KL +0.02596  规则 10.7%  166 步/秒
      · 采样  1024/4096  391 步/秒  已完局 20  回报 +7.40
      · 采样  2048/4096  384 步/秒  已完局 41  回报 +8.78
      · 采样  3072/4096  345 步/秒  已完局 61  回报 +9.49
  upd   28 step  114688  回报 +9.68  胜率 0.68  π损失 +0.0207  V损失 3.1501  熵 0.415  KL +0.02745  规则 11.5%  166 步/秒
      · 采样  1024/4096  366 步/秒  已完局 20  回报 +7.30
      · 采样  2048/4096  374 步/秒  已完局 40  回报 +9.45
      · 采样  3072/4096  359 步/秒  已完局 60  回报 +9.37
  upd   29 step  118784  回报 +9.43  胜率 0.64  π损失 +0.0112  V损失 2.7024  熵 0.412  KL +0.01852  规则 11.0%  167 步/秒
      · 采样  1024/4096  454 步/秒  已完局 20  回报 +11.45
      · 采样  2048/4096  446 步/秒  已完局 41  回报 +10.93
      · 采样  3072/4096  434 步/秒  已完局 61  回报 +10.44
  upd   30 step  122880  回报 +10.10  胜率 0.73  π损失 +0.0073  V损失 2.3571  熵 0.402  KL +0.02987  规则 10.6%  168 步/秒
    -> 加入快照对手,联盟 = ['official_baseline', 'official_hunter', 'official_stalker', 'official_patrol', 'official_ambusher', 'official_weaver', 'rl_v5', 'rl_VG_v0.2', 'rl_best040', 'rl_VG_v1.0', 'snap0', 'snap1']
       采样占比 official_baseline=5.6% official_hunter=12.0% official_stalker=1.1% official_patrol=1.1% official_ambusher=1.1% official_weaver=1.1% rl_v5=27.9% rl_VG_v0.2=4.7% rl_best040=3.8% rl_VG_v1.0=21.1% snap0=10.2% snap1=10.2%
      · 采样  1024/4096  427 步/秒  已完局 20  回报 +6.85
      · 采样  2048/4096  419 步/秒  已完局 41  回报 +8.32
      · 采样  3072/4096  417 步/秒  已完局 61  回报 +7.66
  upd   31 step  126976  回报 +7.05  胜率 0.54  π损失 -0.0134  V损失 1.9413  熵 0.417  KL +0.02693  规则 10.9%  169 步/秒
      · 采样  1024/4096  442 步/秒  已完局 21  回报 +8.81
      · 采样  2048/4096  405 步/秒  已完局 41  回报 +8.46
      · 采样  3072/4096  428 步/秒  已完局 62  回报 +8.53
  upd   32 step  131072  回报 +8.42  胜率 0.65  π损失 -0.0038  V损失 2.0145  熵 0.392  KL +0.03501  规则 10.7%  170 步/秒
      · 采样  1024/4096  451 步/秒  已完局 21  回报 +11.52
      · 采样  2048/4096  387 步/秒  已完局 41  回报 +11.32
      · 采样  3072/4096  428 步/秒  已完局 61  回报 +10.61
  upd   33 step  135168  回报 +10.27  胜率 0.77  π损失 +0.0109  V损失 2.0184  熵 0.423  KL +0.03542  规则 10.8%  172 步/秒
      · 采样  1024/4096  447 步/秒  已完局 20  回报 +10.20
      · 采样  2048/4096  431 步/秒  已完局 40  回报 +10.53
      · 采样  3072/4096  413 步/秒  已完局 61  回报 +10.18
  upd   34 step  139264  回报 +10.91  胜率 0.78  π损失 +0.0014  V损失 2.4429  熵 0.377  KL +0.02723  规则 11.1%  173 步/秒
      · 采样  1024/4096  409 步/秒  已完局 20  回报 +10.10
      · 采样  2048/4096  450 步/秒  已完局 40  回报 +10.40
      · 采样  3072/4096  422 步/秒  已完局 60  回报 +11.05
  upd   35 step  143360  回报 +10.76  胜率 0.80  π损失 -0.0010  V损失 2.0245  熵 0.426  KL +0.02544  规则 10.4%  174 步/秒
      · 采样  1024/4096  376 步/秒  已完局 21  回报 +10.67
      · 采样  2048/4096  414 步/秒  已完局 41  回报 +10.20
      · 采样  3072/4096  405 步/秒  已完局 61  回报 +10.98
  upd   36 step  147456  回报 +10.74  胜率 0.76  π损失 -0.0029  V损失 2.5584  熵 0.364  KL +0.02743  规则 11.4%  175 步/秒
      · 采样  1024/4096  403 步/秒  已完局 20  回报 +12.85
      · 采样  2048/4096  381 步/秒  已完局 41  回报 +12.56
      · 采样  3072/4096  437 步/秒  已完局 61  回报 +12.49
  upd   37 step  151552  回报 +12.24  胜率 0.83  π损失 +0.0073  V损失 2.6376  熵 0.349  KL +0.02140  规则 11.3%  175 步/秒
      · 采样  1024/4096  429 步/秒  已完局 20  回报 +10.35
      · 采样  2048/4096  442 步/秒  已完局 41  回报 +10.80
      · 采样  3072/4096  430 步/秒  已完局 61  回报 +10.93
  upd   38 step  155648  回报 +10.78  胜率 0.83  π损失 +0.0238  V损失 2.3938  熵 0.356  KL +0.04449  规则 11.3%  176 步/秒
      · 采样  1024/4096  425 步/秒  已完局 20  回报 +12.30
      · 采样  2048/4096  398 步/秒  已完局 41  回报 +10.90
      · 采样  3072/4096  440 步/秒  已完局 61  回报 +11.51
  upd   39 step  159744  回报 +11.49  胜率 0.78  π损失 -0.0033  V损失 2.2220  熵 0.338  KL +0.03154  规则 11.4%  177 步/秒
      · 采样  1024/4096  463 步/秒  已完局 21  回报 +10.29
      · 采样  2048/4096  436 步/秒  已完局 41  回报 +10.95
      · 采样  3072/4096  411 步/秒  已完局 61  回报 +10.82
  upd   40 step  163840  回报 +11.55  胜率 0.77  π损失 -0.0022  V损失 2.1749  熵 0.364  KL +0.03904  规则 11.3%  178 步/秒
  ── 评测(update 40)──
     official_baseline 得分率 0.900  (36胜/0平/4负)  净胜分 +9.45  回报 +17.45
     official_hunter 得分率 0.925  (37胜/0平/3负)  净胜分 +6.03  回报 +14.40
     official_stalker 得分率 1.000  (40胜/0平/0负)  净胜分 +9.53  回报 +13.22
     official_patrol 得分率 0.988  (39胜/1平/0负)  净胜分 +16.15  回报 +17.12
     official_ambusher 得分率 0.950  (38胜/0平/2负)  净胜分 +8.70  回报 +11.47
     official_weaver 得分率 1.000  (40胜/0平/0负)  净胜分 +12.07  回报 +14.00
     rl_v5      得分率 0.525  (21胜/0平/19负)  净胜分 +1.18  回报 +6.12
     m3_v1      得分率 0.550  (22胜/0平/18负)  净胜分 +0.07  回报 +8.65
     m3_v2      得分率 0.750  (30胜/0平/10负)  净胜分 +4.00  回报 +11.88
     rl_VG_v0.2 得分率 0.925  (37胜/0平/3负)  净胜分 +4.95  回报 +11.25
     rl_best040 得分率 0.975  (39胜/0平/1负)  净胜分 +6.12  回报 +12.28
     rl_VG_v1.0 得分率 0.925  (37胜/0平/3负)  净胜分 +10.35  回报 +15.55
     快照闸门开(官方胜率 0.608,需 >0.50)
     配重 official_baseline=6.7% official_hunter=11.0% official_stalker=1.4% official_patrol=1.6% official_ambusher=2.3% official_weaver=1.4% rl_v5=27.9% rl_VG_v0.2=5.5% rl_best040=3.9% rl_VG_v1.0=17.9% snap0=10.2% snap1=10.2%
     ★ 新最优(综合得分率 0.8677)→ best.npz
    -> 加入快照对手,联盟 = ['official_baseline', 'official_hunter', 'official_stalker', 'official_patrol', 'official_ambusher', 'official_weaver', 'rl_v5', 'rl_VG_v0.2', 'rl_best040', 'rl_VG_v1.0', 'snap1', 'snap2']
       采样占比 official_baseline=6.7% official_hunter=11.0% official_stalker=1.4% official_patrol=1.6% official_ambusher=2.3% official_weaver=1.4% rl_v5=27.9% rl_VG_v0.2=5.5% rl_best040=3.9% rl_VG_v1.0=17.9% snap1=10.2% snap2=10.2%
      · 采样  1024/4096  456 步/秒  已完局 21  回报 +11.48
      · 采样  2048/4096  455 步/秒  已完局 42  回报 +11.26
      · 采样  3072/4096  440 步/秒  已完局 63  回报 +11.49
  upd   41 step  167936  回报 +11.02  胜率 0.76  π损失 +0.0107  V损失 2.3162  熵 0.322  KL +0.02174  规则 12.3%  170 步/秒
      · 采样  1024/4096  432 步/秒  已完局 21  回报 +12.14
      · 采样  2048/4096  426 步/秒  已完局 41  回报 +12.34
      · 采样  3072/4096  422 步/秒  已完局 62  回报 +11.44
  upd   42 step  172032  回报 +11.13  胜率 0.78  π损失 -0.0009  V损失 2.5539  熵 0.329  KL +0.02158  规则 12.5%  171 步/秒
      · 采样  1024/4096  422 步/秒  已完局 21  回报 +10.52
      · 采样  2048/4096  352 步/秒  已完局 41  回报 +9.24
      · 采样  3072/4096  361 步/秒  已完局 61  回报 +9.15
  upd   43 step  176128  回报 +9.43  胜率 0.65  π损失 +0.0068  V损失 2.8085  熵 0.314  KL +0.03159  规则 10.8%  171 步/秒
      · 采样  1024/4096  391 步/秒  已完局 21  回报 +8.62
      · 采样  2048/4096  407 步/秒  已完局 41  回报 +8.15
      · 采样  3072/4096  394 步/秒  已完局 62  回报 +8.82
  upd   44 step  180224  回报 +9.18  胜率 0.70  π损失 -0.0087  V损失 2.1454  熵 0.322  KL +0.02840  规则 11.3%  172 步/秒
      · 采样  1024/4096  421 步/秒  已完局 20  回报 +10.55
      · 采样  2048/4096  382 步/秒  已完局 41  回报 +10.41
      · 采样  3072/4096  385 步/秒  已完局 61  回报 +9.54
  upd   45 step  184320  回报 +9.57  胜率 0.66  π损失 +0.0133  V损失 2.3629  熵 0.354  KL +0.04899  规则 11.9%  173 步/秒
      · 采样  1024/4096  363 步/秒  已完局 20  回报 +12.05
      · 采样  2048/4096  340 步/秒  已完局 40  回报 +10.82
      · 采样  3072/4096  364 步/秒  已完局 60  回报 +10.23
  upd   46 step  188416  回报 +9.61  胜率 0.73  π损失 -0.0015  V损失 2.1164  熵 0.382  KL +0.02621  规则 11.7%  173 步/秒
      · 采样  1024/4096  352 步/秒  已完局 21  回报 +9.33
      · 采样  2048/4096  334 步/秒  已完局 41  回报 +9.49
      · 采样  3072/4096  369 步/秒  已完局 61  回报 +9.79
  upd   47 step  192512  回报 +9.46  胜率 0.68  π损失 -0.0029  V损失 2.3201  熵 0.339  KL +0.03418  规则 11.9%  173 步/秒
      · 采样  1024/4096  361 步/秒  已完局 20  回报 +11.55
      · 采样  2048/4096  359 步/秒  已完局 41  回报 +11.78
      · 采样  3072/4096  351 步/秒  已完局 60  回报 +10.95
  upd   48 step  196608  回报 +10.48  胜率 0.79  π损失 -0.0073  V损失 2.2779  熵 0.315  KL +0.02367  规则 12.2%  173 步/秒
      · 采样  1024/4096  409 步/秒  已完局 20  回报 +10.00
      · 采样  2048/4096  458 步/秒  已完局 40  回报 +10.18
      · 采样  3072/4096  382 步/秒  已完局 60  回报 +10.32
  upd   49 step  200704  回报 +10.24  胜率 0.70  π损失 -0.0005  V损失 2.3696  熵 0.318  KL +0.02494  规则 12.0%  174 步/秒
  ── 评测(update 49)──
     official_baseline 得分率 1.000  (40胜/0平/0负)  净胜分 +8.50  回报 +16.60
     official_hunter 得分率 0.775  (31胜/0平/9负)  净胜分 +3.88  回报 +12.38
     official_stalker 得分率 1.000  (40胜/0平/0负)  净胜分 +6.65  回报 +10.60
     official_patrol 得分率 1.000  (40胜/0平/0负)  净胜分 +22.35  回报 +23.35
     official_ambusher 得分率 0.975  (39胜/0平/1负)  净胜分 +6.28  回报 +9.90
     official_weaver 得分率 1.000  (40胜/0平/0负)  净胜分 +10.55  回报 +12.62
     rl_v5      得分率 0.525  (21胜/0平/19负)  净胜分 +0.88  回报 +5.83
     m3_v1      得分率 0.250  (10胜/0平/30负)  净胜分 -1.95  回报 +6.47
     m3_v2      得分率 0.600  (24胜/0平/16负)  净胜分 +1.50  回报 +10.18
     rl_VG_v0.2 得分率 0.675  (27胜/0平/13负)  净胜分 +3.88  回报 +9.85
     rl_best040 得分率 0.550  (22胜/0平/18负)  净胜分 +0.47  回报 +7.40
     rl_VG_v1.0 得分率 1.000  (40胜/0平/0负)  净胜分 +11.65  回报 +16.50
     快照闸门开(官方胜率 0.783,需 >0.50)
     配重 official_baseline=4.4% official_hunter=10.9% official_stalker=1.3% official_patrol=1.5% official_ambusher=2.3% official_weaver=1.3% rl_v5=26.8% rl_VG_v0.2=9.5% rl_best040=10.8% rl_VG_v1.0=10.9% snap1=10.2% snap2=10.2%
[rl_monet_v1] 完成:200704 步,权重在 runs\v2.2\final.npz
[rl_monet_v1] 曲线已写入 runs\v2.2\curves.png
