[rl_monet_v1] 从参赛包 rl_VG_v1.0 起步:D:\WorkFile\Sentry_Dual\rl_monet_v1\rl_VG_v1.0
   架构 gru:已继承编码器与三个头(16 个张量),GRU(隐 128)与 P/bP 全新且 P/bP 为零 —— 初始前向逐位等于 rl_VG_v1.0
[rl_monet_v1] run=v2.3 输出=runs\v2.3
  网络 428->512x3->8  联盟 ['official_baseline', 'official_hunter', 'official_stalker', 'official_patrol', 'official_ambusher', 'official_weaver', 'rl_v5', 'rl_VG_v0.2', 'rl_best040', 'rl_VG_v1.0']  目标步数 400000
  采样占比 official_baseline=3.8% official_hunter=3.8% official_stalker=3.8% official_patrol=3.8% official_ambusher=3.8% official_weaver=3.8% rl_v5=25.6% rl_VG_v0.2=12.8% rl_best040=12.8% rl_VG_v1.0=25.6%
      · 采样  1024/4096  280 步/秒  已完局 19  回报 +12.63
      · 采样  2048/4096  388 步/秒  已完局 37  回报 +11.19
      · 采样  3072/4096  394 步/秒  已完局 56  回报 +10.96
  upd    1 step    4096  回报 +10.56  胜率 0.77  π损失 +0.0043  V损失 2.4311  熵 0.367  KL +0.05470  规则 10.4%  185 步/秒
      · 采样  1024/4096  395 步/秒  已完局 19  回报 +12.37
      · 采样  2048/4096  394 步/秒  已完局 37  回报 +11.78
      · 采样  3072/4096  403 步/秒  已完局 56  回报 +11.45
  upd    2 step    8192  回报 +11.57  胜率 0.79  π损失 -0.0030  V损失 2.7593  熵 0.362  KL +0.03564  规则 11.3%  190 步/秒
      · 采样  1024/4096  390 步/秒  已完局 19  回报 +11.21
      · 采样  2048/4096  361 步/秒  已完局 38  回报 +10.50
      · 采样  3072/4096  389 步/秒  已完局 57  回报 +10.60
  upd    3 step   12288  回报 +10.97  胜率 0.77  π损失 +0.0082  V损失 2.5293  熵 0.358  KL +0.03986  规则 11.5%  189 步/秒
      · 采样  1024/4096  395 步/秒  已完局 19  回报 +10.53
      · 采样  2048/4096  383 步/秒  已完局 38  回报 +11.03
      · 采样  3072/4096  380 步/秒  已完局 58  回报 +10.90
  upd    4 step   16384  回报 +11.35  胜率 0.81  π损失 -0.0055  V损失 2.1165  熵 0.387  KL +0.04428  规则 11.0%  190 步/秒
      · 采样  1024/4096  399 步/秒  已完局 19  回报 +12.47
      · 采样  2048/4096  402 步/秒  已完局 39  回报 +12.72
      · 采样  3072/4096  397 步/秒  已完局 58  回报 +11.12
  upd    5 step   20480  回报 +10.81  胜率 0.79  π损失 -0.0205  V损失 2.0748  熵 0.360  KL +0.04787  规则 11.3%  190 步/秒
      · 采样  1024/4096  390 步/秒  已完局 19  回报 +11.16
      · 采样  2048/4096  403 步/秒  已完局 39  回报 +11.74
      · 采样  3072/4096  371 步/秒  已完局 57  回报 +11.40
  upd    6 step   24576  回报 +11.84  胜率 0.90  π损失 +0.0075  V损失 2.0778  熵 0.347  KL +0.04535  规则 11.6%  189 步/秒
      · 采样  1024/4096  401 步/秒  已完局 20  回报 +10.80
      · 采样  2048/4096  382 步/秒  已完局 39  回报 +11.21
      · 采样  3072/4096  398 步/秒  已完局 59  回报 +11.93
  upd    7 step   28672  回报 +11.78  胜率 0.86  π损失 +0.0063  V损失 2.8305  熵 0.319  KL +0.02921  规则 11.5%  189 步/秒
      · 采样  1024/4096  385 步/秒  已完局 19  回报 +10.89
      · 采样  2048/4096  366 步/秒  已完局 38  回报 +10.29
      · 采样  3072/4096  428 步/秒  已完局 58  回报 +11.62
  upd    8 step   32768  回报 +11.62  胜率 0.83  π损失 +0.0081  V损失 2.4309  熵 0.324  KL +0.04450  规则 11.5%  189 步/秒
      · 采样  1024/4096  352 步/秒  已完局 19  回报 +9.16
      · 采样  2048/4096  387 步/秒  已完局 39  回报 +9.69
      · 采样  3072/4096  355 步/秒  已完局 58  回报 +9.74
  upd    9 step   36864  回报 +9.92  胜率 0.75  π损失 +0.0023  V损失 1.8726  熵 0.292  KL +0.03272  规则 10.7%  188 步/秒
      · 采样  1024/4096  364 步/秒  已完局 19  回报 +11.68
      · 采样  2048/4096  373 步/秒  已完局 39  回报 +13.00
      · 采样  3072/4096  380 步/秒  已完局 58  回报 +12.64
  upd   10 step   40960  回报 +12.29  胜率 0.82  π损失 +0.0029  V损失 2.6250  熵 0.306  KL +0.03321  规则 12.1%  188 步/秒
    -> 跳过快照(闸门关(还没评测过,需 >0.50))
      · 采样  1024/4096  400 步/秒  已完局 20  回报 +14.40
      · 采样  2048/4096  382 步/秒  已完局 40  回报 +13.05
      · 采样  3072/4096  392 步/秒  已完局 59  回报 +12.73
  upd   11 step   45056  回报 +12.35  胜率 0.87  π损失 +0.0008  V损失 2.4990  熵 0.270  KL +0.02790  规则 12.2%  188 步/秒
      · 采样  1024/4096  382 步/秒  已完局 20  回报 +13.15
      · 采样  2048/4096  416 步/秒  已完局 40  回报 +13.95
      · 采样  3072/4096  369 步/秒  已完局 59  回报 +13.53
  upd   12 step   49152  回报 +13.09  胜率 0.87  π损失 +0.0056  V损失 2.2233  熵 0.293  KL +0.03957  规则 12.7%  188 步/秒
      · 采样  1024/4096  373 步/秒  已完局 21  回报 +12.71
      · 采样  2048/4096  367 步/秒  已完局 41  回报 +12.05
      · 采样  3072/4096  366 步/秒  已完局 62  回报 +11.97
  upd   13 step   53248  回报 +12.28  胜率 0.82  π损失 +0.0126  V损失 3.0639  熵 0.302  KL +0.04829  规则 13.2%  188 步/秒
      · 采样  1024/4096  394 步/秒  已完局 20  回报 +13.10
      · 采样  2048/4096  388 步/秒  已完局 40  回报 +12.60
      · 采样  3072/4096  394 步/秒  已完局 60  回报 +12.80
  upd   14 step   57344  回报 +12.97  胜率 0.93  π损失 +0.0005  V损失 1.9994  熵 0.293  KL +0.03741  规则 12.5%  188 步/秒
      · 采样  1024/4096  404 步/秒  已完局 20  回报 +14.05
      · 采样  2048/4096  398 步/秒  已完局 39  回报 +12.59
      · 采样  3072/4096  389 步/秒  已完局 60  回报 +13.40
  upd   15 step   61440  回报 +13.60  胜率 0.91  π损失 -0.0084  V损失 2.3151  熵 0.294  KL +0.02541  规则 13.2%  188 步/秒
      · 采样  1024/4096  387 步/秒  已完局 20  回报 +12.20
      · 采样  2048/4096  391 步/秒  已完局 41  回报 +12.22
      · 采样  3072/4096  391 步/秒  已完局 62  回报 +12.19
  upd   16 step   65536  回报 +12.56  胜率 0.80  π损失 -0.0036  V损失 3.6044  熵 0.286  KL +0.04106  规则 13.6%  188 步/秒
      · 采样  1024/4096  389 步/秒  已完局 21  回报 +15.38
      · 采样  2048/4096  418 步/秒  已完局 41  回报 +15.51
      · 采样  3072/4096  390 步/秒  已完局 61  回报 +14.72
  upd   17 step   69632  回报 +14.43  胜率 0.90  π损失 +0.0092  V损失 3.1905  熵 0.286  KL +0.03219  规则 13.3%  188 步/秒
      · 采样  1024/4096  385 步/秒  已完局 20  回报 +15.35
      · 采样  2048/4096  427 步/秒  已完局 39  回报 +14.46
      · 采样  3072/4096  399 步/秒  已完局 59  回报 +14.98
  upd   18 step   73728  回报 +14.56  胜率 0.96  π损失 +0.0028  V损失 2.1039  熵 0.296  KL +0.02077  规则 13.5%  188 步/秒
      · 采样  1024/4096  378 步/秒  已完局 21  回报 +13.48
      · 采样  2048/4096  392 步/秒  已完局 41  回报 +13.59
      · 采样  3072/4096  397 步/秒  已完局 62  回报 +13.05
  upd   19 step   77824  回报 +13.84  胜率 0.89  π损失 -0.0013  V损失 2.5042  熵 0.313  KL +0.03207  规则 13.3%  188 步/秒
      · 采样  1024/4096  398 步/秒  已完局 20  回报 +15.70
      · 采样  2048/4096  389 步/秒  已完局 41  回报 +15.00
      · 采样  3072/4096  364 步/秒  已完局 61  回报 +13.82
  upd   20 step   81920  回报 +13.88  胜率 0.94  π损失 +0.0076  V损失 2.1380  熵 0.279  KL +0.03014  规则 13.0%  187 步/秒
  ── 评测(update 20)──
     official_baseline 得分率 1.000  (40胜/0平/0负)  净胜分 +9.53  回报 +16.62
     official_hunter 得分率 0.725  (29胜/0平/11负)  净胜分 +3.17  回报 +11.25
     official_stalker 得分率 1.000  (40胜/0平/0负)  净胜分 +15.72  回报 +19.93
     official_patrol 得分率 1.000  (40胜/0平/0负)  净胜分 +34.00  回报 +35.00
     official_ambusher 得分率 1.000  (40胜/0平/0负)  净胜分 +15.40  回报 +19.48
     official_weaver 得分率 1.000  (40胜/0平/0负)  净胜分 +17.57  回报 +19.77
     rl_v5      得分率 0.975  (39胜/0平/1负)  净胜分 +7.78  回报 +11.95
     m3_v1      得分率 0.525  (21胜/0平/19负)  净胜分 +0.60  回报 +9.32
     m3_v2      得分率 0.500  (20胜/0平/20负)  净胜分 +0.68  回报 +9.80
     rl_VG_v0.2 得分率 1.000  (40胜/0平/0负)  净胜分 +4.75  回报 +10.97
     rl_best040 得分率 0.975  (39胜/0平/1负)  净胜分 +5.25  回报 +12.38
     rl_VG_v1.0 得分率 0.850  (34胜/0平/6负)  净胜分 +9.50  回报 +14.57
     快照闸门关(还没评测过,需 >0.50)
     配重 official_baseline=4.1% official_hunter=35.0% official_stalker=4.1% official_patrol=4.1% official_ambusher=4.1% official_weaver=4.1% rl_v5=7.6% rl_VG_v0.2=4.1% rl_best040=7.6% rl_VG_v1.0=24.9%
     ★ 新最优(综合得分率 0.8792)→ best.npz
    -> 加入快照对手,联盟 = ['official_baseline', 'official_hunter', 'official_stalker', 'official_patrol', 'official_ambusher', 'official_weaver', 'rl_v5', 'rl_VG_v0.2', 'rl_best040', 'rl_VG_v1.0', 'snap0']
       采样占比 official_baseline=3.7% official_hunter=31.0% official_stalker=3.7% official_patrol=3.7% official_ambusher=3.7% official_weaver=3.7% rl_v5=6.7% rl_VG_v0.2=3.7% rl_best040=6.7% rl_VG_v1.0=22.1% snap0=11.4%
      · 采样  1024/4096  395 步/秒  已完局 19  回报 +13.11
      · 采样  2048/4096  359 步/秒  已完局 40  回报 +13.35
      · 采样  3072/4096  389 步/秒  已完局 60  回报 +13.68
  upd   21 step   86016  回报 +14.29  胜率 0.84  π损失 -0.0014  V损失 3.3930  熵 0.286  KL +0.01949  规则 13.0%  166 步/秒
      · 采样  1024/4096  425 步/秒  已完局 20  回报 +12.20
      · 采样  2048/4096  374 步/秒  已完局 41  回报 +12.54
      · 采样  3072/4096  404 步/秒  已完局 61  回报 +14.08
  upd   22 step   90112  回报 +14.40  胜率 0.88  π损失 -0.0056  V损失 3.3647  熵 0.271  KL +0.02861  规则 13.7%  167 步/秒
      · 采样  1024/4096  405 步/秒  已完局 22  回报 +14.27
      · 采样  2048/4096  422 步/秒  已完局 42  回报 +14.74
      · 采样  3072/4096  399 步/秒  已完局 63  回报 +14.51
  upd   23 step   94208  回报 +13.23  胜率 0.79  π损失 -0.0006  V损失 3.7021  熵 0.292  KL +0.01866  规则 13.6%  168 步/秒
      · 采样  1024/4096  459 步/秒  已完局 20  回报 +13.75
      · 采样  2048/4096  430 步/秒  已完局 41  回报 +14.63
      · 采样  3072/4096  430 步/秒  已完局 61  回报 +13.95
  upd   24 step   98304  回报 +13.58  胜率 0.83  π损失 +0.0028  V损失 2.8795  熵 0.299  KL +0.02416  规则 13.0%  169 步/秒
      · 采样  1024/4096  397 步/秒  已完局 21  回报 +12.90
      · 采样  2048/4096  403 步/秒  已完局 42  回报 +12.62
      · 采样  3072/4096  425 步/秒  已完局 62  回报 +13.19
  upd   25 step  102400  回报 +13.29  胜率 0.79  π损失 +0.0052  V损失 3.3157  熵 0.258  KL +0.03353  规则 12.4%  170 步/秒
      · 采样  1024/4096  423 步/秒  已完局 20  回报 +13.05
      · 采样  2048/4096  392 步/秒  已完局 42  回报 +13.88
      · 采样  3072/4096  448 步/秒  已完局 62  回报 +14.34
  upd   26 step  106496  回报 +14.39  胜率 0.89  π损失 -0.0021  V损失 2.6266  熵 0.257  KL +0.01677  规则 13.7%  171 步/秒
      · 采样  1024/4096  392 步/秒  已完局 22  回报 +14.68
      · 采样  2048/4096  411 步/秒  已完局 43  回报 +13.84
      · 采样  3072/4096  462 步/秒  已完局 65  回报 +14.40
  upd   27 step  110592  回报 +14.32  胜率 0.84  π损失 +0.0133  V损失 3.5040  熵 0.253  KL +0.03379  规则 14.5%  171 步/秒
      · 采样  1024/4096  441 步/秒  已完局 22  回报 +14.41
      · 采样  2048/4096  444 步/秒  已完局 44  回报 +12.57
      · 采样  3072/4096  447 步/秒  已完局 65  回报 +12.25
  upd   28 step  114688  回报 +12.11  胜率 0.78  π损失 -0.0100  V损失 3.0623  熵 0.269  KL +0.02740  规则 13.1%  172 步/秒
      · 采样  1024/4096  396 步/秒  已完局 22  回报 +13.77
      · 采样  2048/4096  392 步/秒  已完局 43  回报 +13.12
      · 采样  3072/4096  403 步/秒  已完局 65  回报 +12.17
  upd   29 step  118784  回报 +12.58  胜率 0.74  π损失 -0.0022  V损失 3.3719  熵 0.279  KL +0.04408  规则 14.1%  172 步/秒
      · 采样  1024/4096  437 步/秒  已完局 21  回报 +11.52
      · 采样  2048/4096  379 步/秒  已完局 43  回报 +10.58
      · 采样  3072/4096  399 步/秒  已完局 64  回报 +11.27
  upd   30 step  122880  回报 +11.98  胜率 0.76  π损失 -0.0040  V损失 3.1323  熵 0.304  KL +0.05469  规则 13.0%  172 步/秒
    -> 加入快照对手,联盟 = ['official_baseline', 'official_hunter', 'official_stalker', 'official_patrol', 'official_ambusher', 'official_weaver', 'rl_v5', 'rl_VG_v0.2', 'rl_best040', 'rl_VG_v1.0', 'snap0', 'snap1']
       采样占比 official_baseline=3.3% official_hunter=27.9% official_stalker=3.3% official_patrol=3.3% official_ambusher=3.3% official_weaver=3.3% rl_v5=6.1% rl_VG_v0.2=3.3% rl_best040=6.1% rl_VG_v1.0=19.8% snap0=10.2% snap1=10.2%
      · 采样  1024/4096  369 步/秒  已完局 22  回报 +7.55
      · 采样  2048/4096  394 步/秒  已完局 45  回报 +8.38
      · 采样  3072/4096  366 步/秒  已完局 67  回报 +8.69
  upd   31 step  126976  回报 +9.07  胜率 0.52  π损失 +0.0090  V损失 4.1527  熵 0.328  KL +0.06923  规则 14.9%  172 步/秒
      · 采样  1024/4096  367 步/秒  已完局 22  回报 +12.09
      · 采样  2048/4096  417 步/秒  已完局 43  回报 +12.42
      · 采样  3072/4096  349 步/秒  已完局 65  回报 +12.98
  upd   32 step  131072  回报 +13.84  胜率 0.84  π损失 +0.0102  V损失 3.5690  熵 0.269  KL +0.04463  规则 14.8%  173 步/秒
      · 采样  1024/4096  360 步/秒  已完局 21  回报 +11.43
      · 采样  2048/4096  355 步/秒  已完局 42  回报 +13.50
      · 采样  3072/4096  406 步/秒  已完局 64  回报 +14.50
  upd   33 step  135168  回报 +14.54  胜率 0.76  π损失 +0.0110  V损失 3.9374  熵 0.281  KL +0.02381  规则 13.7%  173 步/秒
      · 采样  1024/4096  397 步/秒  已完局 22  回报 +15.77
      · 采样  2048/4096  394 步/秒  已完局 42  回报 +13.38
      · 采样  3072/4096  389 步/秒  已完局 63  回报 +13.37
  upd   34 step  139264  回报 +14.21  胜率 0.82  π损失 +0.0040  V损失 4.3451  熵 0.269  KL +0.02194  规则 14.0%  173 步/秒
      · 采样  1024/4096  425 步/秒  已完局 20  回报 +12.10
      · 采样  2048/4096  394 步/秒  已完局 41  回报 +13.27
      · 采样  3072/4096  380 步/秒  已完局 63  回报 +14.27
  upd   35 step  143360  回报 +14.77  胜率 0.87  π损失 -0.0028  V损失 3.3443  熵 0.269  KL +0.02617  规则 14.0%  173 步/秒
      · 采样  1024/4096  353 步/秒  已完局 22  回报 +16.68
      · 采样  2048/4096  402 步/秒  已完局 44  回报 +16.02
      · 采样  3072/4096  370 步/秒  已完局 66  回报 +16.56
  upd   36 step  147456  回报 +15.64  胜率 0.86  π损失 -0.0011  V损失 4.3462  熵 0.275  KL +0.02839  规则 14.2%  173 步/秒
      · 采样  1024/4096  381 步/秒  已完局 22  回报 +14.23
      · 采样  2048/4096  322 步/秒  已完局 44  回报 +12.61
      · 采样  3072/4096  446 步/秒  已完局 65  回报 +13.68
  upd   37 step  151552  回报 +14.50  胜率 0.85  π损失 +0.0066  V损失 3.8264  熵 0.239  KL +0.02310  规则 14.5%  173 步/秒
      · 采样  1024/4096  355 步/秒  已完局 21  回报 +12.67
      · 采样  2048/4096  364 步/秒  已完局 43  回报 +13.14
      · 采样  3072/4096  372 步/秒  已完局 65  回报 +13.51
  upd   38 step  155648  回报 +13.64  胜率 0.78  π损失 -0.0029  V损失 4.1378  熵 0.247  KL +0.03627  规则 14.3%  173 步/秒
      · 采样  1024/4096  402 步/秒  已完局 21  回报 +13.95
      · 采样  2048/4096  386 步/秒  已完局 43  回报 +14.26
      · 采样  3072/4096  405 步/秒  已完局 65  回报 +15.05
  upd   39 step  159744  回报 +15.38  胜率 0.91  π损失 +0.0033  V损失 3.1705  熵 0.215  KL +0.02846  规则 14.0%  173 步/秒
      · 采样  1024/4096  216 步/秒  已完局 22  回报 +17.00
      · 采样  2048/4096  220 步/秒  已完局 44  回报 +16.23
      · 采样  3072/4096  233 步/秒  已完局 66  回报 +14.76
  upd   40 step  163840  回报 +15.17  胜率 0.89  π损失 +0.0087  V损失 3.6432  熵 0.230  KL +0.04320  规则 14.0%  170 步/秒
  ── 评测(update 40)──
     official_baseline 得分率 0.900  (36胜/0平/4负)  净胜分 +8.25  回报 +16.07
     official_hunter 得分率 0.775  (31胜/0平/9负)  净胜分 +3.35  回报 +12.00
     official_stalker 得分率 0.975  (39胜/0平/1负)  净胜分 +8.65  回报 +12.78
     official_patrol 得分率 1.000  (40胜/0平/0负)  净胜分 +21.95  回报 +22.95
     official_ambusher 得分率 1.000  (40胜/0平/0负)  净胜分 +12.05  回报 +15.35
     official_weaver 得分率 1.000  (40胜/0平/0负)  净胜分 +15.05  回报 +17.27
     rl_v5      得分率 0.500  (20胜/0平/20负)  净胜分 -0.95  回报 +5.28
     m3_v1      得分率 0.900  (36胜/0平/4负)  净胜分 +3.73  回报 +11.35
     m3_v2      得分率 0.850  (34胜/0平/6负)  净胜分 +2.25  回报 +11.72
     rl_VG_v0.2 得分率 0.850  (34胜/0平/6负)  净胜分 +4.08  回报 +10.68
     rl_best040 得分率 0.575  (23胜/0平/17负)  净胜分 +0.12  回报 +8.03
     rl_VG_v1.0 得分率 0.900  (36胜/0平/4负)  净胜分 +9.20  回报 +14.93
     快照闸门开(官方胜率 0.900,需 >0.50)
     配重 official_baseline=4.7% official_hunter=19.0% official_stalker=2.7% official_patrol=2.0% official_ambusher=2.0% official_weaver=2.0% rl_v5=16.3% rl_VG_v0.2=6.0% rl_best040=14.3% rl_VG_v1.0=10.7% snap0=10.2% snap1=10.2%
    -> 加入快照对手,联盟 = ['official_baseline', 'official_hunter', 'official_stalker', 'official_patrol', 'official_ambusher', 'official_weaver', 'rl_v5', 'rl_VG_v0.2', 'rl_best040', 'rl_VG_v1.0', 'snap1', 'snap2']
       采样占比 official_baseline=4.7% official_hunter=19.0% official_stalker=2.7% official_patrol=2.0% official_ambusher=2.0% official_weaver=2.0% rl_v5=16.3% rl_VG_v0.2=6.0% rl_best040=14.3% rl_VG_v1.0=10.7% snap1=10.2% snap2=10.2%
      · 采样  1024/4096  188 步/秒  已完局 22  回报 +12.64
      · 采样  2048/4096  193 步/秒  已完局 43  回报 +13.88
      · 采样  3072/4096  208 步/秒  已完局 65  回报 +13.98
  upd   41 step  167936  回报 +14.34  胜率 0.83  π损失 +0.0071  V损失 4.3277  熵 0.270  KL +0.04323  规则 13.2%  152 步/秒
      · 采样  1024/4096  205 步/秒  已完局 21  回报 +11.90
      · 采样  2048/4096  202 步/秒  已完局 43  回报 +13.49
      · 采样  3072/4096  183 步/秒  已完局 65  回报 +12.68
  upd   42 step  172032  回报 +11.83  胜率 0.72  π损失 +0.0030  V损失 4.6482  熵 0.291  KL +0.05784  规则 13.2%  150 步/秒
      · 采样  1024/4096  217 步/秒  已完局 22  回报 +15.27
      · 采样  2048/4096  184 步/秒  已完局 43  回报 +13.93
      · 采样  3072/4096  208 步/秒  已完局 65  回报 +14.03
  upd   43 step  176128  回报 +13.91  胜率 0.83  π损失 +0.0141  V损失 3.6761  熵 0.244  KL +0.05139  规则 13.8%  149 步/秒
      · 采样  1024/4096  216 步/秒  已完局 21  回报 +12.57
      · 采样  2048/4096  216 步/秒  已完局 42  回报 +12.98
      · 采样  3072/4096  201 步/秒  已完局 64  回报 +13.84
  upd   44 step  180224  回报 +13.12  胜率 0.85  π损失 -0.0060  V损失 3.0881  熵 0.277  KL +0.03395  规则 13.2%  148 步/秒
      · 采样  1024/4096  242 步/秒  已完局 21  回报 +15.00
      · 采样  2048/4096  210 步/秒  已完局 43  回报 +15.26
      · 采样  3072/4096  253 步/秒  已完局 63  回报 +14.84
  upd   45 step  184320  回报 +14.98  胜率 0.89  π损失 +0.0184  V损失 3.6313  熵 0.303  KL +0.04487  规则 13.6%  147 步/秒
      · 采样  1024/4096  220 步/秒  已完局 20  回报 +16.30
      · 采样  2048/4096  182 步/秒  已完局 41  回报 +13.68
      · 采样  3072/4096  210 步/秒  已完局 61  回报 +12.84
  upd   46 step  188416  回报 +13.12  胜率 0.76  π损失 -0.0112  V损失 4.0435  熵 0.368  KL +0.03226  规则 13.1%  146 步/秒
      · 采样  1024/4096  218 步/秒  已完局 21  回报 +13.76
      · 采样  2048/4096  219 步/秒  已完局 42  回报 +12.90
      · 采样  3072/4096  230 步/秒  已完局 64  回报 +13.86
  upd   47 step  192512  回报 +13.89  胜率 0.78  π损失 +0.0278  V损失 4.5882  熵 0.312  KL +0.03255  规则 13.4%  145 步/秒
      · 采样  1024/4096  248 步/秒  已完局 20  回报 +13.90
      · 采样  2048/4096  239 步/秒  已完局 40  回报 +11.43
      · 采样  3072/4096  183 步/秒  已完局 60  回报 +11.60
  upd   48 step  196608  回报 +12.14  胜率 0.77  π损失 -0.0042  V损失 3.0783  熵 0.293  KL +0.02754  规则 12.7%  145 步/秒
      · 采样  1024/4096  233 步/秒  已完局 20  回报 +14.70
      · 采样  2048/4096  238 步/秒  已完局 41  回报 +14.80
      · 采样  3072/4096  251 步/秒  已完局 61  回报 +14.49
  upd   49 step  200704  回报 +15.13  胜率 0.89  π损失 +0.0006  V损失 3.3612  熵 0.276  KL +0.02647  规则 13.4%  144 步/秒
      · 采样  1024/4096  352 步/秒  已完局 21  回报 +14.38
      · 采样  2048/4096  333 步/秒  已完局 41  回报 +16.07
      · 采样  3072/4096  323 步/秒  已完局 62  回报 +15.90
  upd   50 step  204800  回报 +15.61  胜率 0.94  π损失 +0.0114  V损失 3.4166  熵 0.276  KL +0.03042  规则 13.5%  145 步/秒
    -> 加入快照对手,联盟 = ['official_baseline', 'official_hunter', 'official_stalker', 'official_patrol', 'official_ambusher', 'official_weaver', 'rl_v5', 'rl_VG_v0.2', 'rl_best040', 'rl_VG_v1.0', 'snap2', 'snap3']
       采样占比 official_baseline=4.7% official_hunter=19.0% official_stalker=2.7% official_patrol=2.0% official_ambusher=2.0% official_weaver=2.0% rl_v5=16.3% rl_VG_v0.2=6.0% rl_best040=14.3% rl_VG_v1.0=10.7% snap2=10.2% snap3=10.2%
      · 采样  1024/4096  342 步/秒  已完局 20  回报 +15.85
      · 采样  2048/4096  319 步/秒  已完局 41  回报 +15.90
      · 采样  3072/4096  301 步/秒  已完局 63  回报 +16.02
  upd   51 step  208896  回报 +15.56  胜率 0.95  π损失 -0.0296  V损失 2.5053  熵 0.276  KL +0.02388  规则 13.4%  145 步/秒
      · 采样  1024/4096  262 步/秒  已完局 21  回报 +15.05
      · 采样  2048/4096  265 步/秒  已完局 42  回报 +14.55
      · 采样  3072/4096  237 步/秒  已完局 64  回报 +14.84
  upd   52 step  212992  回报 +14.78  胜率 0.89  π损失 +0.0004  V损失 2.7947  熵 0.267  KL +0.02753  规则 14.5%  145 步/秒
      · 采样  1024/4096  237 步/秒  已完局 21  回报 +14.10
      · 采样  2048/4096  253 步/秒  已完局 42  回报 +15.05
      · 采样  3072/4096  230 步/秒  已完局 62  回报 +14.18
  upd   53 step  217088  回报 +14.58  胜率 0.93  π损失 +0.0048  V损失 2.5963  熵 0.262  KL +0.02142  规则 13.9%  144 步/秒
      · 采样  1024/4096  265 步/秒  已完局 21  回报 +14.86
      · 采样  2048/4096  252 步/秒  已完局 42  回报 +14.93
      · 采样  3072/4096  236 步/秒  已完局 64  回报 +14.23
  upd   54 step  221184  回报 +14.65  胜率 0.93  π损失 -0.0039  V损失 3.0928  熵 0.265  KL +0.03709  规则 13.4%  144 步/秒
      · 采样  1024/4096  244 步/秒  已完局 22  回报 +17.86
      · 采样  2048/4096  243 步/秒  已完局 42  回报 +15.50
      · 采样  3072/4096  226 步/秒  已完局 64  回报 +15.33
  upd   55 step  225280  回报 +14.88  胜率 0.89  π损失 +0.0008  V损失 2.7799  熵 0.250  KL +0.02544  规则 13.7%  143 步/秒
      · 采样  1024/4096  241 步/秒  已完局 21  回报 +16.95
      · 采样  2048/4096  207 步/秒  已完局 42  回报 +16.38
      · 采样  3072/4096  229 步/秒  已完局 64  回报 +15.97
  upd   56 step  229376  回报 +15.91  胜率 0.94  π损失 +0.0019  V损失 2.8719  熵 0.256  KL +0.02350  规则 14.2%  143 步/秒
      · 采样  1024/4096  255 步/秒  已完局 21  回报 +17.71
      · 采样  2048/4096  278 步/秒  已完局 43  回报 +16.60
      · 采样  3072/4096  252 步/秒  已完局 64  回报 +16.69
  upd   57 step  233472  回报 +16.47  胜率 0.99  π损失 +0.0048  V损失 2.0542  熵 0.240  KL +0.02319  规则 14.2%  143 步/秒
      · 采样  1024/4096  252 步/秒  已完局 21  回报 +12.81
      · 采样  2048/4096  270 步/秒  已完局 42  回报 +14.69
      · 采样  3072/4096  255 步/秒  已完局 62  回报 +14.90
  upd   58 step  237568  回报 +14.53  胜率 0.89  π损失 -0.0042  V损失 2.0367  熵 0.257  KL +0.02571  规则 13.8%  142 步/秒
      · 采样  1024/4096  263 步/秒  已完局 21  回报 +14.38
      · 采样  2048/4096  279 步/秒  已完局 41  回报 +13.24
      · 采样  3072/4096  288 步/秒  已完局 61  回报 +13.74
  upd   59 step  241664  回报 +14.00  胜率 0.85  π损失 -0.0091  V损失 2.1889  熵 0.271  KL +0.01484  规则 12.8%  142 步/秒
      · 采样  1024/4096  288 步/秒  已完局 21  回报 +13.29
      · 采样  2048/4096  300 步/秒  已完局 42  回报 +14.62
      · 采样  3072/4096  288 步/秒  已完局 63  回报 +14.73
  upd   60 step  245760  回报 +15.25  胜率 0.93  π损失 +0.0144  V损失 2.3641  熵 0.236  KL +0.02703  规则 14.2%  142 步/秒
  ── 评测(update 60)──
     official_baseline 得分率 0.975  (39胜/0平/1负)  净胜分 +9.40  回报 +16.75
     official_hunter 得分率 0.950  (38胜/0平/2负)  净胜分 +5.70  回报 +14.22
     official_stalker 得分率 1.000  (40胜/0平/0负)  净胜分 +18.55  回报 +23.18
     official_patrol 得分率 1.000  (40胜/0平/0负)  净胜分 +34.05  回报 +35.05
     official_ambusher 得分率 1.000  (40胜/0平/0负)  净胜分 +17.65  回报 +21.38
     official_weaver 得分率 1.000  (40胜/0平/0负)  净胜分 +19.18  回报 +21.23
     rl_v5      得分率 0.875  (35胜/0平/5负)  净胜分 +5.35  回报 +9.93
     m3_v1      得分率 0.575  (23胜/0平/17负)  净胜分 +0.60  回报 +9.47
     m3_v2      得分率 0.775  (31胜/0平/9负)  净胜分 +1.90  回报 +11.50
     rl_VG_v0.2 得分率 0.850  (34胜/0平/6负)  净胜分 +2.58  回报 +9.00
     rl_best040 得分率 1.000  (40胜/0平/0负)  净胜分 +5.47  回报 +12.75
     rl_VG_v1.0 得分率 0.975  (39胜/0平/1负)  净胜分 +10.10  回报 +15.45
     快照闸门开(官方胜率 0.725,需 >0.50)
     配重 official_baseline=5.2% official_hunter=16.4% official_stalker=2.9% official_patrol=2.4% official_ambusher=2.4% official_weaver=2.4% rl_v5=16.9% rl_VG_v0.2=10.2% rl_best040=11.4% rl_VG_v1.0=9.5% snap2=10.2% snap3=10.2%
     ★ 新最优(综合得分率 0.9146)→ best.npz
    -> 加入快照对手,联盟 = ['official_baseline', 'official_hunter', 'official_stalker', 'official_patrol', 'official_ambusher', 'official_weaver', 'rl_v5', 'rl_VG_v0.2', 'rl_best040', 'rl_VG_v1.0', 'snap3', 'snap4']
       采样占比 official_baseline=5.2% official_hunter=16.4% official_stalker=2.9% official_patrol=2.4% official_ambusher=2.4% official_weaver=2.4% rl_v5=16.9% rl_VG_v0.2=10.2% rl_best040=11.4% rl_VG_v1.0=9.5% snap3=10.2% snap4=10.2%
      · 采样  1024/4096  291 步/秒  已完局 21  回报 +16.38
      · 采样  2048/4096  215 步/秒  已完局 42  回报 +15.12
      · 采样  3072/4096  225 步/秒  已完局 63  回报 +15.16
  upd   61 step  249856  回报 +14.87  胜率 0.89  π损失 -0.0033  V损失 3.0341  熵 0.253  KL +0.02344  规则 13.5%  135 步/秒
      · 采样  1024/4096  297 步/秒  已完局 20  回报 +14.00
      · 采样  2048/4096  288 步/秒  已完局 41  回报 +14.39
      · 采样  3072/4096  276 步/秒  已完局 61  回报 +14.80
  upd   62 step  253952  回报 +14.72  胜率 0.88  π损失 -0.0035  V损失 3.1671  熵 0.252  KL +0.02309  规则 13.4%  135 步/秒
      · 采样  1024/4096  261 步/秒  已完局 21  回报 +16.52
      · 采样  2048/4096  256 步/秒  已完局 42  回报 +15.48
      · 采样  3072/4096  248 步/秒  已完局 63  回报 +14.60
  upd   63 step  258048  回报 +14.36  胜率 0.89  π损失 +0.0128  V损失 3.0495  熵 0.225  KL +0.03808  规则 13.7%  135 步/秒
      · 采样  1024/4096  265 步/秒  已完局 21  回报 +14.62
      · 采样  2048/4096  250 步/秒  已完局 42  回报 +13.83
      · 采样  3072/4096  278 步/秒  已完局 62  回报 +13.29
  upd   64 step  262144  回报 +13.25  胜率 0.83  π损失 -0.0097  V损失 2.9023  熵 0.235  KL +0.02123  规则 13.6%  135 步/秒
      · 采样  1024/4096  269 步/秒  已完局 21  回报 +16.52
      · 采样  2048/4096  271 步/秒  已完局 43  回报 +16.63
      · 采样  3072/4096  247 步/秒  已完局 64  回报 +16.67
  upd   65 step  266240  回报 +16.48  胜率 0.94  π损失 -0.0066  V损失 3.0106  熵 0.214  KL +0.02146  规则 14.5%  135 步/秒
      · 采样  1024/4096  276 步/秒  已完局 21  回报 +15.14
      · 采样  2048/4096  249 步/秒  已完局 42  回报 +14.60
      · 采样  3072/4096  236 步/秒  已完局 63  回报 +14.32
  upd   66 step  270336  回报 +14.38  胜率 0.92  π损失 +0.0096  V损失 2.5057  熵 0.208  KL +0.02337  规则 13.8%  135 步/秒
      · 采样  1024/4096  258 步/秒  已完局 22  回报 +15.59
      · 采样  2048/4096  246 步/秒  已完局 44  回报 +16.50
      · 采样  3072/4096  230 步/秒  已完局 64  回报 +15.89
  upd   67 step  274432  回报 +15.15  胜率 0.91  π损失 -0.0146  V损失 2.8560  熵 0.220  KL +0.04065  规则 13.9%  134 步/秒
      · 采样  1024/4096  246 步/秒  已完局 22  回报 +15.32
      · 采样  2048/4096  259 步/秒  已完局 43  回报 +16.05
      · 采样  3072/4096  209 步/秒  已完局 65  回报 +15.25
  upd   68 step  278528  回报 +15.53  胜率 0.94  π损失 -0.0018  V损失 2.4037  熵 0.230  KL +0.02031  规则 13.9%  134 步/秒
      · 采样  1024/4096  283 步/秒  已完局 21  回报 +17.05
      · 采样  2048/4096  221 步/秒  已完局 43  回报 +16.40
      · 采样  3072/4096  232 步/秒  已完局 64  回报 +15.98
  upd   69 step  282624  回报 +14.88  胜率 0.91  π损失 -0.0022  V损失 3.0495  熵 0.232  KL +0.02981  规则 14.3%  134 步/秒
      · 采样  1024/4096  296 步/秒  已完局 21  回报 +12.43
      · 采样  2048/4096  284 步/秒  已完局 43  回报 +14.35
      · 采样  3072/4096  265 步/秒  已完局 65  回报 +14.48
  upd   70 step  286720  回报 +14.68  胜率 0.90  π损失 -0.0042  V损失 2.1035  熵 0.233  KL +0.02901  规则 14.2%  134 步/秒
    -> 加入快照对手,联盟 = ['official_baseline', 'official_hunter', 'official_stalker', 'official_patrol', 'official_ambusher', 'official_weaver', 'rl_v5', 'rl_VG_v0.2', 'rl_best040', 'rl_VG_v1.0', 'snap4', 'snap5']
       采样占比 official_baseline=5.2% official_hunter=16.4% official_stalker=2.9% official_patrol=2.4% official_ambusher=2.4% official_weaver=2.4% rl_v5=16.9% rl_VG_v0.2=10.2% rl_best040=11.4% rl_VG_v1.0=9.5% snap4=10.2% snap5=10.2%
      · 采样  1024/4096  277 步/秒  已完局 21  回报 +16.48
      · 采样  2048/4096  271 步/秒  已完局 42  回报 +15.10
      · 采样  3072/4096  268 步/秒  已完局 63  回报 +14.68
  upd   71 step  290816  回报 +14.14  胜率 0.93  π损失 -0.0097  V损失 2.5333  熵 0.227  KL +0.01494  规则 13.5%  134 步/秒
      · 采样  1024/4096  251 步/秒  已完局 21  回报 +14.38
      · 采样  2048/4096  299 步/秒  已完局 43  回报 +15.05
      · 采样  3072/4096  240 步/秒  已完局 65  回报 +15.00
  upd   72 step  294912  回报 +15.32  胜率 0.97  π损失 +0.0050  V损失 2.2249  熵 0.201  KL +0.02257  规则 14.4%  134 步/秒
      · 采样  1024/4096  231 步/秒  已完局 22  回报 +14.14
      · 采样  2048/4096  271 步/秒  已完局 44  回报 +13.89
      · 采样  3072/4096  249 步/秒  已完局 65  回报 +13.65
  upd   73 step  299008  回报 +13.40  胜率 0.91  π损失 +0.0121  V损失 2.3122  熵 0.207  KL +0.05089  规则 13.9%  134 步/秒
      · 采样  1024/4096  203 步/秒  已完局 22  回报 +12.36
      · 采样  2048/4096  216 步/秒  已完局 44  回报 +13.41
      · 采样  3072/4096  255 步/秒  已完局 66  回报 +12.94
  upd   74 step  303104  回报 +13.51  胜率 0.86  π损失 -0.0152  V损失 3.9884  熵 0.213  KL +0.02791  规则 14.4%  133 步/秒
      · 采样  1024/4096  236 步/秒  已完局 22  回报 +18.32
      · 采样  2048/4096  249 步/秒  已完局 44  回报 +16.07
      · 采样  3072/4096  213 步/秒  已完局 66  回报 +16.05
  upd   75 step  307200  回报 +15.66  胜率 0.91  π损失 +0.0062  V损失 3.2508  熵 0.212  KL +0.03010  规则 14.7%  133 步/秒
      · 采样  1024/4096  189 步/秒  已完局 21  回报 +14.90
      · 采样  2048/4096  228 步/秒  已完局 43  回报 +15.33
      · 采样  3072/4096  243 步/秒  已完局 64  回报 +15.09
  upd   76 step  311296  回报 +14.68  胜率 0.93  π损失 +0.0076  V损失 2.3687  熵 0.217  KL +0.03111  规则 13.9%  133 步/秒
      · 采样  1024/4096  272 步/秒  已完局 21  回报 +14.00
      · 采样  2048/4096  211 步/秒  已完局 42  回报 +13.29
      · 采样  3072/4096  237 步/秒  已完局 64  回报 +13.72
  upd   77 step  315392  回报 +14.00  胜率 0.86  π损失 +0.0087  V损失 3.3045  熵 0.228  KL +0.02922  规则 13.7%  133 步/秒
      · 采样  1024/4096  317 步/秒  已完局 22  回报 +14.14
      · 采样  2048/4096  239 步/秒  已完局 43  回报 +14.00
      · 采样  3072/4096  226 步/秒  已完局 65  回报 +14.91
  upd   78 step  319488  回报 +15.33  胜率 0.88  π损失 -0.0075  V损失 2.9006  熵 0.197  KL +0.01796  规则 14.1%  133 步/秒
      · 采样  1024/4096  283 步/秒  已完局 22  回报 +15.64
      · 采样  2048/4096  239 步/秒  已完局 44  回报 +14.77
      · 采样  3072/4096  233 步/秒  已完局 66  回报 +14.64
  upd   79 step  323584  回报 +14.64  胜率 0.86  π损失 +0.0051  V损失 3.0117  熵 0.183  KL +0.02116  规则 14.6%  133 步/秒
      · 采样  1024/4096  255 步/秒  已完局 22  回报 +14.68
      · 采样  2048/4096  282 步/秒  已完局 44  回报 +15.16
      · 采样  3072/4096  266 步/秒  已完局 65  回报 +15.22
  upd   80 step  327680  回报 +15.29  胜率 0.89  π损失 +0.0053  V损失 3.5961  熵 0.186  KL +0.02537  规则 14.3%  133 步/秒
  ── 评测(update 80)──
     official_baseline 得分率 0.950  (38胜/0平/2负)  净胜分 +9.18  回报 +16.68
     official_hunter 得分率 0.800  (32胜/0平/8负)  净胜分 +3.15  回报 +12.20
     official_stalker 得分率 1.000  (40胜/0平/0负)  净胜分 +16.02  回报 +20.52
     official_patrol 得分率 0.975  (39胜/0平/1负)  净胜分 +31.93  回报 +32.88
     official_ambusher 得分率 1.000  (40胜/0平/0负)  净胜分 +18.77  回报 +22.43
     official_weaver 得分率 1.000  (40胜/0平/0负)  净胜分 +18.90  回报 +20.48
     rl_v5      得分率 0.825  (33胜/0平/7负)  净胜分 +4.97  回报 +9.65
     m3_v1      得分率 0.425  (17胜/0平/23负)  净胜分 +0.12  回报 +8.72
     m3_v2      得分率 0.625  (25胜/0平/15负)  净胜分 +0.53  回报 +9.97
     rl_VG_v0.2 得分率 0.975  (39胜/0平/1负)  净胜分 +5.95  回报 +11.65
     rl_best040 得分率 0.975  (39胜/0平/1负)  净胜分 +5.72  回报 +13.12
     rl_VG_v1.0 得分率 0.975  (39胜/0平/1负)  净胜分 +10.80  回报 +16.00
     快照闸门开(官方胜率 0.933,需 >0.50)
     配重 official_baseline=6.1% official_hunter=18.5% official_stalker=2.9% official_patrol=3.5% official_ambusher=2.6% official_weaver=2.6% rl_v5=17.9% rl_VG_v0.2=8.4% rl_best040=9.2% rl_VG_v1.0=8.0% snap4=10.2% snap5=10.2%
    -> 加入快照对手,联盟 = ['official_baseline', 'official_hunter', 'official_stalker', 'official_patrol', 'official_ambusher', 'official_weaver', 'rl_v5', 'rl_VG_v0.2', 'rl_best040', 'rl_VG_v1.0', 'snap5', 'snap6']
       采样占比 official_baseline=6.1% official_hunter=18.5% official_stalker=2.9% official_patrol=3.5% official_ambusher=2.6% official_weaver=2.6% rl_v5=17.9% rl_VG_v0.2=8.4% rl_best040=9.2% rl_VG_v1.0=8.0% snap5=10.2% snap6=10.2%
      · 采样  1024/4096  242 步/秒  已完局 20  回报 +14.85
      · 采样  2048/4096  262 步/秒  已完局 42  回报 +15.36
      · 采样  3072/4096  273 步/秒  已完局 64  回报 +15.78
  upd   81 step  331776  回报 +15.94  胜率 0.91  π损失 +0.0006  V损失 3.0379  熵 0.199  KL +0.02533  规则 14.4%  128 步/秒
      · 采样  1024/4096  249 步/秒  已完局 21  回报 +13.86
      · 采样  2048/4096  231 步/秒  已完局 42  回报 +15.45
      · 采样  3072/4096  262 步/秒  已完局 64  回报 +15.75
  upd   82 step  335872  回报 +15.13  胜率 0.91  π损失 +0.0046  V损失 2.8598  熵 0.183  KL +0.03177  规则 13.7%  128 步/秒
      · 采样  1024/4096  260 步/秒  已完局 22  回报 +18.05
      · 采样  2048/4096  237 步/秒  已完局 43  回报 +17.09
      · 采样  3072/4096  248 步/秒  已完局 64  回报 +16.53
  upd   83 step  339968  回报 +16.05  胜率 0.93  π损失 +0.0063  V损失 3.0892  熵 0.219  KL +0.02894  规则 14.5%  128 步/秒
      · 采样  1024/4096  247 步/秒  已完局 21  回报 +14.14
      · 采样  2048/4096  274 步/秒  已完局 41  回报 +14.17
      · 采样  3072/4096  230 步/秒  已完局 62  回报 +14.08
  upd   84 step  344064  回报 +13.84  胜率 0.88  π损失 -0.0061  V损失 2.7519  熵 0.241  KL +0.02365  规则 12.8%  128 步/秒
      · 采样  1024/4096  208 步/秒  已完局 21  回报 +17.29
      · 采样  2048/4096  240 步/秒  已完局 42  回报 +17.40
      · 采样  3072/4096  234 步/秒  已完局 63  回报 +17.19
  upd   85 step  348160  回报 +16.07  胜率 0.90  π损失 +0.0015  V损失 2.4165  熵 0.243  KL +0.04008  规则 14.3%  127 步/秒
      · 采样  1024/4096  190 步/秒  已完局 21  回报 +19.19
      · 采样  2048/4096  232 步/秒  已完局 41  回报 +16.34
      · 采样  3072/4096  212 步/秒  已完局 62  回报 +16.16
  upd   86 step  352256  回报 +16.40  胜率 0.93  π损失 +0.0019  V损失 2.4240  熵 0.271  KL +0.02286  规则 13.5%  127 步/秒
      · 采样  1024/4096  223 步/秒  已完局 21  回报 +15.67
      · 采样  2048/4096  231 步/秒  已完局 41  回报 +14.44
      · 采样  3072/4096  210 步/秒  已完局 62  回报 +14.24
  upd   87 step  356352  回报 +13.74  胜率 0.87  π损失 +0.0071  V损失 2.2328  熵 0.279  KL +0.03113  规则 12.8%  127 步/秒
      · 采样  1024/4096  198 步/秒  已完局 21  回报 +16.19
      · 采样  2048/4096  214 步/秒  已完局 41  回报 +15.39
      · 采样  3072/4096  266 步/秒  已完局 62  回报 +14.63
  upd   88 step  360448  回报 +14.73  胜率 0.91  π损失 +0.0012  V损失 2.7671  熵 0.281  KL +0.02333  规则 12.5%  127 步/秒
      · 采样  1024/4096  260 步/秒  已完局 20  回报 +13.85
      · 采样  2048/4096  231 步/秒  已完局 41  回报 +14.83
      · 采样  3072/4096  241 步/秒  已完局 61  回报 +15.36
  upd   89 step  364544  回报 +15.30  胜率 0.90  π损失 +0.0121  V损失 2.3007  熵 0.272  KL +0.03371  规则 13.5%  127 步/秒
      · 采样  1024/4096  242 步/秒  已完局 20  回报 +14.00
      · 采样  2048/4096  243 步/秒  已完局 41  回报 +16.71
      · 采样  3072/4096  282 步/秒  已完局 61  回报 +16.82
  upd   90 step  368640  回报 +16.72  胜率 0.96  π损失 +0.0014  V损失 2.9224  熵 0.243  KL +0.01798  规则 13.6%  127 步/秒
    -> 加入快照对手,联盟 = ['official_baseline', 'official_hunter', 'official_stalker', 'official_patrol', 'official_ambusher', 'official_weaver', 'rl_v5', 'rl_VG_v0.2', 'rl_best040', 'rl_VG_v1.0', 'snap6', 'snap7']
       采样占比 official_baseline=6.1% official_hunter=18.5% official_stalker=2.9% official_patrol=3.5% official_ambusher=2.6% official_weaver=2.6% rl_v5=17.9% rl_VG_v0.2=8.4% rl_best040=9.2% rl_VG_v1.0=8.0% snap6=10.2% snap7=10.2%
      · 采样  1024/4096  225 步/秒  已完局 20  回报 +17.65
      · 采样  2048/4096  240 步/秒  已完局 41  回报 +15.80
      · 采样  3072/4096  241 步/秒  已完局 61  回报 +15.89
  upd   91 step  372736  回报 +15.99  胜率 0.91  π损失 -0.0023  V损失 2.7103  熵 0.256  KL +0.01933  规则 13.9%  127 步/秒
      · 采样  1024/4096  251 步/秒  已完局 20  回报 +16.85
      · 采样  2048/4096  202 步/秒  已完局 41  回报 +17.12
      · 采样  3072/4096  230 步/秒  已完局 62  回报 +17.87
  upd   92 step  376832  回报 +17.46  胜率 0.91  π损失 +0.0032  V损失 3.2776  熵 0.264  KL +0.01962  规则 14.4%  127 步/秒
      · 采样  1024/4096  221 步/秒  已完局 21  回报 +16.48
      · 采样  2048/4096  216 步/秒  已完局 42  回报 +17.86
      · 采样  3072/4096  216 步/秒  已完局 62  回报 +17.19
  upd   93 step  380928  回报 +16.92  胜率 0.94  π损失 +0.0016  V损失 2.8993  熵 0.265  KL +0.01461  规则 14.1%  127 步/秒
      · 采样  1024/4096  246 步/秒  已完局 20  回报 +13.85
      · 采样  2048/4096  244 步/秒  已完局 40  回报 +14.70
      · 采样  3072/4096  243 步/秒  已完局 60  回报 +15.08
  upd   94 step  385024  回报 +14.70  胜率 0.88  π损失 -0.0133  V损失 2.2931  熵 0.244  KL +0.01860  规则 13.5%  127 步/秒
      · 采样  1024/4096  236 步/秒  已完局 21  回报 +17.95
      · 采样  2048/4096  212 步/秒  已完局 42  回报 +17.19
      · 采样  3072/4096  261 步/秒  已完局 63  回报 +17.03
  upd   95 step  389120  回报 +17.51  胜率 0.93  π损失 +0.0100  V损失 2.8960  熵 0.231  KL +0.02387  规则 14.4%  127 步/秒
      · 采样  1024/4096  231 步/秒  已完局 21  回报 +13.71
      · 采样  2048/4096  223 步/秒  已完局 41  回报 +14.20
      · 采样  3072/4096  263 步/秒  已完局 62  回报 +13.58
  upd   96 step  393216  回报 +14.29  胜率 0.90  π损失 +0.0132  V损失 2.3049  熵 0.241  KL +0.02299  规则 13.5%  127 步/秒
      · 采样  1024/4096  293 步/秒  已完局 20  回报 +17.25
      · 采样  2048/4096  256 步/秒  已完局 41  回报 +18.05
      · 采样  3072/4096  255 步/秒  已完局 61  回报 +17.80
  upd   97 step  397312  回报 +17.44  胜率 0.95  π损失 +0.0077  V损失 3.3297  熵 0.255  KL +0.01786  规则 14.9%  127 步/秒
      · 采样  1024/4096  253 步/秒  已完局 20  回报 +14.75
      · 采样  2048/4096  245 步/秒  已完局 40  回报 +14.78
      · 采样  3072/4096  241 步/秒  已完局 61  回报 +15.57
  upd   98 step  401408  回报 +16.31  胜率 0.90  π损失 -0.0012  V损失 2.7881  熵 0.252  KL +0.02178  规则 13.7%  127 步/秒
  ── 评测(update 98)──
     official_baseline 得分率 1.000  (40胜/0平/0负)  净胜分 +11.72  回报 +18.75
     official_hunter 得分率 0.850  (34胜/0平/6负)  净胜分 +4.40  回报 +13.18
     official_stalker 得分率 1.000  (40胜/0平/0负)  净胜分 +16.35  回报 +21.00
     official_patrol 得分率 1.000  (40胜/0平/0负)  净胜分 +32.92  回报 +33.92
     official_ambusher 得分率 1.000  (40胜/0平/0负)  净胜分 +17.40  回报 +22.20
     official_weaver 得分率 1.000  (40胜/0平/0负)  净胜分 +19.77  回报 +21.35
     rl_v5      得分率 0.800  (32胜/0平/8负)  净胜分 +7.00  回报 +10.82
     m3_v1      得分率 0.625  (25胜/0平/15负)  净胜分 +2.27  回报 +9.97
     m3_v2      得分率 0.675  (27胜/0平/13负)  净胜分 +1.07  回报 +10.20
     rl_VG_v0.2 得分率 0.950  (38胜/0平/2负)  净胜分 +5.97  回报 +11.68
     rl_best040 得分率 0.950  (38胜/0平/2负)  净胜分 +5.20  回报 +12.60
     rl_VG_v1.0 得分率 1.000  (40胜/0平/0负)  净胜分 +12.68  回报 +17.45
     快照闸门开(官方胜率 0.858,需 >0.50)
     配重 official_baseline=5.1% official_hunter=18.7% official_stalker=3.0% official_patrol=3.4% official_ambusher=2.8% official_weaver=2.8% rl_v5=20.2% rl_VG_v0.2=8.4% rl_best040=9.0% rl_VG_v1.0=6.3% snap6=10.2% snap7=10.2%
[rl_monet_v1] 完成:401408 步,权重在 runs\v2.3\final.npz
[rl_monet_v1] 曲线已写入 runs\v2.3\curves.png
