[rl_monet_v1] 从参赛包 rl_VG_v0.2 起步:D:\WorkFile\Sentry_Dual\rl_monet_v1\rl_VG_v0.2
[rl_monet_v1] run=v1.1 输出=runs\v1.1
  网络 428->512x3->8  联盟 ['official_baseline', 'official_hunter', 'official_stalker', 'official_patrol', 'official_ambusher', 'official_weaver', 'rl_v5', 'rl_VG_v0.2', 'rl_best040', 'rl_VG_v1.0']  目标步数 200000
  采样占比 official_baseline=3.8% official_hunter=3.8% official_stalker=3.8% official_patrol=3.8% official_ambusher=3.8% official_weaver=3.8% rl_v5=25.6% rl_VG_v0.2=12.8% rl_best040=12.8% rl_VG_v1.0=25.6%
      · 采样  1024/4096  343 步/秒  已完局 19  回报 +6.16
      · 采样  2048/4096  542 步/秒  已完局 38  回报 +6.08
      · 采样  3072/4096  540 步/秒  已完局 58  回报 +6.10
  upd    1 step    4096  回报 +6.36  胜率 0.42  π损失 -0.0033  V损失 1.7867  熵 0.517  KL +0.03489  规则 9.6%  331 步/秒
      · 采样  1024/4096  562 步/秒  已完局 19  回报 +6.21
      · 采样  2048/4096  584 步/秒  已完局 39  回报 +7.08
      · 采样  3072/4096  528 步/秒  已完局 58  回报 +7.53
  upd    2 step    8192  回报 +6.83  胜率 0.44  π损失 -0.0033  V损失 1.8034  熵 0.453  KL +0.01621  规则 9.2%  340 步/秒
      · 采样  1024/4096  587 步/秒  已完局 19  回报 +6.79
      · 采样  2048/4096  538 步/秒  已完局 39  回报 +6.87
      · 采样  3072/4096  517 步/秒  已完局 58  回报 +6.81
  upd    3 step   12288  回报 +7.13  胜率 0.46  π损失 -0.0015  V损失 1.9446  熵 0.453  KL +0.02046  规则 9.3%  342 步/秒
      · 采样  1024/4096  512 步/秒  已完局 19  回报 +8.74
      · 采样  2048/4096  558 步/秒  已完局 39  回报 +8.28
      · 采样  3072/4096  530 步/秒  已完局 58  回报 +8.50
  upd    4 step   16384  回报 +8.10  胜率 0.54  π损失 -0.0021  V损失 2.0087  熵 0.437  KL +0.02333  规则 9.7%  343 步/秒
      · 采样  1024/4096  590 步/秒  已完局 20  回报 +9.20
      · 采样  2048/4096  577 步/秒  已完局 40  回报 +8.57
      · 采样  3072/4096  502 步/秒  已完局 59  回报 +8.15
  upd    5 step   20480  回报 +7.72  胜率 0.51  π损失 -0.0054  V损失 1.9731  熵 0.472  KL +0.01941  规则 9.5%  341 步/秒
      · 采样  1024/4096  554 步/秒  已完局 19  回报 +7.63
      · 采样  2048/4096  518 步/秒  已完局 39  回报 +7.31
      · 采样  3072/4096  542 步/秒  已完局 58  回报 +7.71
  upd    6 step   24576  回报 +8.32  胜率 0.56  π损失 -0.0039  V损失 2.1373  熵 0.476  KL +0.01295  规则 10.3%  343 步/秒
      · 采样  1024/4096  558 步/秒  已完局 20  回报 +8.55
      · 采样  2048/4096  586 步/秒  已完局 41  回报 +8.39
      · 采样  3072/4096  535 步/秒  已完局 60  回报 +8.22
  upd    7 step   28672  回报 +8.12  胜率 0.60  π损失 -0.0040  V损失 2.0288  熵 0.494  KL +0.01422  规则 9.9%  345 步/秒
      · 采样  1024/4096  511 步/秒  已完局 20  回报 +8.75
      · 采样  2048/4096  589 步/秒  已完局 41  回报 +8.10
      · 采样  3072/4096  609 步/秒  已完局 61  回报 +8.66
  upd    8 step   32768  回报 +7.59  胜率 0.52  π损失 -0.0017  V损失 2.1383  熵 0.461  KL +0.02062  规则 10.5%  346 步/秒
      · 采样  1024/4096  529 步/秒  已完局 21  回报 +9.29
      · 采样  2048/4096  560 步/秒  已完局 42  回报 +9.67
      · 采样  3072/4096  503 步/秒  已完局 62  回报 +8.81
  upd    9 step   36864  回报 +8.37  胜率 0.57  π损失 -0.0048  V损失 2.0794  熵 0.479  KL +0.02332  规则 10.8%  346 步/秒
      · 采样  1024/4096  554 步/秒  已完局 21  回报 +8.19
      · 采样  2048/4096  525 步/秒  已完局 41  回报 +7.73
      · 采样  3072/4096  537 步/秒  已完局 62  回报 +7.42
  upd   10 step   40960  回报 +7.49  胜率 0.52  π损失 -0.0040  V损失 2.0089  熵 0.465  KL +0.01441  规则 10.6%  346 步/秒
    -> 跳过快照(闸门关(还没评测过,需 >0.50))
      · 采样  1024/4096  559 步/秒  已完局 21  回报 +7.05
      · 采样  2048/4096  537 步/秒  已完局 42  回报 +8.29
      · 采样  3072/4096  521 步/秒  已完局 62  回报 +8.15
  upd   11 step   45056  回报 +8.00  胜率 0.54  π损失 -0.0042  V损失 2.5007  熵 0.458  KL +0.01402  规则 11.4%  347 步/秒
      · 采样  1024/4096  555 步/秒  已完局 20  回报 +9.05
      · 采样  2048/4096  505 步/秒  已完局 41  回报 +7.68
      · 采样  3072/4096  539 步/秒  已完局 61  回报 +7.77
  upd   12 step   49152  回报 +7.60  胜率 0.54  π损失 -0.0059  V损失 2.2815  熵 0.461  KL +0.01555  规则 10.5%  347 步/秒
      · 采样  1024/4096  501 步/秒  已完局 21  回报 +6.62
      · 采样  2048/4096  562 步/秒  已完局 41  回报 +6.63
      · 采样  3072/4096  494 步/秒  已完局 61  回报 +7.20
  upd   13 step   53248  回报 +8.10  胜率 0.58  π损失 -0.0019  V损失 2.3839  熵 0.462  KL +0.01449  规则 11.2%  346 步/秒
      · 采样  1024/4096  545 步/秒  已完局 21  回报 +6.90
      · 采样  2048/4096  561 步/秒  已完局 42  回报 +7.52
      · 采样  3072/4096  491 步/秒  已完局 63  回报 +7.24
  upd   14 step   57344  回报 +7.75  胜率 0.52  π损失 -0.0026  V损失 2.3821  熵 0.425  KL +0.02376  规则 11.7%  347 步/秒
      · 采样  1024/4096  522 步/秒  已完局 21  回报 +7.57
      · 采样  2048/4096  575 步/秒  已完局 42  回报 +9.33
      · 采样  3072/4096  490 步/秒  已完局 64  回报 +9.19
  upd   15 step   61440  回报 +8.93  胜率 0.65  π损失 -0.0020  V损失 2.6077  熵 0.466  KL +0.01571  规则 11.9%  346 步/秒
      · 采样  1024/4096  530 步/秒  已完局 21  回报 +7.52
      · 采样  2048/4096  542 步/秒  已完局 42  回报 +7.48
      · 采样  3072/4096  536 步/秒  已完局 63  回报 +8.11
  upd   16 step   65536  回报 +8.31  胜率 0.55  π损失 -0.0031  V损失 2.4442  熵 0.423  KL +0.01285  规则 11.5%  345 步/秒
      · 采样  1024/4096  533 步/秒  已完局 21  回报 +10.10
      · 采样  2048/4096  458 步/秒  已完局 42  回报 +9.19
      · 采样  3072/4096  489 步/秒  已完局 62  回报 +8.61
  upd   17 step   69632  回报 +9.21  胜率 0.65  π损失 -0.0036  V损失 2.3168  熵 0.429  KL +0.01776  规则 11.3%  344 步/秒
      · 采样  1024/4096  522 步/秒  已完局 20  回报 +9.10
      · 采样  2048/4096  511 步/秒  已完局 41  回报 +7.76
      · 采样  3072/4096  551 步/秒  已完局 62  回报 +8.77
  upd   18 step   73728  回报 +9.29  胜率 0.64  π损失 -0.0031  V损失 2.0879  熵 0.427  KL +0.01822  规则 11.0%  344 步/秒
      · 采样  1024/4096  528 步/秒  已完局 21  回报 +11.00
      · 采样  2048/4096  531 步/秒  已完局 42  回报 +10.24
      · 采样  3072/4096  547 步/秒  已完局 63  回报 +10.51
  upd   19 step   77824  回报 +10.12  胜率 0.69  π损失 -0.0030  V损失 2.0515  熵 0.458  KL +0.02079  规则 11.5%  344 步/秒
      · 采样  1024/4096  491 步/秒  已完局 20  回报 +9.00
      · 采样  2048/4096  527 步/秒  已完局 41  回报 +10.10
      · 采样  3072/4096  537 步/秒  已完局 62  回报 +10.39
  upd   20 step   81920  回报 +10.12  胜率 0.76  π损失 -0.0044  V损失 1.9442  熵 0.377  KL +0.02096  规则 12.1%  341 步/秒
  ── 评测(update 20)──
     official_baseline 得分率 0.950  (38胜/0平/2负)  净胜分 +6.35  回报 +14.65
     official_hunter 得分率 0.825  (33胜/0平/7负)  净胜分 +4.97  回报 +13.62
     official_stalker 得分率 0.975  (39胜/0平/1负)  净胜分 +11.85  回报 +15.68
     official_patrol 得分率 1.000  (40胜/0平/0负)  净胜分 +14.25  回报 +15.25
     official_ambusher 得分率 1.000  (40胜/0平/0负)  净胜分 +10.65  回报 +13.93
     official_weaver 得分率 1.000  (40胜/0平/0负)  净胜分 +18.52  回报 +20.27
     rl_v5      得分率 0.375  (15胜/0平/25负)  净胜分 +0.15  回报 +5.65
     m3_v1      得分率 0.300  (12胜/0平/28负)  净胜分 -1.07  回报 +7.53
     m3_v2      得分率 0.500  (20胜/0平/20负)  净胜分 +0.78  回报 +9.53
     rl_VG_v0.2 得分率 0.900  (36胜/0平/4负)  净胜分 +4.62  回报 +10.70
     rl_best040 得分率 0.900  (36胜/0平/4负)  净胜分 +3.83  回报 +11.00
     rl_VG_v1.0 得分率 0.750  (30胜/0平/10负)  净胜分 +3.75  回报 +9.82
     快照闸门关(还没评测过,需 >0.50)
     配重 official_baseline=5.4% official_hunter=13.7% official_stalker=3.7% official_patrol=2.0% official_ambusher=2.0% official_weaver=2.0% rl_v5=35.0% rl_VG_v0.2=8.7% rl_best040=8.7% rl_VG_v1.0=18.8%
     ★ 新最优(综合得分率 0.7896)→ best.npz
    -> 加入快照对手,联盟 = ['official_baseline', 'official_hunter', 'official_stalker', 'official_patrol', 'official_ambusher', 'official_weaver', 'rl_v5', 'rl_VG_v0.2', 'rl_best040', 'rl_VG_v1.0', 'snap0']
       采样占比 official_baseline=4.8% official_hunter=12.2% official_stalker=3.3% official_patrol=1.8% official_ambusher=1.8% official_weaver=1.8% rl_v5=31.0% rl_VG_v0.2=7.7% rl_best040=7.7% rl_VG_v1.0=16.6% snap0=11.4%
      · 采样  1024/4096  524 步/秒  已完局 20  回报 +8.90
      · 采样  2048/4096  518 步/秒  已完局 41  回报 +8.93
      · 采样  3072/4096  533 步/秒  已完局 62  回报 +9.23
  upd   21 step   86016  回报 +9.88  胜率 0.74  π损失 -0.0024  V损失 1.9729  熵 0.361  KL +0.01881  规则 12.5%  290 步/秒
      · 采样  1024/4096  575 步/秒  已完局 21  回报 +8.10
      · 采样  2048/4096  567 步/秒  已完局 41  回报 +8.37
      · 采样  3072/4096  554 步/秒  已完局 62  回报 +8.95
  upd   22 step   90112  回报 +8.88  胜率 0.63  π损失 -0.0018  V损失 2.1668  熵 0.362  KL +0.01722  规则 11.8%  293 步/秒
      · 采样  1024/4096  551 步/秒  已完局 21  回报 +11.62
      · 采样  2048/4096  545 步/秒  已完局 42  回报 +11.12
      · 采样  3072/4096  531 步/秒  已完局 62  回报 +10.63
  upd   23 step   94208  回报 +10.74  胜率 0.73  π损失 +0.0045  V损失 2.5085  熵 0.385  KL +0.02640  规则 11.8%  295 步/秒
      · 采样  1024/4096  574 步/秒  已完局 20  回报 +11.00
      · 采样  2048/4096  636 步/秒  已完局 41  回报 +12.32
      · 采样  3072/4096  540 步/秒  已完局 61  回报 +10.92
  upd   24 step   98304  回报 +10.58  胜率 0.76  π损失 -0.0050  V损失 2.5553  熵 0.392  KL +0.01811  规则 12.1%  298 步/秒
      · 采样  1024/4096  545 步/秒  已完局 20  回报 +8.10
      · 采样  2048/4096  542 步/秒  已完局 40  回报 +9.35
      · 采样  3072/4096  541 步/秒  已完局 61  回报 +10.05
  upd   25 step  102400  回报 +10.54  胜率 0.74  π损失 -0.0031  V损失 2.3563  熵 0.363  KL +0.01346  规则 11.4%  300 步/秒
      · 采样  1024/4096  582 步/秒  已完局 20  回报 +8.20
      · 采样  2048/4096  535 步/秒  已完局 40  回报 +9.05
      · 采样  3072/4096  565 步/秒  已完局 61  回报 +9.62
  upd   26 step  106496  回报 +9.79  胜率 0.69  π损失 -0.0032  V损失 2.2679  熵 0.393  KL +0.02066  规则 11.0%  302 步/秒
      · 采样  1024/4096  573 步/秒  已完局 20  回报 +9.95
      · 采样  2048/4096  585 步/秒  已完局 40  回报 +10.25
      · 采样  3072/4096  527 步/秒  已完局 60  回报 +10.48
  upd   27 step  110592  回报 +10.83  胜率 0.73  π损失 -0.0027  V损失 2.4111  熵 0.385  KL +0.01683  规则 11.0%  304 步/秒
      · 采样  1024/4096  541 步/秒  已完局 20  回报 +8.75
      · 采样  2048/4096  564 步/秒  已完局 40  回报 +8.47
      · 采样  3072/4096  557 步/秒  已完局 60  回报 +9.57
  upd   28 step  114688  回报 +9.94  胜率 0.74  π损失 -0.0023  V损失 2.3599  熵 0.360  KL +0.01566  规则 11.2%  306 步/秒
      · 采样  1024/4096  540 步/秒  已完局 20  回报 +9.50
      · 采样  2048/4096  544 步/秒  已完局 40  回报 +10.07
      · 采样  3072/4096  572 步/秒  已完局 60  回报 +10.22
  upd   29 step  118784  回报 +10.03  胜率 0.70  π损失 -0.0033  V损失 2.5577  熵 0.347  KL +0.01104  规则 11.8%  307 步/秒
      · 采样  1024/4096  537 步/秒  已完局 21  回报 +9.43
      · 采样  2048/4096  635 步/秒  已完局 41  回报 +10.63
      · 采样  3072/4096  526 步/秒  已完局 61  回报 +10.70
  upd   30 step  122880  回报 +10.01  胜率 0.74  π损失 -0.0030  V损失 2.3578  熵 0.346  KL +0.01618  规则 11.1%  308 步/秒
    -> 加入快照对手,联盟 = ['official_baseline', 'official_hunter', 'official_stalker', 'official_patrol', 'official_ambusher', 'official_weaver', 'rl_v5', 'rl_VG_v0.2', 'rl_best040', 'rl_VG_v1.0', 'snap0', 'snap1']
       采样占比 official_baseline=4.3% official_hunter=10.9% official_stalker=2.9% official_patrol=1.6% official_ambusher=1.6% official_weaver=1.6% rl_v5=27.9% rl_VG_v0.2=6.9% rl_best040=6.9% rl_VG_v1.0=14.9% snap0=10.2% snap1=10.2%
      · 采样  1024/4096  476 步/秒  已完局 20  回报 +8.60
      · 采样  2048/4096  500 步/秒  已完局 40  回报 +8.80
      · 采样  3072/4096  483 步/秒  已完局 61  回报 +9.18
  upd   31 step  126976  回报 +9.09  胜率 0.67  π损失 -0.0036  V损失 2.2639  熵 0.333  KL +0.01358  规则 11.1%  309 步/秒
      · 采样  1024/4096  514 步/秒  已完局 20  回报 +8.55
      · 采样  2048/4096  509 步/秒  已完局 41  回报 +8.32
      · 采样  3072/4096  498 步/秒  已完局 61  回报 +9.20
  upd   32 step  131072  回报 +8.79  胜率 0.70  π损失 +0.0005  V损失 2.3131  熵 0.329  KL +0.02030  规则 11.3%  309 步/秒
      · 采样  1024/4096  503 步/秒  已完局 20  回报 +7.35
      · 采样  2048/4096  541 步/秒  已完局 41  回报 +9.20
      · 采样  3072/4096  549 步/秒  已完局 62  回报 +10.13
  upd   33 step  135168  回报 +10.17  胜率 0.70  π损失 +0.0031  V损失 2.4997  熵 0.324  KL +0.01808  规则 11.4%  310 步/秒
      · 采样  1024/4096  517 步/秒  已完局 20  回报 +10.15
      · 采样  2048/4096  568 步/秒  已完局 41  回报 +9.66
      · 采样  3072/4096  461 步/秒  已完局 61  回报 +9.80
  upd   34 step  139264  回报 +10.18  胜率 0.78  π损失 -0.0043  V损失 2.1396  熵 0.328  KL +0.01219  规则 11.4%  311 步/秒
      · 采样  1024/4096  509 步/秒  已完局 21  回报 +9.19
      · 采样  2048/4096  521 步/秒  已完局 41  回报 +9.02
      · 采样  3072/4096  503 步/秒  已完局 62  回报 +9.24
  upd   35 step  143360  回报 +9.37  胜率 0.77  π损失 -0.0033  V损失 1.8931  熵 0.299  KL +0.01845  规则 11.5%  312 步/秒
      · 采样  1024/4096  546 步/秒  已完局 21  回报 +9.43
      · 采样  2048/4096  568 步/秒  已完局 41  回报 +9.80
      · 采样  3072/4096  566 步/秒  已完局 63  回报 +10.57
  upd   36 step  147456  回报 +10.47  胜率 0.81  π损失 -0.0028  V损失 1.7959  熵 0.283  KL +0.02516  规则 11.5%  313 步/秒
      · 采样  1024/4096  591 步/秒  已完局 21  回报 +9.00
      · 采样  2048/4096  509 步/秒  已完局 41  回报 +9.12
      · 采样  3072/4096  561 步/秒  已完局 62  回报 +9.15
  upd   37 step  151552  回报 +9.68  胜率 0.73  π损失 +0.0017  V损失 2.1057  熵 0.333  KL +0.02692  规则 11.9%  314 步/秒
      · 采样  1024/4096  566 步/秒  已完局 21  回报 +9.38
      · 采样  2048/4096  537 步/秒  已完局 43  回报 +10.02
      · 采样  3072/4096  550 步/秒  已完局 64  回报 +8.78
  upd   38 step  155648  回报 +9.06  胜率 0.67  π损失 -0.0047  V损失 2.1860  熵 0.343  KL +0.02389  规则 12.1%  315 步/秒
      · 采样  1024/4096  640 步/秒  已完局 21  回报 +8.24
      · 采样  2048/4096  565 步/秒  已完局 42  回报 +9.19
      · 采样  3072/4096  587 步/秒  已完局 62  回报 +10.08
  upd   39 step  159744  回报 +9.81  胜率 0.75  π损失 +0.0017  V损失 2.2051  熵 0.296  KL +0.02156  规则 11.6%  316 步/秒
      · 采样  1024/4096  540 步/秒  已完局 20  回报 +10.20
      · 采样  2048/4096  592 步/秒  已完局 41  回报 +10.12
      · 采样  3072/4096  579 步/秒  已完局 61  回报 +10.54
  upd   40 step  163840  回报 +10.44  胜率 0.77  π损失 -0.0011  V损失 1.8714  熵 0.284  KL +0.01867  规则 11.4%  317 步/秒
  ── 评测(update 40)──
     official_baseline 得分率 0.900  (36胜/0平/4负)  净胜分 +8.62  回报 +16.45
     official_hunter 得分率 0.825  (33胜/0平/7负)  净胜分 +4.47  回报 +12.78
     official_stalker 得分率 1.000  (40胜/0平/0负)  净胜分 +9.68  回报 +13.65
     official_patrol 得分率 1.000  (40胜/0平/0负)  净胜分 +22.38  回报 +23.38
     official_ambusher 得分率 0.975  (39胜/0平/1负)  净胜分 +10.43  回报 +13.78
     official_weaver 得分率 1.000  (40胜/0平/0负)  净胜分 +13.82  回报 +16.15
     rl_v5      得分率 0.500  (20胜/0平/20负)  净胜分 +1.25  回报 +6.08
     m3_v1      得分率 0.575  (23胜/0平/17负)  净胜分 -0.30  回报 +8.55
     m3_v2      得分率 0.650  (26胜/0平/14负)  净胜分 +1.70  回报 +10.40
     rl_VG_v0.2 得分率 0.975  (39胜/0平/1负)  净胜分 +6.45  回报 +11.97
     rl_best040 得分率 0.975  (39胜/0平/1负)  净胜分 +5.25  回报 +11.53
     rl_VG_v1.0 得分率 0.925  (37胜/0平/3负)  净胜分 +10.00  回报 +14.78
     快照闸门开(官方胜率 0.717,需 >0.50)
     配重 official_baseline=6.0% official_hunter=12.3% official_stalker=2.7% official_patrol=1.8% official_ambusher=2.4% official_weaver=1.8% rl_v5=27.9% rl_VG_v0.2=6.0% rl_best040=6.0% rl_VG_v1.0=12.6% snap0=10.2% snap1=10.2%
     ★ 新最优(综合得分率 0.8583)→ best.npz
    -> 加入快照对手,联盟 = ['official_baseline', 'official_hunter', 'official_stalker', 'official_patrol', 'official_ambusher', 'official_weaver', 'rl_v5', 'rl_VG_v0.2', 'rl_best040', 'rl_VG_v1.0', 'snap1', 'snap2']
       采样占比 official_baseline=6.0% official_hunter=12.3% official_stalker=2.7% official_patrol=1.8% official_ambusher=2.4% official_weaver=1.8% rl_v5=27.9% rl_VG_v0.2=6.0% rl_best040=6.0% rl_VG_v1.0=12.6% snap1=10.2% snap2=10.2%
      · 采样  1024/4096  541 步/秒  已完局 21  回报 +10.48
      · 采样  2048/4096  565 步/秒  已完局 41  回报 +10.41
      · 采样  3072/4096  564 步/秒  已完局 62  回报 +10.48
  upd   41 step  167936  回报 +10.41  胜率 0.76  π损失 -0.0051  V损失 2.1873  熵 0.290  KL +0.01697  规则 11.5%  295 步/秒
      · 采样  1024/4096  532 步/秒  已完局 20  回报 +8.95
      · 采样  2048/4096  533 步/秒  已完局 40  回报 +10.35
      · 采样  3072/4096  578 步/秒  已完局 61  回报 +10.51
  upd   42 step  172032  回报 +9.53  胜率 0.72  π损失 -0.0034  V损失 2.4944  熵 0.305  KL +0.01740  规则 11.8%  296 步/秒
      · 采样  1024/4096  521 步/秒  已完局 20  回报 +7.15
      · 采样  2048/4096  586 步/秒  已完局 40  回报 +7.83
      · 采样  3072/4096  519 步/秒  已完局 61  回报 +7.44
  upd   43 step  176128  回报 +8.81  胜率 0.63  π损失 -0.0036  V损失 2.5128  熵 0.291  KL +0.00992  规则 11.9%  297 步/秒
      · 采样  1024/4096  544 步/秒  已完局 21  回报 +10.86
      · 采样  2048/4096  567 步/秒  已完局 41  回报 +9.83
      · 采样  3072/4096  559 步/秒  已完局 61  回报 +10.13
  upd   44 step  180224  回报 +9.93  胜率 0.69  π损失 -0.0034  V损失 2.2921  熵 0.311  KL +0.01727  规则 12.0%  298 步/秒
      · 采样  1024/4096  538 步/秒  已完局 21  回报 +10.14
      · 采样  2048/4096  526 步/秒  已完局 41  回报 +10.46
      · 采样  3072/4096  682 步/秒  已完局 61  回报 +10.26
  upd   45 step  184320  回报 +9.86  胜率 0.77  π损失 -0.0042  V损失 2.2925  熵 0.324  KL +0.02073  规则 12.0%  300 步/秒
      · 采样  1024/4096  590 步/秒  已完局 20  回报 +12.30
      · 采样  2048/4096  593 步/秒  已完局 41  回报 +11.15
      · 采样  3072/4096  525 步/秒  已完局 61  回报 +10.92
  upd   46 step  188416  回报 +10.76  胜率 0.79  π损失 -0.0009  V损失 1.9600  熵 0.341  KL +0.02365  规则 11.8%  301 步/秒
      · 采样  1024/4096  632 步/秒  已完局 20  回报 +10.55
      · 采样  2048/4096  631 步/秒  已完局 40  回报 +10.82
      · 采样  3072/4096  558 步/秒  已完局 61  回报 +11.33
  upd   47 step  192512  回报 +10.77  胜率 0.78  π损失 -0.0018  V损失 2.0727  熵 0.297  KL +0.02653  规则 11.5%  302 步/秒
      · 采样  1024/4096  491 步/秒  已完局 20  回报 +9.60
      · 采样  2048/4096  495 步/秒  已完局 41  回报 +9.17
      · 采样  3072/4096  548 步/秒  已完局 62  回报 +9.63
  upd   48 step  196608  回报 +8.90  胜率 0.71  π损失 +0.0015  V损失 2.1622  熵 0.260  KL +0.01950  规则 11.7%  302 步/秒
      · 采样  1024/4096  562 步/秒  已完局 20  回报 +12.95
      · 采样  2048/4096  582 步/秒  已完局 41  回报 +12.22
      · 采样  3072/4096  590 步/秒  已完局 62  回报 +11.82
  upd   49 step  200704  回报 +11.52  胜率 0.82  π损失 -0.0010  V损失 1.8222  熵 0.278  KL +0.02152  规则 12.0%  304 步/秒
  ── 评测(update 49)──
     official_baseline 得分率 1.000  (40胜/0平/0负)  净胜分 +9.20  回报 +17.12
     official_hunter 得分率 0.750  (30胜/0平/10负)  净胜分 +3.52  回报 +11.72
     official_stalker 得分率 1.000  (40胜/0平/0负)  净胜分 +11.25  回报 +15.57
     official_patrol 得分率 0.975  (39胜/0平/1负)  净胜分 +18.45  回报 +19.40
     official_ambusher 得分率 1.000  (40胜/0平/0负)  净胜分 +13.57  回报 +17.77
     official_weaver 得分率 1.000  (40胜/0平/0负)  净胜分 +15.30  回报 +17.27
     rl_v5      得分率 0.675  (27胜/0平/13负)  净胜分 +2.50  回报 +7.17
     m3_v1      得分率 0.550  (22胜/0平/18负)  净胜分 +0.30  回报 +8.65
     m3_v2      得分率 0.650  (26胜/0平/14负)  净胜分 +2.35  回报 +10.85
     rl_VG_v0.2 得分率 1.000  (40胜/0平/0负)  净胜分 +6.88  回报 +12.53
     rl_best040 得分率 0.750  (30胜/0平/10负)  净胜分 +2.85  回报 +9.55
     rl_VG_v1.0 得分率 0.900  (36胜/0平/4负)  净胜分 +11.80  回报 +16.40
     快照闸门开(官方胜率 0.742,需 >0.50)
     配重 official_baseline=4.3% official_hunter=13.9% official_stalker=2.3% official_patrol=2.4% official_ambusher=2.1% official_weaver=1.8% rl_v5=27.9% rl_VG_v0.2=4.3% rl_best040=10.2% rl_VG_v1.0=10.5% snap1=10.2% snap2=10.2%
[rl_monet_v1] 完成:200704 步,权重在 runs\v1.1\final.npz
[rl_monet_v1] 曲线已写入 runs\v1.1\curves.png
